info depth 1 seldepth 2 multipv 1 score cp 15 wdl 37 951 12 nodes 75 hashfull 0 tbhits 0 pv d2d4
info depth 1 seldepth 2 multipv 2 score cp 12 wdl 32 954 14 nodes 75 hashfull 0 tbhits 0 pv g1f3
info depth 1 seldepth 2 multipv 3 score cp 11 wdl 32 954 14 nodes 75 hashfull 0 tbhits 0 pv e2e4
info depth 2 seldepth 3 multipv 1 score cp 24 wdl 51 940 9 nodes 184 hashfull 0 tbhits 0 pv d2d4
info depth 2 seldepth 6 multipv 2 score cp 19 wdl 43 947 10 nodes 184 hashfull 0 tbhits 0 pv e2e4
info depth 2 seldepth 3 multipv 3 score cp 15 wdl 38 950 12 nodes 184 hashfull 0 tbhits 0 pv g1f3 c7c6
info depth 3 seldepth 4 multipv 1 score cp 29 wdl 60 933 7 nodes 950 hashfull 0 tbhits 0 pv d2d4
info depth 3 seldepth 4 multipv 2 score cp 19 wdl 43 947 10 nodes 950 hashfull 0 tbhits 0 pv e2e4 g8f6 b1c3
info depth 3 seldepth 4 multipv 3 score cp 9 wdl 30 955 15 nodes 950 hashfull 0 tbhits 0 pv g1f3 d7d5
info depth 4 seldepth 12 multipv 1 score cp 22 wdl 48 943 9 nodes 2921 hashfull 1 tbhits 0 pv e2e4 e7e5 g1f3
info depth 4 seldepth 9 multipv 2 score cp 14 wdl 36 952 12 nodes 2921 hashfull 1 tbhits 0 pv c2c4 e7e5 g1f3
info depth 4 seldepth 6 multipv 3 score cp 10 wdl 31 955 14 nodes 2921 hashfull 1 tbhits 0 pv e2e3
info depth 5 seldepth 12 multipv 1 score cp 23 wdl 50 941 9 nodes 5408 hashfull 1 tbhits 0 pv e2e4 e7e5 g1f3
info depth 5 seldepth 8 multipv 2 score cp 14 wdl 35 952 13 nodes 5408 hashfull 1 tbhits 0 pv c2c4 e7e5 g1f3 e5e4 f3d4
info depth 5 seldepth 9 multipv 3 score cp 10 wdl 31 954 15 nodes 5408 hashfull 1 tbhits 0 pv d2d4
info depth 6 seldepth 14 multipv 1 score cp 18 wdl 41 948 11 nodes 7938 hashfull 2 tbhits 0 pv e2e4 e7e5 g1f3 b8c6 d2d4 e5d4 f3d4
info depth 6 seldepth 8 multipv 2 score cp 13 wdl 35 952 13 nodes 7938 hashfull 2 tbhits 0 pv c2c4 g8f6 d2d4 e7e6 b1c3
info depth 6 seldepth 9 multipv 3 score cp 12 wdl 33 954 13 nodes 7938 hashfull 2 tbhits 0 pv d2d4 g8f6 c2c4 e7e6 b1c3 d7d5 c4d5 e6d5
info depth 7 seldepth 9 multipv 1 score cp 18 wdl 41 948 11 nodes 9860 hashfull 2 tbhits 0 pv e2e4 e7e5 g1f3 b8c6 d2d4 e5d4 f3d4
info depth 7 seldepth 11 multipv 2 score cp 18 wdl 41 948 11 nodes 9860 hashfull 2 tbhits 0 pv d2d4 g8f6 c2c4 c7c6 b1c3 d7d5 g1f3 d5c4
info depth 7 seldepth 9 multipv 3 score cp 12 wdl 32 954 14 nodes 9860 hashfull 2 tbhits 0 pv e2e3 d7d5 c2c4 e7e6 c4d5 e6d5
info depth 8 seldepth 11 multipv 1 score cp 18 wdl 41 948 11 nodes 18629 hashfull 3 tbhits 0 pv d2d4 g8f6 c2c4 c7c6 b1c3 d7d5 g1f3 b8d7 c4d5 c6d5
info depth 8 seldepth 19 multipv 2 score cp 15 wdl 37 951 12 nodes 18629 hashfull 3 tbhits 0 pv e2e4 e7e5 g1f3 b8c6 f1b5 g8f6 b1c3 f8b4 e1g1 e8g8 b5c6 d7c6 f1e1
info depth 8 seldepth 13 multipv 3 score cp 5 wdl 25 957 18 nodes 18629 hashfull 3 tbhits 0 pv e2e3 g8f6 c2c4 e7e5
info depth 9 seldepth 16 multipv 1 score cp 19 wdl 42 948 10 nodes 28409 hashfull 6 tbhits 0 pv e2e4 c7c5 g1f3 b8c6 f1b5 e7e6 e1g1
info depth 9 seldepth 15 multipv 2 score cp 15 wdl 37 951 12 nodes 28409 hashfull 6 tbhits 0 pv d2d4 d7d5 c2c4 e7e6 b1c3 g8f6 g1f3 b8d7
info depth 9 seldepth 16 multipv 3 score cp 10 wdl 31 955 14 nodes 28409 hashfull 6 tbhits 0 pv g1f3 g8f6 d2d4 e7e6 c2c4 d7d5 b1c3 b8d7 c1f4 d5c4
info depth 10 seldepth 15 multipv 1 score cp 15 wdl 38 950 12 nodes 42116 hashfull 10 tbhits 0 pv e2e4 e7e5 g1f3 b8c6 b1c3 g8f6 f1b5 f8b4 e1g1 e8g8 b5c6 d7c6 f1e1
info depth 10 seldepth 18 multipv 2 score cp 14 wdl 36 952 12 nodes 42116 hashfull 10 tbhits 0 pv d2d4 d7d5 c2c4 e7e6 c4d5
info depth 10 seldepth 16 multipv 3 score cp 9 wdl 30 955 15 nodes 42116 hashfull 10 tbhits 0 pv g1f3 g8f6 d2d4 d7d5 c2c4 c7c6 c4d5 c6d5 c1f4 c8f5
info depth 11 seldepth 17 multipv 1 score cp 16 wdl 39 950 11 nodes 52206 hashfull 12 tbhits 0 pv e2e4 e7e5 g1f3 b8c6 d2d4 e5d4 f3d4 g8f6 b1c3 f8b4 d4c6 b7c6
info depth 11 seldepth 19 multipv 2 score cp 14 wdl 36 952 12 nodes 52206 hashfull 12 tbhits 0 pv d2d4 d7d5 c2c4 e7e6 b1c3 g8f6 g1f3 f8e7 c1g5 e8g8
info depth 11 seldepth 17 multipv 3 score cp 12 wdl 33 954 13 nodes 52206 hashfull 12 tbhits 0 pv g1f3 g8f6 d2d4 e7e6 c2c4 d7d5 b1c3 f8e7 c1g5 e8g8
info depth 12 seldepth 13 multipv 1 score cp 16 wdl 39 950 11 nodes 64196 hashfull 14 tbhits 0 pv e2e4 e7e5 g1f3 b8c6 d2d4 e5d4 f3d4 g8f6 b1c3 f8b4 d4c6 b7c6
info depth 12 seldepth 19 multipv 2 score cp 16 wdl 39 950 11 nodes 64196 hashfull 14 tbhits 0 pv d2d4 d7d5 c2c4 e7e6 b1c3 f8e7 e2e3
info depth 12 seldepth 18 multipv 3 score cp 13 wdl 34 953 13 nodes 64196 hashfull 14 tbhits 0 pv g1f3 g8f6 d2d4 d7d5 c2c4 e7e6 b1c3 f8e7 c1g5 h7h6 g5h4 c7c5
bestmove e2e4 ponder e7e5
info depth 1 seldepth 9 multipv 1 score cp -10 wdl 15 955 30 nodes 315 hashfull 0 tbhits 0 pv e2a6 e6d5 c3d5 f6d5
info depth 1 seldepth 9 multipv 2 score cp -114 wdl 0 369 631 nodes 315 hashfull 0 tbhits 0 pv d5e6 e7e6 e2a6 e6e5
info depth 1 seldepth 3 multipv 3 score cp -117 wdl 0 339 661 nodes 315 hashfull 0 tbhits 0 pv d2g5
info depth 2 seldepth 6 multipv 1 score cp -39 wdl 5 906 89 nodes 1582 hashfull 0 tbhits 0 pv e2a6 b4c3
info depth 2 seldepth 6 multipv 2 score cp -114 wdl 0 369 631 nodes 1582 hashfull 0 tbhits 0 pv d5e6 e7e6 e2a6 e6e5
info depth 2 seldepth 6 multipv 3 score cp -149 wdl 0 133 867 nodes 1582 hashfull 0 tbhits 0 pv d2g5 b4c3 e2a6
info depth 3 seldepth 6 multipv 1 score cp -75 wdl 1 724 275 nodes 2849 hashfull 0 tbhits 0 pv e2a6 b4c3 d2c3 e6d5
info depth 3 seldepth 5 multipv 2 score cp -114 wdl 0 369 631 nodes 2849 hashfull 0 tbhits 0 pv d5e6 e7e6 e2a6 e6e5
info depth 3 seldepth 6 multipv 3 score cp -155 wdl 0 110 890 nodes 2849 hashfull 0 tbhits 0 pv d2g5 b4c3 e2a6
info depth 4 seldepth 6 multipv 1 score cp -78 wdl 1 699 300 nodes 4605 hashfull 0 tbhits 0 pv e2a6 b4c3 d2c3 e6d5
info depth 4 seldepth 6 multipv 2 score cp -114 wdl 0 369 631 nodes 4605 hashfull 0 tbhits 0 pv d5e6 e7e6 e2a6 e6e5
info depth 4 seldepth 8 multipv 3 score cp -229 wdl 0 7 993 nodes 4605 hashfull 0 tbhits 0 pv e1g1 a6e2 c3e2 e6d5
info depth 5 seldepth 7 multipv 1 score cp -220 wdl 0 10 990 nodes 7859 hashfull 1 tbhits 0 pv d5e6 e7e6 e2a6 e6e5
info depth 5 seldepth 7 multipv 2 score cp -235 wdl 0 6 994 nodes 7859 hashfull 1 tbhits 0 pv e2a6 b4c3 d2c3 e6d5 e4d5 f6d5
info depth 5 seldepth 17 multipv 3 score cp -296 wdl 0 1 999 nodes 7859 hashfull 1 tbhits 0 pv d5d6 c7d6 e2a6
info depth 6 seldepth 11 multipv 1 score cp -135 wdl 0 209 791 nodes 11129 hashfull 2 tbhits 0 pv e2a6 b4c3 d2c3 e6d5
info depth 6 seldepth 9 multipv 2 score cp -283 wdl 0 1 999 nodes 11129 hashfull 2 tbhits 0 pv d5e6 e7e6 e2a6 e6e5 c3b5 f6e4
info depth 6 seldepth 9 multipv 3 score cp -332 wdl 0 0 1000 nodes 11129 hashfull 2 tbhits 0 pv c3a4 e6d5
info depth 7 seldepth 11 multipv 1 score cp -94 wdl 1 555 444 nodes 13970 hashfull 4 tbhits 0 pv e2a6 b4c3 d2c3 e6d5
info depth 7 seldepth 11 multipv 2 score cp -273 wdl 0 1 999 nodes 13970 hashfull 4 tbhits 0 pv d5e6 e7e6 e2a6 e6e5 c3e2 f6e4 d2b4
info depth 7 seldepth 16 multipv 3 score cp -355 wdl 0 0 1000 nodes 13970 hashfull 4 tbhits 0 pv d2f4 e6d5 c3d5 f6d5
info depth 8 seldepth 14 multipv 1 score cp -118 wdl 0 330 670 nodes 18754 hashfull 6 tbhits 0 pv e2a6 b4c3 d2c3 e6d5 e5g4 h3g2 f3g2 f6g4
info depth 8 seldepth 8 multipv 2 score cp -137 wdl 0 194 806 nodes 18754 hashfull 6 tbhits 0 pv d5e6 e7e6 e2a6 e6e5 d2f4 e5a5
info depth 8 seldepth 12 multipv 3 score cp -391 wdl 0 0 1000 nodes 18754 hashfull 6 tbhits 0 pv d2f4 e6d5 c3d5 f6d5 e4d5 h3g2
info depth 9 seldepth 11 multipv 1 score cp -104 wdl 0 458 542 nodes 21211 hashfull 7 tbhits 0 pv e2a6 h3g2 f3g2 b4c3 d2c3 e6d5
info depth 9 seldepth 13 multipv 2 score cp -138 wdl 0 188 812 nodes 21211 hashfull 7 tbhits 0 pv d5e6 e7e6 e2a6 h3g2 f3g2 e6e5 c3b5 f6e4 d2b4 e4c5 e1f1 c5a6
info depth 9 seldepth 14 multipv 3 score cp -402 wdl 0 0 1000 nodes 21211 hashfull 7 tbhits 0 pv d2f4 b4c3 e2a6 c3b2
info depth 10 seldepth 22 multipv 1 score cp -158 wdl 0 97 903 nodes 88135 hashfull 27 tbhits 0 pv d5e6 e7e6 e2a6 h3g2 f3g2 e6e5 f2f4 e5a5 e4e5
info depth 10 seldepth 22 multipv 2 score cp -183 wdl 0 40 960 nodes 88135 hashfull 27 tbhits 0 pv e2a6 h3g2 h1g1 b4c3 d2c3 h8h4 g1g2 e6d5 e5g4 f6g4 c3g7 g4h2 f3g3 e7e4 a6e2 h2f3 g3f3 e4f3 e2f3
info depth 10 seldepth 13 multipv 3 score cp -390 wdl 0 0 1000 nodes 88135 hashfull 27 tbhits 0 pv d2g5 b4c3 e5g4
info depth 11 seldepth 20 multipv 1 score cp -167 wdl 0 71 929 nodes 151124 hashfull 42 tbhits 0 pv d5e6 e7e6 e2a6 h3g2 f3g2 e6e5 f2f4 e5a5 a6b7 b4c3 d2c3 a5c5 b7a8 b6a8 e4e5 c5e3 g2e2 e3e2 e1e2
info depth 11 seldepth 27 multipv 2 score cp -237 wdl 0 5 995 nodes 151124 hashfull 42 tbhits 0 pv e2a6 h3g2 f3g2 b4c3 d2c3 e6d5 e5d3 d5e4 e1c1 e8f8 d1e1 b6a4 c3b4 d7d6 f2f3 a8b8 b4a3 c7c5
info depth 11 seldepth 20 multipv 3 score cp -429 wdl 0 0 1000 nodes 151124 hashfull 42 tbhits 0 pv c3b5 a6b5 e2b5 e6d5 e5c6 d5e4 c6e7 e4f3 e1c1 h3g2
bestmove d5e6 ponder e7e6
info depth 0 score cp 0
bestmove (none)
info depth 0 score mate 0
bestmove (none)
