invalid-piece    terminated=true Invalid FEN. Invalid piece: o
too-many-pawns   terminated=true Unsupported position. BLACK has more than 8 pawns.
too-many-pieces  terminated=true Unsupported position. Too many pieces for WHITE.
bad-side-to-move terminated=true Invalid FEN. Invalid side to move: x
bad-castling     terminated=true Invalid FEN. Expected castling rights. Got: X
bad-en-passant   terminated=true Invalid FEN. Invalid en-passant square.
no-kings         terminated=true Unsupported position. Incorrect number of kings.
short-board      terminated=true Invalid FEN. Board state encoding ended but cursor not at end.
