sudden-death depth=19 score=cp 39 nodes=253167 bestmove=e2e4 ponder=e7e5
movestogo    depth=19 score=cp 39 nodes=253167 bestmove=e2e4 ponder=e7e5
with-inc     depth=18 score=cp 31 nodes=355570 bestmove=e2e4 ponder=e7e5
endgame-sd   depth=12 score=cp 29 nodes=206859 bestmove=b4f4 ponder=h4g3
movetime     depth=5 score=cp 27 nodes=770 bestmove=e2e4 ponder=e7e5
