sudden-death depth=18 score=cp 33 nodes=240162 bestmove=e2e4 ponder=c7c5
movestogo    depth=18 score=cp 33 nodes=240162 bestmove=e2e4 ponder=c7c5
with-inc     depth=21 score=cp 27 nodes=411981 bestmove=e2e4 ponder=e7e5
endgame-sd   depth=13 score=cp 22 nodes=172298 bestmove=b4f4 ponder=h4g3
movetime     depth=19 score=cp 26 nodes=300404 bestmove=e2e4 ponder=c7c5
black-asym   depth=11 score=cp -25 nodes=25289 bestmove=e7e6 ponder=g1f3
white-asym   depth=13 score=cp 14 nodes=12245 bestmove=e2e4 ponder=e7e5
black-mtg    depth=19 score=cp -29 nodes=381348 bestmove=e7e5 ponder=g1f3
movestogo-1  depth=31 score=cp 17 nodes=5264383 bestmove=d2d4 ponder=g8f6
