info depth 1 seldepth 2 multipv 1 score cp 35 nodes 20 hashfull 0 tbhits 0 pv d2d4
info depth 2 seldepth 3 multipv 1 score cp 55 nodes 47 hashfull 0 tbhits 0 pv d2d4
info depth 3 seldepth 2 multipv 1 score cp 55 nodes 68 hashfull 0 tbhits 0 pv d2d4
info depth 4 seldepth 4 multipv 1 score cp 24 nodes 1082 hashfull 0 tbhits 0 pv d2d4 d7d5 g1f3
info depth 5 seldepth 9 multipv 1 score cp 18 nodes 2350 hashfull 0 tbhits 0 pv e2e4
info depth 6 seldepth 10 multipv 1 score cp 18 nodes 2717 hashfull 0 tbhits 0 pv e2e4 c7c5 c2c3 g8f6
info depth 7 seldepth 10 multipv 1 score cp 17 nodes 2865 hashfull 0 tbhits 0 pv e2e4 c7c5 c2c3 b8c6 d2d4 c5d4 c3d4 d7d5 e4e5
info depth 8 seldepth 10 multipv 1 score cp 17 nodes 2975 hashfull 0 tbhits 0 pv e2e4 c7c5 c2c3 b8c6 d2d4 c5d4 c3d4 d7d5
info depth 9 seldepth 10 multipv 1 score cp 17 nodes 3318 hashfull 1 tbhits 0 pv e2e4 c7c5 c2c3 b8c6 d2d4 c5d4 c3d4 d7d5 e4e5
info depth 10 seldepth 13 multipv 1 score cp 38 nodes 5734 hashfull 1 tbhits 0 pv e2e4 e7e5 g1f3 d7d5 f3e5 d5e4 b1c3 g8f6
info depth 11 seldepth 12 multipv 1 score cp 38 nodes 6358 hashfull 1 tbhits 0 pv e2e4 e7e5 b1c3 g8f6 g1f3 b8c6 d2d4 e5d4
info depth 12 seldepth 12 multipv 1 score cp 37 nodes 7130 hashfull 1 tbhits 0 pv e2e4 e7e5 b1c3 f8c5 g1f3 b8c6 f1c4 g8f6 e1g1 d7d6
info depth 13 seldepth 21 multipv 1 score cp 25 nodes 38859 hashfull 10 tbhits 0 pv e2e4 e7e6 d2d4 d7d5 e4e5 c7c5 c2c3 b8c6
bestmove e2e4 ponder e7e6
info depth 1 seldepth 9 multipv 1 score cp -133 nodes 169 hashfull 0 tbhits 0 pv e2a6 b4c3 d2c3 e6d5
info depth 2 seldepth 6 multipv 1 score cp -133 nodes 234 hashfull 0 tbhits 0 pv e2a6 b4c3 d2c3 e6d5
info depth 3 seldepth 6 multipv 1 score cp -133 nodes 291 hashfull 0 tbhits 0 pv e2a6 b4c3 d2c3 e6d5
info depth 4 seldepth 6 multipv 1 score cp -133 nodes 357 hashfull 0 tbhits 0 pv e2a6 b4c3 d2c3 e6d5
info depth 5 seldepth 8 multipv 1 score cp -273 nodes 1739 hashfull 0 tbhits 0 pv d5e6 e7e6 e2a6 e6e5
info depth 6 seldepth 9 multipv 1 score cp -196 nodes 1875 hashfull 0 tbhits 0 pv d5e6 e7e6 e2a6 e6e5 c3e2
info depth 7 seldepth 7 multipv 1 score cp -184 nodes 1996 hashfull 0 tbhits 0 pv d5e6 e7e6 e2a6 e6e5 c3e2
info depth 8 seldepth 12 multipv 1 score cp -184 nodes 2990 hashfull 0 tbhits 0 pv e2a6 h3g2 f3g2 b4c3 d2c3 e6d5
info depth 9 seldepth 17 multipv 1 score cp -175 nodes 3514 hashfull 0 tbhits 0 pv e2a6 h3g2 f3g2 b4c3 d2c3 e6d5
info depth 10 seldepth 15 multipv 1 score cp -175 nodes 3693 hashfull 1 tbhits 0 pv e2a6 h3g2 f3g2 b4c3 d2c3 e6d5 e5g4 d5e4 g4f6 g7f6 c3f6 e7f6
info depth 11 seldepth 25 multipv 1 score cp -220 nodes 21405 hashfull 7 tbhits 0 pv e2a6 h3g2 h1g1 b4c3 d2c3 h8h4 f3g2 e6d5 f2f3 f6h5 e5g6 g7c3 b2c3 f7g6 g2g6 e7f7
info depth 12 seldepth 27 multipv 1 score cp -222 nodes 41982 hashfull 13 tbhits 0 pv e2a6 b4c3 d2c3 h3g2 f3g2 e6d5 e1g1 f6e4 e5c6 d7c6 c3g7 h8h5 g1h1 f7f6 g2g6 e7f7
info depth 13 seldepth 13 multipv 1 score cp -222 nodes 42429 hashfull 13 tbhits 0 pv e2a6 b4c3 d2c3 h3g2 f3g2 e6d5 e1g1 f6e4 e5c6 d7c6 c3g7 h8h5
bestmove e2a6 ponder b4c3
info depth 1 seldepth 3 multipv 1 score cp 72 nodes 17 hashfull 0 tbhits 0 pv b4f4 h4g3
info depth 2 seldepth 3 multipv 1 score cp 72 nodes 48 hashfull 0 tbhits 0 pv b4f4 h4g3
info depth 3 seldepth 5 multipv 1 score cp 87 nodes 74 hashfull 0 tbhits 0 pv b4f4 h4g3
info depth 4 seldepth 5 multipv 1 score cp 94 nodes 100 hashfull 0 tbhits 0 pv b4f4 h4g3
info depth 5 seldepth 5 multipv 1 score cp 105 nodes 139 hashfull 0 tbhits 0 pv b4f4 h4g3 f4f3 g3g2
info depth 6 seldepth 6 multipv 1 score cp 136 nodes 189 hashfull 0 tbhits 0 pv b4f4 h4g3 f4f3 g3g2
info depth 7 seldepth 6 multipv 1 score cp 154 nodes 238 hashfull 0 tbhits 0 pv b4f4 h4g3 f4f3 g3g2
info depth 8 seldepth 9 multipv 1 score cp 173 nodes 394 hashfull 0 tbhits 0 pv b4f4 h4g3 f4f3 g3g2 f3f7 h5c5
info depth 9 seldepth 13 multipv 1 score cp 178 nodes 1756 hashfull 0 tbhits 0 pv b4f4 h4g3 f4c4 h5c5 a5b4 c5c4 b4c4 g3g2
info depth 10 seldepth 9 multipv 1 score cp 178 nodes 1839 hashfull 0 tbhits 0 pv b4f4 h4g3 f4c4 h5c5 a5b4 c5c4 b4c4 g3g2
info depth 11 seldepth 20 multipv 1 score cp 103 nodes 12676 hashfull 3 tbhits 0 pv b4f4 h4g3 f4c4 h5h7 a5a6 g3g2 c4c3 g2f1
info depth 12 seldepth 27 multipv 1 score cp 18 nodes 119250 hashfull 34 tbhits 0 pv b4f4 h4g3 f4f3 g3g2 a5a6 h5c5 f3f6 c5e5 f6f7 e5c5 e2e4 g2g3 f7f5 g3g4
info depth 13 seldepth 28 multipv 1 score cp 10 nodes 375237 hashfull 90 tbhits 0 pv b4f4 h4g3 f4c4 h5h7 a5a6 g3g2 a6b7 h7h5 b7c7 h5b5 c7d6 g2g3 e2e4
bestmove b4f4 ponder h4g3
info depth 1 seldepth 9 multipv 1 score cp 9 nodes 67 hashfull 0 tbhits 0 pv c5d4
info depth 2 seldepth 9 multipv 1 score cp 0 nodes 355 hashfull 0 tbhits 0 pv f5d3 f1f8 d6f8
info depth 3 seldepth 7 multipv 1 score cp 0 nodes 401 hashfull 0 tbhits 0 pv f5d3 f1f8 d6f8
info depth 4 seldepth 7 multipv 1 score cp 3 nodes 479 hashfull 0 tbhits 0 pv f5d3 f1f8 d6f8
info depth 5 seldepth 7 multipv 1 score cp 5 nodes 548 hashfull 0 tbhits 0 pv f5d3 f1f8 d6f8
info depth 6 seldepth 7 multipv 1 score cp 9 nodes 666 hashfull 0 tbhits 0 pv f5d3 f1f8 d6f8
info depth 7 seldepth 7 multipv 1 score cp 13 nodes 757 hashfull 0 tbhits 0 pv f5d3 f1f8 d6f8
info depth 8 seldepth 7 multipv 1 score cp 25 nodes 904 hashfull 0 tbhits 0 pv f5d3 f1f8 d6f8
info depth 9 seldepth 12 multipv 1 score cp 21 nodes 1401 hashfull 0 tbhits 0 pv f5d3 f1f8 e8f8 h6e3 d3c4 g3e4 c5d4 e4d6 d4e3 d2e3
info depth 10 seldepth 14 multipv 1 score cp 18 nodes 3661 hashfull 1 tbhits 0 pv f5d3 f1f8 d6f8 h6h4 e5d4 e1e8 f8e8 c3d4 d3c4 g3e4 c4a2
info depth 11 seldepth 12 multipv 1 score cp 18 nodes 3771 hashfull 1 tbhits 0 pv f5d3 f1f8 d6f8 h6h4 e5d4 e1e8 f8e8 c3d4 d3c4 g3e4
info depth 12 seldepth 23 multipv 1 score cp 8 nodes 22638 hashfull 5 tbhits 0 pv f5d3 f1f8 d6f8 h6h4 f8f7 h2h3 e5d4 e1e8 f7e8 c3d4 d3c4 g3e4 c4d5 e4c5 d7c5 d4c5
info depth 13 seldepth 17 multipv 1 score cp 8 nodes 24344 hashfull 6 tbhits 0 pv f5d3 f1f8 d6f8 h6h4 f8f7 h2h3 e5d4 e1e8 f7e8 c3d4 d3c4 g3e4 c4d5
bestmove f5d3 ponder f1f8
info depth 1 seldepth 4 multipv 1 score cp -69 nodes 31 hashfull 0 tbhits 0 pv f7e6
info depth 2 seldepth 4 multipv 1 score cp -63 nodes 68 hashfull 0 tbhits 0 pv f7e6
info depth 3 seldepth 4 multipv 1 score cp -59 nodes 107 hashfull 0 tbhits 0 pv f7e6
info depth 4 seldepth 4 multipv 1 score cp -53 nodes 156 hashfull 0 tbhits 0 pv f7e6
info depth 5 seldepth 4 multipv 1 score cp -48 nodes 205 hashfull 0 tbhits 0 pv f7e6
info depth 6 seldepth 5 multipv 1 score cp -29 nodes 272 hashfull 0 tbhits 0 pv f7e6
info depth 7 seldepth 6 multipv 1 score cp 5 nodes 388 hashfull 0 tbhits 0 pv f7e6
info depth 8 seldepth 6 multipv 1 score cp 17 nodes 527 hashfull 0 tbhits 0 pv f7e6
info depth 9 seldepth 7 multipv 1 score cp 36 nodes 859 hashfull 0 tbhits 0 pv f7e6
info depth 10 seldepth 9 multipv 1 score cp 56 nodes 1352 hashfull 0 tbhits 0 pv f7e6
info depth 11 seldepth 9 multipv 1 score cp 59 nodes 1939 hashfull 0 tbhits 0 pv f7e6 d5e3 b8e8 f2f3
info depth 12 seldepth 13 multipv 1 score cp 63 nodes 4456 hashfull 0 tbhits 0 pv f7e6 d5f4 h7h6 f4e6 f8f2 d2d5 b8e8
info depth 13 seldepth 22 multipv 1 score cp 40 nodes 32397 hashfull 9 tbhits 0 pv f7e6 d5e3 b8e8 f2f3 b6a5 c2c3 b7b5 e3c2 a8b8 c1b1
bestmove f7e6 ponder d5e3
info depth 1 seldepth 2 multipv 1 score cp 190 nodes 33 hashfull 0 tbhits 0 pv g7g6
info depth 2 seldepth 4 multipv 1 score cp 182 nodes 102 hashfull 0 tbhits 0 pv g7g6 h5h3
info depth 3 seldepth 5 multipv 1 score cp 136 nodes 436 hashfull 0 tbhits 0 pv f4f3 g1h1 c8d7
info depth 4 seldepth 4 multipv 1 score cp 148 nodes 488 hashfull 0 tbhits 0 pv f4f3 g1h1
info depth 5 seldepth 5 multipv 1 score cp 183 nodes 550 hashfull 0 tbhits 0 pv f4f3 g1h1
info depth 6 seldepth 5 multipv 1 score cp 214 nodes 621 hashfull 0 tbhits 0 pv f4f3 g1h1 f8f4
info depth 7 seldepth 8 multipv 1 score cp 196 nodes 947 hashfull 0 tbhits 0 pv e7c6 f2f3 c6d4 b3f7
info depth 8 seldepth 12 multipv 1 score cp 180 nodes 1768 hashfull 0 tbhits 0 pv f4f3 g1h1 e7g6 c3d5 g6f4 d5f4 f8f4
info depth 9 seldepth 14 multipv 1 score cp 162 nodes 3657 hashfull 1 tbhits 0 pv f4f3 g1h1
info depth 10 seldepth 12 multipv 1 score cp 189 nodes 4413 hashfull 1 tbhits 0 pv f4f3 h5h4 d8e8 h2h3 e7g6 h4g3 g6f4
info depth 11 seldepth 13 multipv 1 score cp 186 nodes 7929 hashfull 2 tbhits 0 pv f4f3 h5h4 d8e8 h2h3 e7g6 h4g3 c8d7 c3d5 g6f4 d5c7
info depth 12 seldepth 16 multipv 1 score cp 208 nodes 9698 hashfull 2 tbhits 0 pv f4f3 h5h4 f8f6 g1h1 e7g6 h4g3 g6f4 g3f3
info depth 13 seldepth 22 multipv 1 score cp 235 nodes 17256 hashfull 6 tbhits 0 pv f4f3 h5h4 f8f6 d3d4 f6h6 h4g3 c8g4 d4e5 g4h3 g3f3 h6g6 g1h1 h3f1
bestmove f4f3 ponder h5h4
info depth 1 seldepth 2 multipv 1 score cp -50 nodes 49 hashfull 0 tbhits 0 pv b4b2
info depth 2 seldepth 3 multipv 1 score cp -38 nodes 103 hashfull 0 tbhits 0 pv b4b2
info depth 3 seldepth 3 multipv 1 score cp -34 nodes 161 hashfull 0 tbhits 0 pv b4b2
info depth 4 seldepth 5 multipv 1 score cp -35 nodes 393 hashfull 0 tbhits 0 pv b4b2 e3c5 b2b6
info depth 5 seldepth 5 multipv 1 score cp -31 nodes 542 hashfull 0 tbhits 0 pv b4b2 e3c5 b2b6
info depth 6 seldepth 7 multipv 1 score cp -38 nodes 803 hashfull 0 tbhits 0 pv b4b2 c3e2 b2b6 e3b6 c7b6
info depth 7 seldepth 9 multipv 1 score cp -30 nodes 2371 hashfull 1 tbhits 0 pv b4b2 e3d2 b2b6 d2f2 c6c5
info depth 8 seldepth 9 multipv 1 score cp -30 nodes 2556 hashfull 1 tbhits 0 pv b4b2 e3d2 b2b6 d2f2 b6a5 c3e2
info depth 9 seldepth 9 multipv 1 score cp -27 nodes 3069 hashfull 1 tbhits 0 pv b4b2 e3d2 b2b6 d2f2 b6a5 c3e2 f6g4
info depth 10 seldepth 10 multipv 1 score cp -24 nodes 4009 hashfull 1 tbhits 0 pv b4b2 e3d2 b2b6 d2f2 b6a5 c3e2 f6g4
info depth 11 seldepth 16 multipv 1 score cp -38 nodes 7802 hashfull 3 tbhits 0 pv b4b2 e3d2 b2b6 g1h1 c6c5 h2h3 f6d7 a2a3
info depth 12 seldepth 16 multipv 1 score cp -34 nodes 13926 hashfull 7 tbhits 0 pv b4b2 e3d2 b2b6 g1h1 c6c5 h2h3 f6d7 a2a4
info depth 13 seldepth 17 multipv 1 score cp -27 nodes 22669 hashfull 10 tbhits 0 pv b4b2 e3d2 b2b6 g1h1 c6c5 a1e1 f6d7 d2g5 h7h6
bestmove b4b2 ponder e3d2
info depth 1 seldepth 5 multipv 1 score cp 512 nodes 62 hashfull 0 tbhits 0 pv c4d6 e8d7
info depth 2 seldepth 6 multipv 1 score cp 459 nodes 132 hashfull 0 tbhits 0 pv f4g3 g8e7
info depth 3 seldepth 6 multipv 1 score cp 386 nodes 437 hashfull 0 tbhits 0 pv f4g3 g8e7 b5d4 c6d4 d1d4
info depth 4 seldepth 6 multipv 1 score cp 386 nodes 488 hashfull 0 tbhits 0 pv f4g3 g8e7 b5d4 c6d4 d1d4
info depth 5 seldepth 8 multipv 1 score cp 421 nodes 554 hashfull 0 tbhits 0 pv f4g3 g8e7 b5d4 c6d4 c4d6 e8f8 d1d4
info depth 6 seldepth 12 multipv 1 score cp 455 nodes 870 hashfull 0 tbhits 0 pv f4g3 c8e6
info depth 7 seldepth 12 multipv 1 score cp 462 nodes 966 hashfull 0 tbhits 0 pv f4g3 e8f8 b5d4 c6d4 d1d4 c8e6
info depth 8 seldepth 16 multipv 1 score cp 389 nodes 2485 hashfull 0 tbhits 0 pv f4e5 c6e5 c4e5 a7a6
info depth 9 seldepth 12 multipv 1 score cp 412 nodes 2597 hashfull 0 tbhits 0 pv f4e5 c6e5 c4e5 a7a6 b5d6 e8e7 f1c4 e7d6 e5f7 d6e7 f7h8
info depth 10 seldepth 18 multipv 1 score cp 345 nodes 6502 hashfull 1 tbhits 0 pv f4d6 g8e7 b5d4 c6d4 d1d4 e8g8 h2h4 c8e6 d4d2
info depth 11 seldepth 21 multipv 1 score cp 326 nodes 7351 hashfull 1 tbhits 0 pv c4d6 e8f8 f4g3 h7h5 h2h4 g5h4 g3h4 c8g4
info depth 12 seldepth 14 multipv 1 score cp 349 nodes 9880 hashfull 3 tbhits 0 pv c4d6 e8f8 f4g3 g8e7 b5d4 c6d4 d6c8 a8c8 d1d4 e7f5 d4d7 f5g3 f2g3
info depth 13 seldepth 25 multipv 1 score cp 402 nodes 25243 hashfull 8 tbhits 0 pv c4d6 e8f8 f4g3 h7h5 f1c4 h8h7 b5d4 c6d4 d1d4 d8b6 d4e4 g8f6 e4e5
bestmove c4d6 ponder e8f8
info depth 1 seldepth 2 multipv 1 score cp 27 nodes 56 hashfull 0 tbhits 0 pv a1e1
info depth 2 seldepth 3 multipv 1 score cp 44 nodes 113 hashfull 0 tbhits 0 pv a1e1
info depth 3 seldepth 2 multipv 1 score cp 44 nodes 164 hashfull 0 tbhits 0 pv a1e1
info depth 4 seldepth 4 multipv 1 score cp 57 nodes 244 hashfull 0 tbhits 0 pv a1e1
info depth 5 seldepth 4 multipv 1 score cp 80 nodes 316 hashfull 0 tbhits 0 pv a1e1
info depth 6 seldepth 8 multipv 1 score cp 81 nodes 741 hashfull 0 tbhits 0 pv f1f3 g7g6 h5h4
info depth 7 seldepth 10 multipv 1 score cp 3 nodes 1986 hashfull 0 tbhits 0 pv a1e1 g7g6 h5f3 e7f5 h2h3 f5e3 e1e3
info depth 8 seldepth 8 multipv 1 score cp 4 nodes 2495 hashfull 0 tbhits 0 pv a1e1 f7f5
info depth 9 seldepth 8 multipv 1 score cp 3 nodes 2595 hashfull 0 tbhits 0 pv a1e1 g7g6 h5f3 e7f5 h2h3 f5e3 e1e3
info depth 10 seldepth 10 multipv 1 score cp 25 nodes 3660 hashfull 0 tbhits 0 pv a1e1 g7g6 h5h6
info depth 11 seldepth 8 multipv 1 score cp 27 nodes 4047 hashfull 0 tbhits 0 pv a1e1 g7g6 h5h6 f7f6
info depth 12 seldepth 15 multipv 1 score cp 48 nodes 6224 hashfull 0 tbhits 0 pv a1e1 f7f6 b3c2 g7g6 h5h4
info depth 13 seldepth 11 multipv 1 score cp 59 nodes 7359 hashfull 1 tbhits 0 pv a1e1 f7f6 b3c2 g7g6 h5h4
bestmove a1e1 ponder f7f6
info depth 1 seldepth 5 multipv 1 score cp 131 nodes 69 hashfull 0 tbhits 0 pv a1e1
info depth 2 seldepth 4 multipv 1 score cp 209 nodes 130 hashfull 0 tbhits 0 pv a1e1
info depth 3 seldepth 5 multipv 1 score cp 152 nodes 439 hashfull 0 tbhits 0 pv f4f6 g7f6
info depth 4 seldepth 5 multipv 1 score cp 177 nodes 508 hashfull 0 tbhits 0 pv f4f6 g7f6
info depth 5 seldepth 5 multipv 1 score cp 210 nodes 586 hashfull 0 tbhits 0 pv f4f6 g7f6
info depth 6 seldepth 5 multipv 1 score cp 233 nodes 665 hashfull 0 tbhits 0 pv f4f6 g7f6 e3g3
info depth 7 seldepth 7 multipv 1 score cp 216 nodes 750 hashfull 0 tbhits 0 pv f4f6 g7f6 e3g3 f6f5 h2h3 e8e5
info depth 8 seldepth 13 multipv 1 score cp 117 nodes 2482 hashfull 0 tbhits 0 pv f4f6 g7f6 e3h6 f6f5 h2h3 e8e6 h6h4
info depth 9 seldepth 11 multipv 1 score cp 138 nodes 2707 hashfull 0 tbhits 0 pv f4f6 g7f6 e3h6 f6f5 h2h3 e8e6 h6h4
info depth 10 seldepth 11 multipv 1 score cp 170 nodes 3058 hashfull 0 tbhits 0 pv f4f6 g7f6 e3h6 f6f5 h2h3 e8e6 h6h4
info depth 11 seldepth 11 multipv 1 score cp 198 nodes 3421 hashfull 0 tbhits 0 pv f4f6 g7f6 e3h6 f6f5 h2h3 e8e6 h6h4
info depth 12 seldepth 19 multipv 1 score cp 115 nodes 9423 hashfull 2 tbhits 0 pv f4f6 g7f6 e3h6 f6f5 h2h3 e8e6 h6g5 e6g6 g5h4 c7e5
info depth 13 seldepth 28 multipv 1 score cp 195 nodes 25893 hashfull 6 tbhits 0 pv f4f6 g7f6 e3h6 f6f5 h2h3 e8e6 h6h4 c7e5 h3g4 e5e3 h4f2 f5g4 b3d4 e3f2 g1f2 e6f6 f2g3 a7d7 d4e2 d7d6 a1h1 f6h6 h1h6 d6h6 g3g4
bestmove f4f6 ponder g7f6
info depth 1 seldepth 9 multipv 1 score cp 161 nodes 73 hashfull 0 tbhits 0 pv d8h4 e1d2 e6d5
info depth 2 seldepth 6 multipv 1 score cp -79 nodes 504 hashfull 0 tbhits 0 pv e5g4 e2g4 h5g4
info depth 3 seldepth 5 multipv 1 score cp -121 nodes 550 hashfull 0 tbhits 0 pv e5g4 d1d3
info depth 4 seldepth 9 multipv 1 score cp -188 nodes 1514 hashfull 0 tbhits 0 pv e5g4 e1g1 a7a6
info depth 5 seldepth 8 multipv 1 score cp -196 nodes 1581 hashfull 0 tbhits 0 pv e5g4 e1g1 a7a6 b5c3
info depth 6 seldepth 8 multipv 1 score cp -147 nodes 1850 hashfull 0 tbhits 0 pv e5g4 e1g1 a7a6 b5d4
info depth 7 seldepth 7 multipv 1 score cp -195 nodes 2085 hashfull 0 tbhits 0 pv e5g4 f4f5 g6f5 e4f5 e6f5
info depth 8 seldepth 15 multipv 1 score cp -160 nodes 3371 hashfull 0 tbhits 0 pv e5g4 e1g1 f8g7
info depth 9 seldepth 13 multipv 1 score cp -146 nodes 4988 hashfull 0 tbhits 0 pv e5g4 e1g1 a7a6 f4f5 e6d5 c4d5
info depth 10 seldepth 16 multipv 1 score cp -145 nodes 11513 hashfull 1 tbhits 0 pv e5g4 d1d3 f8g7 h2h3 g4f6 e1g1 a7a6 f4f5 a6b5 f5e6 f7e6
info depth 11 seldepth 16 multipv 1 score cp -156 nodes 17091 hashfull 2 tbhits 0 pv e5g4 d1d3 a7a6 b5c3 e6d5 c3d5 f8g7 h2h3 g4f6 c1e3 f6d5
info depth 12 seldepth 24 multipv 1 score cp -169 nodes 73816 hashfull 26 tbhits 0 pv e5g4 e1g1 a7a6 b5c3
info depth 13 seldepth 19 multipv 1 score cp -161 nodes 85602 hashfull 30 tbhits 0 pv e5g4 c1d2 f8g7 d2c3 g4f6 e1g1 e8f8 e2f3 a7a6 b5d4 c6d4 d1d4 f6e8 d4d2 c7c6
bestmove e5g4 ponder c1d2
info depth 1 seldepth 2 multipv 1 score cp 26 nodes 35 hashfull 0 tbhits 0 pv d1d3
info depth 2 seldepth 7 multipv 1 score cp 29 nodes 96 hashfull 0 tbhits 0 pv d1d3
info depth 3 seldepth 5 multipv 1 score cp 31 nodes 147 hashfull 0 tbhits 0 pv d1d3
info depth 4 seldepth 6 multipv 1 score cp 31 nodes 834 hashfull 0 tbhits 0 pv a2a4
info depth 5 seldepth 5 multipv 1 score cp 34 nodes 900 hashfull 0 tbhits 0 pv a2a4 a8b8 a4b5 b8b5
info depth 6 seldepth 9 multipv 1 score cp 31 nodes 1005 hashfull 0 tbhits 0 pv a2a4 a8b8 d1d3 b5a4 a1a4 c7c5
info depth 7 seldepth 9 multipv 1 score cp 34 nodes 1505 hashfull 0 tbhits 0 pv a2a4 b5a4 b3c2 e7g6
info depth 8 seldepth 10 multipv 1 score cp 32 nodes 1793 hashfull 1 tbhits 0 pv a2a4 b5a4 b3a4 e7g6 a4c2
info depth 9 seldepth 13 multipv 1 score cp 33 nodes 7068 hashfull 3 tbhits 0 pv a2a4 a8b8 a4b5 b8b5 a1a3 c8b7 b3c2 b5b2
info depth 10 seldepth 10 multipv 1 score cp 36 nodes 9505 hashfull 3 tbhits 0 pv a2a4 a8b8 a4b5 b8b5 a1a3 e7g6
info depth 11 seldepth 16 multipv 1 score cp 34 nodes 17048 hashfull 5 tbhits 0 pv a2a4 c8b7 b3c2 c7c5 d4d5 c5c4 f3d4 e7g6 a4b5 a6b5 d4b5 a7e3 a1a8
info depth 12 seldepth 17 multipv 1 score cp 38 nodes 20250 hashfull 5 tbhits 0 pv a2a4 b5a4 a1a4 a8b8 d1d3
info depth 13 seldepth 17 multipv 1 score cp 37 nodes 22681 hashfull 6 tbhits 0 pv a2a4 b5a4 a1a4 a8b8 a4a3 c7c5 d4d5 c5c4 b3c2 a7c5
bestmove a2a4 ponder b5a4
info depth 1 seldepth 4 multipv 1 score cp 167 nodes 48 hashfull 0 tbhits 0 pv c6c5
info depth 2 seldepth 3 multipv 1 score cp 195 nodes 92 hashfull 0 tbhits 0 pv c6c5
info depth 3 seldepth 5 multipv 1 score cp 212 nodes 148 hashfull 0 tbhits 0 pv c6c5
info depth 4 seldepth 5 multipv 1 score cp 258 nodes 219 hashfull 0 tbhits 0 pv c6c5
info depth 5 seldepth 6 multipv 1 score cp 278 nodes 295 hashfull 0 tbhits 0 pv c6c5 b1b3
info depth 6 seldepth 10 multipv 1 score cp 119 nodes 1150 hashfull 0 tbhits 0 pv a3b4
info depth 7 seldepth 11 multipv 1 score cp 225 nodes 1947 hashfull 2 tbhits 0 pv c6c5 b1b3 a3b4
info depth 8 seldepth 6 multipv 1 score cp 160 nodes 2356 hashfull 2 tbhits 0 pv a3b4
info depth 9 seldepth 13 multipv 1 score cp 194 nodes 2785 hashfull 3 tbhits 0 pv c6c5 e2d3 c5d4 e3d4 a3b4 d3b3 a4b3
info depth 10 seldepth 14 multipv 1 score cp 203 nodes 4119 hashfull 3 tbhits 0 pv c6c5 e2d3 c5d4 e3d4 f8f7 d3b3 a4b3 b1b3
info depth 11 seldepth 14 multipv 1 score cp 214 nodes 6225 hashfull 4 tbhits 0 pv c6c5 e2d3 d8d7 d3b3 a4b3 a2b3 c5d4 e3d4 d7d4 b3b4
info depth 12 seldepth 17 multipv 1 score cp 231 nodes 10074 hashfull 5 tbhits 0 pv c6c5 e2d3 c5d4 e3d4 a3c5 d2b3 a6c4 b3c5 c4d3
info depth 13 seldepth 17 multipv 1 score cp 318 nodes 18084 hashfull 8 tbhits 0 pv c6c5 f2f3 a3b4 f3h3 a4a2
bestmove c6c5 ponder f2f3
info depth 1 seldepth 2 multipv 1 score cp 44 nodes 40 hashfull 0 tbhits 0 pv d4b5
info depth 2 seldepth 3 multipv 1 score cp 57 nodes 84 hashfull 0 tbhits 0 pv d4b5
info depth 3 seldepth 2 multipv 1 score cp 57 nodes 122 hashfull 0 tbhits 0 pv d4b5
info depth 4 seldepth 5 multipv 1 score cp 9 nodes 652 hashfull 0 tbhits 0 pv a4b5 f7f5
info depth 5 seldepth 9 multipv 1 score cp 7 nodes 985 hashfull 0 tbhits 0 pv d4b5
info depth 6 seldepth 10 multipv 1 score cp -49 nodes 4304 hashfull 0 tbhits 0 pv d4e2 h5e2 d2e2 c8e6 h1e1
info depth 7 seldepth 9 multipv 1 score cp -47 nodes 8237 hashfull 1 tbhits 0 pv g2g3 f7f5 c1b1 e7f6 h1c1 f6e5 d4b5 h5e8
info depth 8 seldepth 10 multipv 1 score cp -39 nodes 8873 hashfull 2 tbhits 0 pv h1e1 h7h6 d4e2 f7f5
info depth 9 seldepth 9 multipv 1 score cp -39 nodes 9985 hashfull 2 tbhits 0 pv h1e1 f7f5
info depth 10 seldepth 15 multipv 1 score cp -44 nodes 13997 hashfull 4 tbhits 0 pv h1e1 h7h6 d4b5 f7f5 b5c3 f5f4 e3d4 e4e3 f2e3
info depth 11 seldepth 15 multipv 1 score cp -41 nodes 19347 hashfull 6 tbhits 0 pv h1e1 f7f5 d4e2 h5e2 e1e2 c8e6
info depth 12 seldepth 14 multipv 1 score cp -38 nodes 22538 hashfull 6 tbhits 0 pv h1e1 f7f5 d4e2 h5f7 e2f4 c8e8 g2g3 a8a6
info depth 13 seldepth 22 multipv 1 score cp -36 nodes 40924 hashfull 12 tbhits 0 pv g2g3 e7f6 d4b5 f6e5 a4c2 f7f5 c4c5 d6c5 e3c5
bestmove g2g3 ponder e7f6
info depth 1 seldepth 5 multipv 1 score cp 80 nodes 36 hashfull 0 tbhits 0 pv e8d7
info depth 2 seldepth 5 multipv 1 score cp 74 nodes 163 hashfull 0 tbhits 0 pv e8e7
info depth 3 seldepth 4 multipv 1 score cp 81 nodes 220 hashfull 0 tbhits 0 pv e8e7 g2g3
info depth 4 seldepth 4 multipv 1 score cp 85 nodes 267 hashfull 0 tbhits 0 pv e8e7 g2g3
info depth 5 seldepth 5 multipv 1 score cp 108 nodes 330 hashfull 0 tbhits 0 pv e8e7 g2g3
info depth 6 seldepth 5 multipv 1 score cp 132 nodes 402 hashfull 0 tbhits 0 pv e8e7 g2g3
info depth 7 seldepth 7 multipv 1 score cp 156 nodes 529 hashfull 0 tbhits 0 pv e8e7 g2g3 h8a8
info depth 8 seldepth 7 multipv 1 score cp 140 nodes 803 hashfull 0 tbhits 0 pv e8d7 g2g3 h8a8 b5b2 a8a4
info depth 9 seldepth 12 multipv 1 score cp 115 nodes 2804 hashfull 0 tbhits 0 pv e8d7 b5b2 h8a8 g2g3 a8a6
info depth 10 seldepth 10 multipv 1 score cp 113 nodes 3075 hashfull 0 tbhits 0 pv e8d7 g2g3 h8a8 b5b2 f7f6 g1g2 a8a4 f3g1 d7c6
info depth 11 seldepth 13 multipv 1 score cp 150 nodes 9474 hashfull 2 tbhits 0 pv e8d7 f3e5 d7e7 b5b3 c3b3 b1b3 h8a8 a2a3 f7f6
info depth 12 seldepth 15 multipv 1 score cp 147 nodes 14161 hashfull 3 tbhits 0 pv e8d7 b5b3 c3b3 a2b3
info depth 13 seldepth 16 multipv 1 score cp 149 nodes 16673 hashfull 4 tbhits 0 pv e8d7 b5b3 c3b3 b1b3 h8a8 b3b2 f7f6 g1f1 d7c6 h2h4 c7d6 g2g4 h7h6
bestmove e8d7 ponder b5b3
info depth 1 seldepth 5 multipv 1 score cp 141 nodes 77 hashfull 0 tbhits 0 pv c5d5 d1d5 e6d5
info depth 2 seldepth 4 multipv 1 score cp 141 nodes 176 hashfull 0 tbhits 0 pv c5d5 d1d5 e6d5
info depth 3 seldepth 4 multipv 1 score cp 141 nodes 237 hashfull 0 tbhits 0 pv c5d5 d1d5 e6d5
info depth 4 seldepth 5 multipv 1 score cp 174 nodes 328 hashfull 0 tbhits 0 pv c5d5 d1d5 e6d5
info depth 5 seldepth 5 multipv 1 score cp 185 nodes 411 hashfull 0 tbhits 0 pv c5d5 d1d5 e6d5
info depth 6 seldepth 7 multipv 1 score cp 228 nodes 528 hashfull 0 tbhits 0 pv c5d5 d1d5 e6d5
info depth 7 seldepth 7 multipv 1 score cp 300 nodes 669 hashfull 0 tbhits 0 pv c5d5 d1d5 e6d5
info depth 8 seldepth 9 multipv 1 score cp 188 nodes 1421 hashfull 0 tbhits 0 pv c5d5 d1d5 b7d5 a1d1 d5c4 d1d8 f6d8 b3c4
info depth 9 seldepth 12 multipv 1 score cp 465 nodes 3021 hashfull 0 tbhits 0 pv c5d5 d1d5 e6d5 c4e5 d8d6 f4d3 b7a6 a1d4 a6d3 d4d3
info depth 10 seldepth 15 multipv 1 score cp 201 nodes 4487 hashfull 1 tbhits 0 pv c5d5 d1d5 e6d5 c4b2 d8c7 a1b1 d5d4 b2c4 d4e3 f2e3
info depth 11 seldepth 19 multipv 1 score cp 298 nodes 7728 hashfull 3 tbhits 0 pv c5d5 d1d5 e6d5 c4b2 d8c7 a1b1 c7c3 b2d3 d5d4 b1c1 a7a5 e3d4 f6d4 f4e2 c3c1 e2c1
info depth 12 seldepth 18 multipv 1 score cp 265 nodes 8680 hashfull 3 tbhits 0 pv c5d5 d1d5 e6d5 c4b2 d8c7 f4d3 a7a5 a1d1 c7c3 g1h2 h7h5 h2g1 d5d4
info depth 13 seldepth 18 multipv 1 score cp 292 nodes 10321 hashfull 3 tbhits 0 pv c5d5 d1d5 e6d5 c4b2 d8c8 a1b1 c8c3 b2d3 d5d4 e3d4 c3d4 b1c2 d4c3 c2c3 b4c3 f4e2 c3c2
bestmove c5d5 ponder d1d5
info depth 1 seldepth 4 multipv 1 score cp 182 nodes 21 hashfull 0 tbhits 0 pv e4d2 f3g2
info depth 2 seldepth 3 multipv 1 score cp 102 nodes 109 hashfull 0 tbhits 0 pv e4f6
info depth 3 seldepth 6 multipv 1 score cp 29 nodes 338 hashfull 0 tbhits 0 pv e4f6 f3f4
info depth 4 seldepth 4 multipv 1 score cp 32 nodes 382 hashfull 0 tbhits 0 pv e4f6 f3f4 g8f8
info depth 5 seldepth 7 multipv 1 score cp 42 nodes 781 hashfull 0 tbhits 0 pv e4f6 f3f4
info depth 6 seldepth 5 multipv 1 score cp 40 nodes 832 hashfull 0 tbhits 0 pv e4f6 f3f4
info depth 7 seldepth 6 multipv 1 score cp 58 nodes 885 hashfull 0 tbhits 0 pv e4f6 f3f4 g8f8
info depth 8 seldepth 7 multipv 1 score cp 53 nodes 1249 hashfull 0 tbhits 0 pv e4f6 c2c3 g8f8 c3d4 c5d4 f3f4
info depth 9 seldepth 17 multipv 1 score cp 8 nodes 4467 hashfull 1 tbhits 0 pv e4f6 c2c3 g8f8 c3d4 c5d4 f3e2 f8e7 e2d3 f6d7 d3d4
info depth 10 seldepth 21 multipv 1 score cp 0 nodes 14379 hashfull 5 tbhits 0 pv e4d2 f3e2 d2e4 e2f3
info depth 11 seldepth 21 multipv 1 score cp 9 nodes 26118 hashfull 9 tbhits 0 pv e4f6 f3f4 g8f8 f4e5 f8e7 f2f3 h6h5 d1f2
info depth 12 seldepth 19 multipv 1 score cp 11 nodes 27431 hashfull 9 tbhits 0 pv e4f6 c2c3 g8f8 c3d4 c5d4 f3f4 f8e7 f4e5 d4d3 e5d4 f6d7 d1e3
info depth 13 seldepth 19 multipv 1 score cp 13 nodes 30849 hashfull 9 tbhits 0 pv e4f6 c2c3 g8f8 c3d4 c5d4 f3e2 f6d5 e2d3 d5f4 d3d4 f4g6 h4h5
bestmove e4f6 ponder c2c3
info depth 1 seldepth 3 multipv 1 score cp 18 nodes 12 hashfull 0 tbhits 0 pv d3e2
info depth 2 seldepth 5 multipv 1 score cp 51 nodes 32 hashfull 0 tbhits 0 pv d3e2
info depth 3 seldepth 2 multipv 1 score cp 51 nodes 42 hashfull 0 tbhits 0 pv d3e2
info depth 4 seldepth 6 multipv 1 score cp 87 nodes 116 hashfull 0 tbhits 0 pv c4c5 d6c5
info depth 5 seldepth 4 multipv 1 score cp 93 nodes 142 hashfull 0 tbhits 0 pv c4c5 d6c5
info depth 6 seldepth 8 multipv 1 score cp 66 nodes 407 hashfull 0 tbhits 0 pv c4c5 b6c5 e3c4 d8c7 d3e2 f7e8 e2f3
info depth 7 seldepth 10 multipv 1 score cp 107 nodes 704 hashfull 0 tbhits 0 pv c4c5 b6c5 e3c4 f7e7
info depth 8 seldepth 7 multipv 1 score cp 123 nodes 838 hashfull 0 tbhits 0 pv c4c5 b6c5 e3c4 f7e7
info depth 9 seldepth 9 multipv 1 score cp 242 nodes 1594 hashfull 0 tbhits 0 pv c4c5 f7g8 c5b6 d8b6 e3c4
info depth 10 seldepth 11 multipv 1 score cp 132 nodes 1909 hashfull 0 tbhits 0 pv c4c5 d6c5 d5d6 f7f8 d3c4 f8e8 c4d5 e8d7 e3c4
info depth 11 seldepth 17 multipv 1 score cp 268 nodes 3797 hashfull 0 tbhits 0 pv c4c5 d6c5 d5d6 f7f8 d3c4 f8g8
info depth 12 seldepth 10 multipv 1 score cp 289 nodes 5172 hashfull 0 tbhits 0 pv c4c5 f7e7 c5b6 d8b6
info depth 13 seldepth 17 multipv 1 score cp 356 nodes 8702 hashfull 2 tbhits 0 pv c4c5 b6c5 e3c4 f7e7 b5b6 e7d7 d3e2 d8b6 c4b6 d7d8
bestmove c4c5 ponder b6c5
info depth 1 seldepth 3 multipv 1 score cp 76 nodes 18 hashfull 0 tbhits 0 pv g5f5 f3e3
info depth 2 seldepth 3 multipv 1 score cp 32 nodes 161 hashfull 0 tbhits 0 pv g5f5 f3g4
info depth 3 seldepth 5 multipv 1 score cp 64 nodes 204 hashfull 0 tbhits 0 pv g5f5 f3g4
info depth 4 seldepth 3 multipv 1 score cp 35 nodes 296 hashfull 0 tbhits 0 pv g5f5 f3g4
info depth 5 seldepth 10 multipv 1 score cp 31 nodes 842 hashfull 0 tbhits 0 pv g5h5 a2c2 c8b8 c2b2 b8a8 b2c2 h5h3 f3g4
info depth 6 seldepth 10 multipv 1 score cp 31 nodes 892 hashfull 0 tbhits 0 pv g5h5 a2c2 c8b8 c2b2 b8a8 b2c2
info depth 7 seldepth 10 multipv 1 score cp 77 nodes 1276 hashfull 0 tbhits 0 pv g5h5
info depth 8 seldepth 5 multipv 1 score cp 88 nodes 1391 hashfull 0 tbhits 0 pv g5h5
info depth 9 seldepth 8 multipv 1 score cp 99 nodes 2000 hashfull 0 tbhits 0 pv g5h5 a2c2 c8d7 c2g2
info depth 10 seldepth 9 multipv 1 score cp 113 nodes 2819 hashfull 0 tbhits 0 pv g5h5 a2c2 c8d7 c2d2 d7e6
info depth 11 seldepth 15 multipv 1 score cp 113 nodes 6162 hashfull 1 tbhits 0 pv g5f5 f3g4 f5h5 a2c2 c8b8 c2b2 b8a8 g4h5
info depth 12 seldepth 19 multipv 1 score cp 34 nodes 30818 hashfull 6 tbhits 0 pv g5f5 f3g4 f5h5 a2f2 h5h1 f2f8 c8d7 f8h8 h6h7 g4g5
info depth 13 seldepth 24 multipv 1 score cp 106 nodes 74740 hashfull 16 tbhits 0 pv g5f5 f3g4 f5h5 a2f2 h5h1 f2f8 c8d7 f8h8 d7e6 g4g5 h6h7 g5g6 h1g1 g6h6
bestmove g5f5 ponder f3g4
info depth 1 seldepth 4 multipv 1 score cp 243 nodes 28 hashfull 0 tbhits 0 pv d1d3 h7g8
info depth 2 seldepth 6 multipv 1 score cp 220 nodes 150 hashfull 0 tbhits 0 pv a4a5 b6a5 d1d3 h7g8 b4a5
info depth 3 seldepth 6 multipv 1 score cp 220 nodes 220 hashfull 0 tbhits 0 pv a4a5 b6a5 d1d3 h7g8 b4a5
info depth 4 seldepth 8 multipv 1 score cp 176 nodes 546 hashfull 0 tbhits 0 pv d1d3 h7h6
info depth 5 seldepth 8 multipv 1 score cp 178 nodes 772 hashfull 0 tbhits 0 pv d1d3 h7h6 d3d6 h6h7 d6e5
info depth 6 seldepth 6 multipv 1 score cp 178 nodes 817 hashfull 0 tbhits 0 pv d1d3 h7h6 d3d6 h6h7 d6e5
info depth 7 seldepth 9 multipv 1 score cp 196 nodes 1063 hashfull 0 tbhits 0 pv a4a5 b6a5 b4a5 h2h3 a5a6
info depth 8 seldepth 8 multipv 1 score cp 165 nodes 1786 hashfull 0 tbhits 0 pv d1c2 h7h6
info depth 9 seldepth 16 multipv 1 score cp 117 nodes 9008 hashfull 1 tbhits 0 pv a4a5 b6a5 b4a5 h2h3 d1d3 g7g6 a5a6 h3c8
info depth 10 seldepth 16 multipv 1 score cp 149 nodes 12457 hashfull 1 tbhits 0 pv a4a5 b6a5 b4a5 h2h3 d1d3 g7g6 a5a6 h3e6 e2f1
info depth 11 seldepth 16 multipv 1 score cp 141 nodes 12825 hashfull 1 tbhits 0 pv a4a5 b6a5 b4a5 h2g2 d1d3 h7h6 a5a6 g2g5 a6a7 g5a5 d3d6 h6h7
info depth 12 seldepth 19 multipv 1 score cp 144 nodes 14709 hashfull 2 tbhits 0 pv a4a5 b6a5 b4a5 h2h3 d1d3 h7h6 d3d6 h6h7 d6f4 h3c8 f4h4 h7g8 e2f1
info depth 13 seldepth 13 multipv 1 score cp 144 nodes 16035 hashfull 2 tbhits 0 pv a4a5 b6a5 b4a5 h2h3 d1d3 h7h6 d3d6 h6h7 d6f4 h3c8 f4h4 h7g8
bestmove a4a5 ponder b6a5
info depth 1 seldepth 4 multipv 1 score cp -463 nodes 36 hashfull 0 tbhits 0 pv e4e6 d7e6
info depth 2 seldepth 3 multipv 1 score cp -463 nodes 74 hashfull 0 tbhits 0 pv e4e6 d7e6
info depth 3 seldepth 4 multipv 1 score cp -261 nodes 116 hashfull 0 tbhits 0 pv e4e6 d7e6
info depth 4 seldepth 4 multipv 1 score cp -252 nodes 159 hashfull 0 tbhits 0 pv e4e6 d7e6 f3g2
info depth 5 seldepth 5 multipv 1 score cp -216 nodes 218 hashfull 0 tbhits 0 pv e4e6 d7e6 f3g2
info depth 6 seldepth 6 multipv 1 score cp -213 nodes 370 hashfull 0 tbhits 0 pv e4e6 d7e6 f3g2 h8g8 a2a4
info depth 7 seldepth 8 multipv 1 score cp -201 nodes 589 hashfull 0 tbhits 0 pv e4e6 d7e6 f3g2 h2g1 g2g1 h8g8
info depth 8 seldepth 8 multipv 1 score cp -156 nodes 879 hashfull 0 tbhits 0 pv e4e6 d7e6 f3g2 h2g1 g2g1 g3g2
info depth 9 seldepth 12 multipv 1 score cp -89 nodes 1463 hashfull 0 tbhits 0 pv e4e6 d7e6 f3g2 h2g1 g2g1 h8g8
info depth 10 seldepth 10 multipv 1 score cp -73 nodes 1876 hashfull 0 tbhits 0 pv e4e6 d7e6 f3g2 h2g1 g2g1 g3g2
info depth 11 seldepth 10 multipv 1 score cp -53 nodes 2162 hashfull 0 tbhits 0 pv e4e6 d7e6 f3g2 h2g1 g2g1 e6e5
info depth 12 seldepth 14 multipv 1 score cp -43 nodes 5096 hashfull 0 tbhits 0 pv e4e6 d7e6 f3g2 h2g1 g2g1
info depth 13 seldepth 15 multipv 1 score cp -33 nodes 9419 hashfull 2 tbhits 0 pv e4e6 d7e6 f3g2 h2g1 g2g1 g3g2
bestmove e4e6 ponder d7e6
info depth 1 seldepth 4 multipv 1 score cp 210 nodes 13 hashfull 0 tbhits 0 pv e5f5 c5d5
info depth 2 seldepth 3 multipv 1 score cp 210 nodes 30 hashfull 0 tbhits 0 pv e5f5 c5d5
info depth 3 seldepth 4 multipv 1 score cp 253 nodes 64 hashfull 0 tbhits 0 pv e5f5 c5d5
info depth 4 seldepth 4 multipv 1 score cp 259 nodes 83 hashfull 0 tbhits 0 pv e5f5 c5d5 f5g6
info depth 5 seldepth 6 multipv 1 score cp 219 nodes 223 hashfull 0 tbhits 0 pv d5d6 c7d6 e5f5 d6d5 f5g6
info depth 6 seldepth 10 multipv 1 score cp 212 nodes 488 hashfull 0 tbhits 0 pv d5d6 c7d6 e5f5 c5b5
info depth 7 seldepth 8 multipv 1 score cp 250 nodes 635 hashfull 0 tbhits 0 pv d5d6 c7d6 e5f5 d6d5
info depth 8 seldepth 10 multipv 1 score cp 252 nodes 711 hashfull 0 tbhits 0 pv d5d6 c7d6 e5f5 d6d5 f5g6 d5d4 g6h5 c5d5
info depth 9 seldepth 11 multipv 1 score cp 266 nodes 994 hashfull 0 tbhits 0 pv e5f5 c5d5 f5g6 d5e4 g6h5 e4f5
info depth 10 seldepth 23 multipv 1 score cp 224 nodes 2923 hashfull 0 tbhits 0 pv d5d6 c7d6 e5f5 c5d5 f5g6 d5e4 g6h5 e4d3 h5g4 d3d2 h4h5 d6d5 h5h6 d5d4 h6h7
info depth 11 seldepth 13 multipv 1 score cp 224 nodes 3011 hashfull 0 tbhits 0 pv d5d6 c7d6 e5f5 c5d5 f5g6 d5e4 g6h5 e4d3 h5g4 d3d2 h4h5 d6d5
info depth 12 seldepth 16 multipv 1 score cp 224 nodes 4006 hashfull 0 tbhits 0 pv d5d6 c7d6 e5f5 c5d5 f5g6 d5e4 g6h5 e4d3 h5g4 d3d2 h4h5 d6d5 h5h6 d5d4
info depth 13 seldepth 29 multipv 1 score cp 370 nodes 22102 hashfull 2 tbhits 0 pv d5d6 c7d6 e5f5 c5d5 f5g6 d5e4 g6h5 e4d3 h5g4 d6d5
bestmove d5d6 ponder c7d6
info depth 1 seldepth 3 multipv 1 score cp -263 nodes 11 hashfull 0 tbhits 0 pv f5f6 g7f6
info depth 2 seldepth 3 multipv 1 score cp -263 nodes 55 hashfull 0 tbhits 0 pv f5f6 g7f6
info depth 3 seldepth 4 multipv 1 score cp -189 nodes 101 hashfull 0 tbhits 0 pv f5f6 g7f6
info depth 4 seldepth 4 multipv 1 score cp -185 nodes 154 hashfull 0 tbhits 0 pv f5f6 g7f6 f2f4
info depth 5 seldepth 5 multipv 1 score cp -200 nodes 189 hashfull 0 tbhits 0 pv f5f6 g7f6 f2f4 c4d4
info depth 6 seldepth 9 multipv 1 score cp -149 nodes 330 hashfull 0 tbhits 0 pv f5f6 g7f6 f2f4 c4d4 g4g5 f6g5 f4g5
info depth 7 seldepth 9 multipv 1 score cp -147 nodes 445 hashfull 0 tbhits 0 pv f5f6 g7f6 f2f4 c4d4 g4g5 f6g5 f4g5
info depth 8 seldepth 9 multipv 1 score cp -145 nodes 576 hashfull 0 tbhits 0 pv f5f6 g7f6 f2f4 c4d4 g4g5 f6g5 f4g5
info depth 9 seldepth 9 multipv 1 score cp -73 nodes 845 hashfull 0 tbhits 0 pv f5f6 g7f6 f2f4 c4d5
info depth 10 seldepth 9 multipv 1 score cp -70 nodes 1105 hashfull 0 tbhits 0 pv f5f6 g7f6 f2f4 c4d5 g4g5 f6g5 f4g5
info depth 11 seldepth 13 multipv 1 score cp 69 nodes 3180 hashfull 0 tbhits 0 pv f5f6 g7f6 f2f4 b7b5
info depth 12 seldepth 17 multipv 1 score cp 190 nodes 6968 hashfull 0 tbhits 0 pv f5f6 g7f6 f2f4 c4d5 g4g5 d5e6
info depth 13 seldepth 13 multipv 1 score cp 191 nodes 10057 hashfull 0 tbhits 0 pv f5f6 g7f6 f2f4 c4d5 g4g5 f6g5 f4g5 d5e5
bestmove f5f6 ponder g7f6
info depth 1 seldepth 2 multipv 1 score cp 61 nodes 11 hashfull 0 tbhits 0 pv g3g2
info depth 2 seldepth 3 multipv 1 score cp 72 nodes 95 hashfull 0 tbhits 0 pv g3f3
info depth 3 seldepth 3 multipv 1 score cp 63 nodes 133 hashfull 0 tbhits 0 pv f4f5 e6f5
info depth 4 seldepth 5 multipv 1 score cp 91 nodes 187 hashfull 0 tbhits 0 pv f4f5 e6f5
info depth 5 seldepth 4 multipv 1 score cp 96 nodes 207 hashfull 0 tbhits 0 pv f4f5 e6f5
info depth 6 seldepth 7 multipv 1 score cp 135 nodes 283 hashfull 0 tbhits 0 pv f4f5 e6f5
info depth 7 seldepth 7 multipv 1 score cp 152 nodes 362 hashfull 0 tbhits 0 pv f4f5 e7e8
info depth 8 seldepth 7 multipv 1 score cp 244 nodes 930 hashfull 0 tbhits 0 pv f4f5 e6f5 g3f4 g7g6
info depth 9 seldepth 9 multipv 1 score cp 259 nodes 2464 hashfull 0 tbhits 0 pv f4f5 g7f8 f5f6 e7e8 g3f4
info depth 10 seldepth 11 multipv 1 score cp 246 nodes 2711 hashfull 0 tbhits 0 pv f4f5 g7f8 f5f6 e7e8 g3f2 f8f7
info depth 11 seldepth 17 multipv 1 score cp 327 nodes 10176 hashfull 2 tbhits 0 pv f4f5 g7h6 g3f4 e7g7 f5e6 g7g4 f4f5 h6g7 e6e7
info depth 12 seldepth 24 multipv 1 score cp 309 nodes 19001 hashfull 3 tbhits 0 pv f4f5 g7h7 g3f4 e7g7 f5e6 g7g4 f4f5 h7g7 h3f3 b7b6 f3c3 g4d4 c3c6 g7f8 c6c8 f8e7
info depth 13 seldepth 27 multipv 1 score cp 315 nodes 33335 hashfull 7 tbhits 0 pv f4f5 g7h6 g3f4 e7g7 f5e6 g7g4 f4f5 h6g7 h3f3 a7a6 a3a4 g4g2 a4a5
bestmove f4f5 ponder g7h6
info depth 1 seldepth 3 multipv 1 score cp 52 nodes 11 hashfull 0 tbhits 0 pv c6b7
info depth 2 seldepth 4 multipv 1 score cp 81 nodes 33 hashfull 0 tbhits 0 pv c6b7
info depth 3 seldepth 2 multipv 1 score cp 81 nodes 42 hashfull 0 tbhits 0 pv c6b7
info depth 4 seldepth 5 multipv 1 score cp 76 nodes 202 hashfull 0 tbhits 0 pv c6a8 f1g2 a8b7
info depth 5 seldepth 6 multipv 1 score cp 82 nodes 274 hashfull 0 tbhits 0 pv c6a8 f1g2 a8b7
info depth 6 seldepth 7 multipv 1 score cp 81 nodes 549 hashfull 0 tbhits 0 pv c6a8 f1e2 a8b7 e2d1
info depth 7 seldepth 8 multipv 1 score cp 78 nodes 624 hashfull 0 tbhits 0 pv c6a8 f1e2 a8b7 e2f1 d6c6 f1e2 c6c7
info depth 8 seldepth 12 multipv 1 score cp 70 nodes 2285 hashfull 0 tbhits 0 pv c6b7 f1e2 d6c6 e2d1 b7c8 d1e2 d7d5 e4e5
info depth 9 seldepth 11 multipv 1 score cp 70 nodes 2400 hashfull 0 tbhits 0 pv c6b7 f1e2 d6c6 e2d1 b7c8 d1e2 d7d5 e4e5 c8e6 e2d1
info depth 10 seldepth 17 multipv 1 score cp 80 nodes 3139 hashfull 0 tbhits 0 pv c6b7 f1e2 b7c8 e2f1 d6c6 f1g2 c8b7
info depth 11 seldepth 13 multipv 1 score cp 94 nodes 3650 hashfull 0 tbhits 0 pv c6b7 f1e2 b7c8 e2f1 d6c6 f1g2 d7d5 e4e5
info depth 12 seldepth 11 multipv 1 score cp 101 nodes 4396 hashfull 0 tbhits 0 pv c6b7 f1e2 d6c6
info depth 13 seldepth 13 multipv 1 score cp 105 nodes 4633 hashfull 0 tbhits 0 pv c6b7 f1e2 d6c6 e2d1 b7c8 d1e2 d7d5 e4e5 c8d7
bestmove c6b7 ponder f1e2
info depth 1 seldepth 3 multipv 1 score cp -105 nodes 21 hashfull 0 tbhits 0 pv h4h3
info depth 2 seldepth 3 multipv 1 score cp -80 nodes 46 hashfull 0 tbhits 0 pv h4h3
info depth 3 seldepth 3 multipv 1 score cp -77 nodes 77 hashfull 0 tbhits 0 pv h4h3
info depth 4 seldepth 5 multipv 1 score cp -65 nodes 201 hashfull 0 tbhits 0 pv a4a3
info depth 5 seldepth 5 multipv 1 score cp -65 nodes 253 hashfull 0 tbhits 0 pv a4a3 h7f7 f8g8
info depth 6 seldepth 11 multipv 1 score cp -52 nodes 1287 hashfull 0 tbhits 0 pv h4h3 h7h6 a4a3 h6h8 f8e7
info depth 7 seldepth 11 multipv 1 score cp -33 nodes 1744 hashfull 0 tbhits 0 pv h4h3 h7h6 a4a3 h6h8 f8e7
info depth 8 seldepth 12 multipv 1 score cp -13 nodes 2395 hashfull 0 tbhits 0 pv h4h3 h7h6 a4a3 h6h8 f8e7 h8h7 e7e8 h7h3 c4a4 h3h8 e8e7
info depth 9 seldepth 9 multipv 1 score cp -17 nodes 2882 hashfull 0 tbhits 0 pv h4h3 h7h6 a4a3 h6h8 f8e7 h8h7 e7e8
info depth 10 seldepth 9 multipv 1 score cp -15 nodes 3172 hashfull 0 tbhits 0 pv h4h3 h7h6 a4a3 h6h8 f8e7 h8h7 e7e8
info depth 11 seldepth 10 multipv 1 score cp -15 nodes 3593 hashfull 0 tbhits 0 pv h4h3 h7h6 a4a3 h6h8 f8e7 h8h7 e7f8 h7h3
info depth 12 seldepth 14 multipv 1 score cp 0 nodes 7535 hashfull 1 tbhits 0 pv h4h3 h7h6 a4a3 h6h8 f8e7 h8h7 e7f8
info depth 13 seldepth 14 multipv 1 score cp 0 nodes 9791 hashfull 1 tbhits 0 pv h4h3 h7h6 a4a3 h6h8 f8e7 h8h7 e7f8
bestmove h4h3 ponder h7h6
info depth 1 seldepth 3 multipv 1 score cp 39 nodes 30 hashfull 0 tbhits 0 pv e1e8 g8f7
info depth 2 seldepth 3 multipv 1 score cp 39 nodes 138 hashfull 0 tbhits 0 pv e1d1
info depth 3 seldepth 5 multipv 1 score cp 41 nodes 364 hashfull 0 tbhits 0 pv e1e4
info depth 4 seldepth 3 multipv 1 score cp 42 nodes 403 hashfull 0 tbhits 0 pv e1e4
info depth 5 seldepth 5 multipv 1 score cp 56 nodes 474 hashfull 0 tbhits 0 pv e1e4
info depth 6 seldepth 5 multipv 1 score cp 67 nodes 579 hashfull 0 tbhits 0 pv e1e4 a5c5
info depth 7 seldepth 8 multipv 1 score cp 73 nodes 1222 hashfull 0 tbhits 0 pv e1e4 b2c3
info depth 8 seldepth 9 multipv 1 score cp 134 nodes 1589 hashfull 0 tbhits 0 pv e1e4 a5c5 e4e8 g8h7
info depth 9 seldepth 9 multipv 1 score cp 141 nodes 2087 hashfull 0 tbhits 0 pv e1e4 a5c5 e4e8 g8f7 a6a7 c5c1 g1h2
info depth 10 seldepth 11 multipv 1 score cp 156 nodes 3781 hashfull 0 tbhits 0 pv e1e4 a5c5 e4e8 g8f7 a6a7 c5c1 g1h2
info depth 11 seldepth 11 multipv 1 score cp 190 nodes 5704 hashfull 1 tbhits 0 pv e1e4 a5c5 e4e8 g8f7 a6a7 c5c1 g1h2
info depth 12 seldepth 12 multipv 1 score cp 238 nodes 11730 hashfull 2 tbhits 0 pv e1e4 a5a1 g1h2 a1a5
info depth 13 seldepth 15 multipv 1 score cp 292 nodes 17076 hashfull 3 tbhits 0 pv e1e4 a5a1 g1h2 a1a5 e4a4 a5a4 c5a4 b2d4 h2g1 f4f3 g2f3 g8f7 a4c3 d4c3
bestmove e1e4 ponder a5a1
info depth 1 seldepth 4 multipv 1 score cp 265 nodes 45 hashfull 0 tbhits 0 pv c4e4
info depth 2 seldepth 4 multipv 1 score cp 311 nodes 116 hashfull 0 tbhits 0 pv g3g4 f4f3 d5f3
info depth 3 seldepth 6 multipv 1 score cp 287 nodes 229 hashfull 0 tbhits 0 pv c4e4 f4g3 f2g3
info depth 4 seldepth 4 multipv 1 score cp 287 nodes 268 hashfull 0 tbhits 0 pv c4e4 f4g3 f2g3
info depth 5 seldepth 7 multipv 1 score cp 267 nodes 655 hashfull 0 tbhits 0 pv g3g4
info depth 6 seldepth 8 multipv 1 score cp 275 nodes 861 hashfull 0 tbhits 0 pv g3g4 e7g5 d1c3 f4f3 e2f3
info depth 7 seldepth 8 multipv 1 score cp 286 nodes 1053 hashfull 0 tbhits 0 pv g3g4 e5e4 d5e4 e7f7 d1c3
info depth 8 seldepth 14 multipv 1 score cp 283 nodes 2652 hashfull 0 tbhits 0 pv g3g4 e5e4 d5e4 h6g7 d1c3 g7c3 c4c3 b8e8 c3b3
info depth 9 seldepth 10 multipv 1 score cp 283 nodes 2732 hashfull 0 tbhits 0 pv g3g4 e5e4 d5e4 h6g7 d1c3 g7c3 c4c3 b8e8 c3b3
info depth 10 seldepth 12 multipv 1 score cp 253 nodes 3075 hashfull 0 tbhits 0 pv g3g4 e5e4 d5e4 b8e8 f2f3 e7g5
info depth 11 seldepth 14 multipv 1 score cp 291 nodes 9067 hashfull 2 tbhits 0 pv g3g4 f8g7 d1c3 f4f3 d5f3 e7a7 c6c7
info depth 12 seldepth 17 multipv 1 score cp 358 nodes 16311 hashfull 6 tbhits 0 pv d5e6 e7c7 d1c3 f4g3 c4h4 h6g7 c3d5 g3g2 d5c7
info depth 13 seldepth 14 multipv 1 score cp 341 nodes 17122 hashfull 6 tbhits 0 pv d5e6 e7c7 d1c3 f8g7 c3b5 b8b5 c4b5 f4g3 f2g3 c7a7 b5b7 a7b7 c6b7
bestmove d5e6 ponder e7c7
info depth 1 seldepth 3 multipv 1 score cp 213 nodes 25 hashfull 0 tbhits 0 pv a5a6
info depth 2 seldepth 4 multipv 1 score cp 244 nodes 57 hashfull 0 tbhits 0 pv a5a6
info depth 3 seldepth 4 multipv 1 score cp 274 nodes 93 hashfull 0 tbhits 0 pv a5a6
info depth 4 seldepth 4 multipv 1 score cp 191 nodes 210 hashfull 0 tbhits 0 pv a5a6 b3b8 g1f1
info depth 5 seldepth 7 multipv 1 score cp 210 nodes 426 hashfull 0 tbhits 0 pv a5a6 b3b1 g1g2 b1b8 f2f4
info depth 6 seldepth 6 multipv 1 score cp 210 nodes 464 hashfull 0 tbhits 0 pv a5a6 b3b1 g1g2 b1b8 f2f4
info depth 7 seldepth 8 multipv 1 score cp 224 nodes 655 hashfull 0 tbhits 0 pv a5a6 b3b8 f2f4 e5g7 a6a7 b8a8
info depth 8 seldepth 9 multipv 1 score cp 204 nodes 1137 hashfull 0 tbhits 0 pv a5a6 b3b8 f2f4 e5g7 d2a5 b8a8 a5c7
info depth 9 seldepth 9 multipv 1 score cp 210 nodes 1370 hashfull 0 tbhits 0 pv a5a6 b3b8 f2f4 e5g7 d2a5 b8a8 a5b6
info depth 10 seldepth 11 multipv 1 score cp 212 nodes 1478 hashfull 0 tbhits 0 pv a5a6 b3b8 f2f4 e5g7 d2a5 b8a8 a5c7 g8f8 g1f2
info depth 11 seldepth 28 multipv 1 score cp 239 nodes 9927 hashfull 5 tbhits 0 pv f2f4 e5g7 a5a6 b3b8 d2a5 g8f8 a5c7 b8a8 a6a7 f8e8 g1f1 e8d7 c7b8 d7c8 f1e2 c8b7
info depth 12 seldepth 16 multipv 1 score cp 237 nodes 10216 hashfull 5 tbhits 0 pv f2f4 e5b2 a5a6 b3b8 d2a5 b8a8 a5c7 g8f8 g1f1
info depth 13 seldepth 23 multipv 1 score cp 249 nodes 15136 hashfull 6 tbhits 0 pv a5a6 b3b8 f2f4 e5h8 d2a5 b8a8 a5c7 g8f8 a6a7 f8e8 c7b8 e8d7 g1f1
bestmove a5a6 ponder b3b8
info depth 1 seldepth 3 multipv 1 score cp -8 nodes 9 hashfull 0 tbhits 0 pv b3a4 a2a3
info depth 2 seldepth 3 multipv 1 score cp -8 nodes 18 hashfull 0 tbhits 0 pv b3a4 a2a3
info depth 3 seldepth 5 multipv 1 score cp -5 nodes 44 hashfull 0 tbhits 0 pv b3a4 a2a3
info depth 4 seldepth 5 multipv 1 score cp -3 nodes 64 hashfull 0 tbhits 0 pv b3a4 a2a3
info depth 5 seldepth 5 multipv 1 score cp 8 nodes 110 hashfull 0 tbhits 0 pv b3a4 a2a3
info depth 6 seldepth 5 multipv 1 score cp 14 nodes 158 hashfull 0 tbhits 0 pv b3a4 a2a3
info depth 7 seldepth 6 multipv 1 score cp 13 nodes 238 hashfull 0 tbhits 0 pv b3a4 a2a3 a4a5 a3a4
info depth 8 seldepth 8 multipv 1 score cp 23 nodes 362 hashfull 0 tbhits 0 pv b3a4 a2a3 a4a5 a3b4
info depth 9 seldepth 8 multipv 1 score cp 33 nodes 482 hashfull 0 tbhits 0 pv b3a4 a2a3 a4a5 a3b4
info depth 10 seldepth 9 multipv 1 score cp 52 nodes 666 hashfull 0 tbhits 0 pv b3a4 a2a3 a4a5 a3b4
info depth 11 seldepth 9 multipv 1 score cp 67 nodes 866 hashfull 0 tbhits 0 pv b3a4 a2a3 a4a5 a3b4
info depth 12 seldepth 10 multipv 1 score cp 97 nodes 1271 hashfull 0 tbhits 0 pv b3a4 a2a3 a4a5 a3b4
info depth 13 seldepth 11 multipv 1 score cp 125 nodes 2324 hashfull 0 tbhits 0 pv b3a4 a2a3 a4a5 a3b4 a5a6
bestmove b3a4 ponder a2a3
info depth 1 seldepth 3 multipv 1 score cp 59 nodes 45 hashfull 0 tbhits 0 pv h6h4
info depth 2 seldepth 3 multipv 1 score cp 54 nodes 383 hashfull 0 tbhits 0 pv h6h4 a7a8
info depth 3 seldepth 3 multipv 1 score cp 54 nodes 424 hashfull 0 tbhits 0 pv h6h4 a7a8
info depth 4 seldepth 8 multipv 1 score cp 51 nodes 941 hashfull 0 tbhits 0 pv h6h2
info depth 5 seldepth 7 multipv 1 score cp 54 nodes 1103 hashfull 0 tbhits 0 pv a3a4 b5a4 g3d6
info depth 6 seldepth 7 multipv 1 score cp 58 nodes 1237 hashfull 0 tbhits 0 pv a3a4 b5a4 g3d6 a7a6
info depth 7 seldepth 9 multipv 1 score cp 65 nodes 1399 hashfull 0 tbhits 0 pv a3a4 b5a4 g3d6 a7b7
info depth 8 seldepth 10 multipv 1 score cp 42 nodes 3796 hashfull 0 tbhits 0 pv h6h2 f5f7
info depth 9 seldepth 12 multipv 1 score cp 34 nodes 13379 hashfull 2 tbhits 0 pv g3d6 f5f2 e3f2 f8f2 b2c3 f2f3 c3d2 f3d3 d2c2
info depth 10 seldepth 17 multipv 1 score cp 35 nodes 18599 hashfull 3 tbhits 0 pv g3h2 f5f3 h6g6 h7g6 a1h1 a7g7 h2d6 f3f2 e3f2 f8f2 b2b1 g7d4 d6d8 g8f7
info depth 11 seldepth 17 multipv 1 score cp 2 nodes 24358 hashfull 3 tbhits 0 pv h6h2 f5f7 g3d6 a7a8
info depth 12 seldepth 16 multipv 1 score cp 2 nodes 29751 hashfull 4 tbhits 0 pv g3h2 f5f7 h2d6 f7f2 e3f2 f8f2 b2c3 a7a4 h6g6 h7g6 d6g6 g8f8 g6d6 f8g8
info depth 13 seldepth 21 multipv 1 score cp 0 nodes 46690 hashfull 8 tbhits 0 pv g3h2 f5f7 h2d6 f7f2 e3f2 f8f2 b2c3 a7a4 h6g6 h7g6 d6g6 g8f8 g6d6 f8g8
bestmove g3h2 ponder f5f7
info depth 1 seldepth 6 multipv 1 score cp 915 nodes 74 hashfull 0 tbhits 0 pv f3d5 e7f7 d5f7 f8f7
info depth 2 seldepth 7 multipv 1 score cp -123 nodes 549 hashfull 0 tbhits 0 pv h1h2 c5d4 f3g4 h5g4
info depth 3 seldepth 8 multipv 1 score cp -81 nodes 1342 hashfull 0 tbhits 0 pv h1h2 c5d4 f3d5 g8g7
info depth 4 seldepth 7 multipv 1 score cp -85 nodes 1410 hashfull 0 tbhits 0 pv h1h2 c5d4
info depth 5 seldepth 7 multipv 1 score cp -76 nodes 1494 hashfull 0 tbhits 0 pv h1h2 c5d4
info depth 6 seldepth 8 multipv 1 score cp -78 nodes 1566 hashfull 0 tbhits 0 pv h1h2 c5d4 f3d5 g4e6
info depth 7 seldepth 14 multipv 1 score cp -118 nodes 6715 hashfull 1 tbhits 0 pv f3d5 g8h8 h1h2 e7g7 g1h3 c5d4 d3d4 e8e5 e1e5 d7e5
info depth 8 seldepth 11 multipv 1 score cp -104 nodes 7659 hashfull 1 tbhits 0 pv h1h2 c5d4 d2b4 e7b4
info depth 9 seldepth 9 multipv 1 score cp -115 nodes 8171 hashfull 2 tbhits 0 pv h1h2 c5d4 d2b4 e7f7 d3d4
info depth 10 seldepth 10 multipv 1 score cp -73 nodes 9010 hashfull 2 tbhits 0 pv h1h2 c5d4 d2b4 e7f7 d3d4
info depth 11 seldepth 10 multipv 1 score cp -63 nodes 9414 hashfull 2 tbhits 0 pv h1h2 c5d4 d2b4 e7f7 d3d4
info depth 12 seldepth 15 multipv 1 score cp -64 nodes 16624 hashfull 2 tbhits 0 pv h1h2 c5d4 d2b4 e7h7 d3b3 g4e6 f3d5 e6d5 b3d5 h7f7
info depth 13 seldepth 15 multipv 1 score cp -59 nodes 17883 hashfull 2 tbhits 0 pv h1h2 c5d4 d2b4 e7h7 d3c4 g4e6 f3d5 h7f7 d5e6 f7e6 c4e6 e8e6 b4f8 d7f8
bestmove h1h2 ponder c5d4
info depth 1 seldepth 5 multipv 1 score cp 154 nodes 43 hashfull 10 tbhits 0 pv f4f5 e6f5 g4f5
info depth 2 seldepth 5 multipv 1 score cp 154 nodes 84 hashfull 10 tbhits 0 pv f4f5 e6f5 g4f5
info depth 3 seldepth 5 multipv 1 score cp 154 nodes 132 hashfull 10 tbhits 0 pv f4f5 e6f5 g4f5
info depth 4 seldepth 7 multipv 1 score cp 117 nodes 952 hashfull 11 tbhits 0 pv a1c1 d6d5 e4e5 e8g8
info depth 5 seldepth 5 multipv 1 score cp 115 nodes 1067 hashfull 11 tbhits 0 pv a1c1 d6d5 e4e5
info depth 6 seldepth 9 multipv 1 score cp 97 nodes 1643 hashfull 11 tbhits 0 pv a1c1 a8c8 c1c8 a6c8 f4f5
info depth 7 seldepth 14 multipv 1 score cp 107 nodes 2506 hashfull 11 tbhits 0 pv f4f5 a8c8 f5e6 f7e6 d1b3 d6d5
info depth 8 seldepth 8 multipv 1 score cp 136 nodes 3209 hashfull 11 tbhits 0 pv f4f5 a8c8 d1d2 e8g8
info depth 9 seldepth 14 multipv 1 score cp 116 nodes 4156 hashfull 11 tbhits 0 pv f4f5 e8g8 d1d2 e6f5 g4f5 d6d5 e4e5 e7f5 g3f5 g6f5
info depth 10 seldepth 15 multipv 1 score cp 143 nodes 7483 hashfull 14 tbhits 0 pv f4f5 e8g8 d1d2 a8e8 e3h6 e6f5 g4f5 d6d5 e4e5 e7f5 g3f5 g6f5
info depth 11 seldepth 14 multipv 1 score cp 143 nodes 7685 hashfull 14 tbhits 0 pv f4f5 e8g8 d1d2 a8e8 e3h6 e6f5 g4f5 d6d5 e4e5
info depth 12 seldepth 14 multipv 1 score cp 143 nodes 9192 hashfull 14 tbhits 0 pv f4f5 e8g8 d1d2 a8e8 e3h6 e6f5 g4f5 d6d5 e4e5 e7f5 g3f5 g6f5
info depth 13 seldepth 22 multipv 1 score cp 139 nodes 35369 hashfull 28 tbhits 0 pv f4f5 e8g8 d1d2 a6b7 e3h6 b4b3 h6g7 g8g7 f3g5
bestmove f4f5 ponder e8g8
info depth 1 seldepth 2 multipv 1 score cp -127 nodes 33 hashfull 12 tbhits 0 pv h4h3
info depth 2 seldepth 3 multipv 1 score cp -173 nodes 317 hashfull 13 tbhits 0 pv h5h7
info depth 3 seldepth 6 multipv 1 score cp -144 nodes 419 hashfull 13 tbhits 0 pv h4h3 g2g3
info depth 4 seldepth 5 multipv 1 score cp -122 nodes 474 hashfull 13 tbhits 0 pv h4h3 g2g3
info depth 5 seldepth 11 multipv 1 score cp -149 nodes 777 hashfull 13 tbhits 0 pv h4h3 g2g1 f7f5 b6c8
info depth 6 seldepth 11 multipv 1 score cp -261 nodes 1963 hashfull 13 tbhits 0 pv h5h7 b6c8 h4h3 g2g4
info depth 7 seldepth 8 multipv 1 score cp -248 nodes 3593 hashfull 14 tbhits 0 pv h5h8
info depth 8 seldepth 15 multipv 1 score cp -264 nodes 4534 hashfull 14 tbhits 0 pv h4h3 g2g4 g8h7 b1g1 h3h2 g1g2
info depth 9 seldepth 11 multipv 1 score cp -252 nodes 4693 hashfull 14 tbhits 0 pv h4h3 g2g4 g8h7 b1g1 h3h2 g1g2 h5h3 g2h2 h3h2 h1h2
info depth 10 seldepth 11 multipv 1 score cp -257 nodes 4951 hashfull 14 tbhits 0 pv h4h3 g2g4 g8h7 d8a8 f7f5 g5f6 g6f6 b1g1
info depth 11 seldepth 16 multipv 1 score cp -270 nodes 5767 hashfull 14 tbhits 0 pv h4h3 g2g4 g8h8 b1c1 f7f5 g5f6 g6f6 b6c8 b7d7 d8b6
info depth 12 seldepth 20 multipv 1 score cp -198 nodes 11176 hashfull 17 tbhits 0 pv h4h3 g2g4 g8h7 b1g1 h3h2 g1g2 h5h3 e3c1 b5b4 e2a6 h3f3 b6c8 f3c3 c8e7 c3c1 h1h2
info depth 13 seldepth 26 multipv 1 score cp -284 nodes 40375 hashfull 30 tbhits 0 pv g8h7 b1g1 h4h3 g2g4 h3h2 g1g2 b5b4 e2a6 b7a7 b6c8 d6e4 a6f1 e4g3 g2g3
bestmove g8h7 ponder b1g1
info depth 1 seldepth 12 multipv 1 score cp 114 nodes 106 hashfull 78 tbhits 0 pv d3g3 c4b6
info depth 2 seldepth 4 multipv 1 score cp 114 nodes 167 hashfull 78 tbhits 0 pv d3g3 c4b6
info depth 3 seldepth 7 multipv 1 score cp 98 nodes 592 hashfull 79 tbhits 0 pv b6d7 g3e2
info depth 4 seldepth 5 multipv 1 score cp 99 nodes 643 hashfull 79 tbhits 0 pv b6d7 g3e2 d7c5
info depth 5 seldepth 7 multipv 1 score cp 116 nodes 778 hashfull 79 tbhits 0 pv b6d7 g3e2 d7c5
info depth 6 seldepth 7 multipv 1 score cp 123 nodes 848 hashfull 79 tbhits 0 pv b6d7 g3e2 d7c5
info depth 7 seldepth 12 multipv 1 score cp 151 nodes 1097 hashfull 79 tbhits 0 pv b6d7 g3e2 d7c5
info depth 8 seldepth 12 multipv 1 score cp 126 nodes 1504 hashfull 79 tbhits 0 pv b6d7 g3e2 d7c5 g6f5 e4f5 e2d4
info depth 9 seldepth 10 multipv 1 score cp 126 nodes 1585 hashfull 79 tbhits 0 pv b6d7 g3e2 d7c5 g6f5 e4f5 e2d4 c5e6 d4c2 d1c2
info depth 10 seldepth 20 multipv 1 score cp 86 nodes 16619 hashfull 84 tbhits 0 pv b6d7 g3e2 d7e5 c4e5 b3a4 e8d8 d4e5 e6e5 f5d6 e2f4 c2c8 d8e7 d6f7 e7f7
info depth 11 seldepth 23 multipv 1 score cp 67 nodes 58309 hashfull 100 tbhits 0 pv b6d7 g3e2 d7c5 e2f4 b3a4 e8f8 c5e6 f4e6 e4d5 g6f5 c2c4 e6d4
info depth 12 seldepth 18 multipv 1 score cp 67 nodes 59735 hashfull 100 tbhits 0 pv b6d7 g3e2 b3a4 e2f4 d7c5 e8f8 c5e6 f4e6 e4d5 g6f5 c2c4 e6d4
info depth 13 seldepth 18 multipv 1 score cp 90 nodes 64152 hashfull 101 tbhits 0 pv b6d7 g3e2 d7c5 e2f4 b3a4 e8f8 c5e6 f4e6 e4d5
bestmove b6d7 ponder g3e2
info depth 1 seldepth 4 multipv 1 score cp -33 nodes 51 hashfull 4 tbhits 0 pv a5c4
info depth 2 seldepth 3 multipv 1 score cp -35 nodes 119 hashfull 4 tbhits 0 pv g3b3
info depth 3 seldepth 7 multipv 1 score cp -34 nodes 186 hashfull 4 tbhits 0 pv g3b3 e4e3 f2e3
info depth 4 seldepth 7 multipv 1 score cp -50 nodes 788 hashfull 4 tbhits 0 pv g3b3 d4d3 a5c4
info depth 5 seldepth 7 multipv 1 score cp -112 nodes 1639 hashfull 4 tbhits 0 pv g3g5 d6c7 g2g3
info depth 6 seldepth 7 multipv 1 score cp -74 nodes 1879 hashfull 4 tbhits 0 pv g3b3 d4d3
info depth 7 seldepth 9 multipv 1 score cp -101 nodes 2256 hashfull 4 tbhits 0 pv g3b3 d6c7 b1c1 e4e3 f2e3
info depth 8 seldepth 10 multipv 1 score cp -110 nodes 4286 hashfull 5 tbhits 0 pv d2b4 d4d3 b4d6 e6d6
info depth 9 seldepth 16 multipv 1 score cp -79 nodes 5363 hashfull 7 tbhits 0 pv g3b3 d6c7 d2b4 d4d3
info depth 10 seldepth 19 multipv 1 score cp -110 nodes 7725 hashfull 7 tbhits 0 pv g3b3 d6c7 d2b4 e4e3 f2e3 d4e3 b4c4 c7d6 b3b6 d6b6 b1b6 e6b6 c4e4 b6b5 a5c6 b8b7 e4e3 b7d7
info depth 11 seldepth 23 multipv 1 score cp -99 nodes 10335 hashfull 8 tbhits 0 pv g3b3 d6c7 d2b4 e4e3 f2e3 d4e3 b4c4 c7d6 b3b6 d6b6 b1b6 e6b6 c4e4 b6b5 a5c6 b8b7 e4e3 b7c7
info depth 12 seldepth 22 multipv 1 score cp -29 nodes 21197 hashfull 11 tbhits 0 pv g3b3 g7h6 d2b4 d4d3 b4d6 e6d6 g1f1
info depth 13 seldepth 23 multipv 1 score cp -68 nodes 42630 hashfull 18 tbhits 0 pv g3b3 d6d7 b3b4 e4e3 f2e3 e6e3 a5c4 g7h6
bestmove g3b3 ponder d6d7
info depth 1 seldepth 6 multipv 1 score cp 1247 nodes 375 hashfull 7 tbhits 0 pv h1g2
info depth 2 seldepth 4 multipv 1 score cp 1474 nodes 484 hashfull 7 tbhits 0 pv h1g2 f6e4
info depth 3 seldepth 13 multipv 1 score cp 1301 nodes 1049 hashfull 7 tbhits 0 pv d2c4 b6c4
info depth 4 seldepth 8 multipv 1 score cp 1244 nodes 1428 hashfull 7 tbhits 0 pv h1h2 g5f3 d2f3 f6e4 c3e4
info depth 5 seldepth 7 multipv 1 score cp 1344 nodes 1645 hashfull 7 tbhits 0 pv c3d5 e7d5
info depth 6 seldepth 13 multipv 1 score cp 1250 nodes 2830 hashfull 7 tbhits 0 pv c3d5 e7d5 d6c4 b6c4 d4c4 g5e4 e5e4 f6e4 f4e4
info depth 7 seldepth 13 multipv 1 score cp 1248 nodes 3389 hashfull 7 tbhits 0 pv c3d5 e7d5 e5e6 f6e4 f4e4
info depth 8 seldepth 12 multipv 1 score cp 1272 nodes 3691 hashfull 7 tbhits 0 pv c3d5 e7d5 e5e6 f6e4 f4e4 d5e3 e4e3 g5f3
info depth 9 seldepth 13 multipv 1 score cp 1261 nodes 5014 hashfull 7 tbhits 0 pv c3d5 e7d5 e5e6 f6e4 e3e4 d5f4
info depth 10 seldepth 17 multipv 1 score cp 1287 nodes 8827 hashfull 9 tbhits 0 pv c3d5 b4d5 f5e6 c7e6
info depth 11 seldepth 14 multipv 1 score cp 1256 nodes 12269 hashfull 11 tbhits 0 pv d2c4 b6c4 c5e6 f6e4 e6c7 a8b8 d3e4 e7f5 d6f5
info depth 12 seldepth 16 multipv 1 score cp 1330 nodes 17293 hashfull 13 tbhits 0 pv c5e6 g5e4 e6c7 a8b8 d3e4 e7f5 e5f5
info depth 13 seldepth 18 multipv 1 score cp 1311 nodes 52183 hashfull 28 tbhits 0 pv d6c4 b6c4 d3c4 e7f5 g3f5 g5e4 e3e4
bestmove d6c4 ponder b6c4
info depth 1 seldepth 5 multipv 1 score cp 610 nodes 142 hashfull 3 tbhits 0 pv f5g3 e3g3
info depth 2 seldepth 4 multipv 1 score cp 610 nodes 239 hashfull 3 tbhits 0 pv f5g3 e3g3
info depth 3 seldepth 7 multipv 1 score cp 793 nodes 529 hashfull 3 tbhits 0 pv c3c1 e1a5 a8b7
info depth 4 seldepth 8 multipv 1 score cp 659 nodes 694 hashfull 3 tbhits 0 pv c3c1 a1e5 d5e3
info depth 5 seldepth 7 multipv 1 score cp 624 nodes 914 hashfull 3 tbhits 0 pv c3c1 a1e5 a3e3 g1e3 a5e1
info depth 6 seldepth 10 multipv 1 score cp 694 nodes 1092 hashfull 3 tbhits 0 pv c3c1 a1e5 a3e3 e1a5 a8b7 h3h7 g5e7 a2c1
info depth 7 seldepth 10 multipv 1 score cp 694 nodes 1225 hashfull 3 tbhits 0 pv c3c1 a1e5 a3e3 e1a5 a8b7 h3h7 g5e7 a2c1
info depth 8 seldepth 10 multipv 1 score cp 694 nodes 1416 hashfull 3 tbhits 0 pv c3c1 a1e5 a3e3 e1a5 a8b7 h3h7 g5e7 a2c1
info depth 9 seldepth 18 multipv 1 score cp 568 nodes 3354 hashfull 4 tbhits 0 pv c3c1 a1e5 a3e3 g1e3 a5e1 a2c1 g5e3 f1e3
info depth 10 seldepth 15 multipv 1 score cp 605 nodes 5114 hashfull 4 tbhits 0 pv c3c1 a1e5 a5e1 a2c1 g5e3 b1a3 e3g1 h3h8 a8b7
info depth 11 seldepth 14 multipv 1 score cp 670 nodes 5633 hashfull 4 tbhits 0 pv c3c1 a1e5 a5e1 a2c1 g4e3 g1e3 a3e3 f1e3 c5c1 e3d5
info depth 12 seldepth 20 multipv 1 score cp 619 nodes 10767 hashfull 7 tbhits 0 pv c3e1 a1e5 d5e3 g2e1 f5g3 e5g3
info depth 13 seldepth 30 multipv 1 score cp 618 nodes 24869 hashfull 15 tbhits 0 pv c3e1 a1e5 g5e3 c1c5 e3c5 h3h8 a8b7 g2e1 a3a2 g1c5 a4c5 h1g1 g4e5
bestmove c3e1 ponder a1e5
info depth 1 seldepth 2 multipv 1 score cp 173 nodes 11 hashfull 6 tbhits 0 pv b1c2
info depth 2 seldepth 3 multipv 1 score cp 76 nodes 69 hashfull 6 tbhits 0 pv b1c2 g4g3
info depth 3 seldepth 5 multipv 1 score cp 36 nodes 230 hashfull 6 tbhits 0 pv d1f2 g4g3
info depth 4 seldepth 5 multipv 1 score cp 39 nodes 346 hashfull 6 tbhits 0 pv d1f2 f4f3
info depth 5 seldepth 5 multipv 1 score cp 46 nodes 464 hashfull 6 tbhits 0 pv d1f2 f4f3
info depth 6 seldepth 7 multipv 1 score cp 37 nodes 892 hashfull 6 tbhits 0 pv d1c3 f4e3 c3d5 e3f3 d5e7 f3e4
info depth 7 seldepth 10 multipv 1 score cp 100 nodes 1253 hashfull 6 tbhits 0 pv d1c3 f4e3 b1c2 g4g3 c2d1
info depth 8 seldepth 7 multipv 1 score cp 105 nodes 1336 hashfull 6 tbhits 0 pv d1c3 f4e3 b1c2 g4g3
info depth 9 seldepth 11 multipv 1 score cp 95 nodes 2244 hashfull 6 tbhits 0 pv d1f2 g4g3 f2h3 f4e4 b1c2 e4d4 h3f4
info depth 10 seldepth 16 multipv 1 score cp 146 nodes 3440 hashfull 6 tbhits 0 pv d1f2 g4g3 f2h3 f4e4 b1b2 g3g2
info depth 11 seldepth 13 multipv 1 score cp 156 nodes 4201 hashfull 6 tbhits 0 pv d1f2 g4g3 f2h3 f4e5 b1c2 g3g2
info depth 12 seldepth 25 multipv 1 score cp 38 nodes 30425 hashfull 10 tbhits 0 pv d1f2 g4g3 f2h3 f4e5 b1c2 g3g2 c2d3 e5d6 d3e3 d6c5 e3e2 c5c4 e2f3 g2g1n h3g1 c4b3
info depth 13 seldepth 31 multipv 1 score cp 19 nodes 76156 hashfull 19 tbhits 0 pv b1c1 g4g3 c1d2 g3g2 d1c3 g2g1n c3e2 g1e2 d2e1 e2c3 e1f1 c3b5 a3a4
bestmove b1c1 ponder g4g3
info depth 1 seldepth 2 multipv 1 score cp 24 nodes 17 hashfull 6 tbhits 0 pv d1e2
info depth 2 seldepth 4 multipv 1 score cp 24 nodes 91 hashfull 6 tbhits 0 pv f5e3
info depth 3 seldepth 6 multipv 1 score cp 23 nodes 311 hashfull 6 tbhits 0 pv d1e2 h1g2
info depth 4 seldepth 6 multipv 1 score cp 16 nodes 903 hashfull 6 tbhits 0 pv c1a2
info depth 5 seldepth 9 multipv 1 score cp 18 nodes 1020 hashfull 6 tbhits 0 pv c1a2 h1g2 d1e1
info depth 6 seldepth 6 multipv 1 score cp 17 nodes 1147 hashfull 6 tbhits 0 pv c1a2 h1g2 d1e1 g2f3
info depth 7 seldepth 11 multipv 1 score cp 19 nodes 1715 hashfull 6 tbhits 0 pv c1a2 h1g2 d1e2 g2h3 e2f1
info depth 8 seldepth 9 multipv 1 score cp 21 nodes 1853 hashfull 6 tbhits 0 pv c1a2 h1g2 d1e2 g2h3 f5h6 h3g3
info depth 9 seldepth 11 multipv 1 score cp 24 nodes 2123 hashfull 6 tbhits 0 pv c1a2 h1g1
info depth 10 seldepth 10 multipv 1 score cp 24 nodes 2349 hashfull 6 tbhits 0 pv c1a2 h1g1 d1e1 g1g2 e1e2 g2h3 e2f1 h3g4
info depth 11 seldepth 15 multipv 1 score cp 42 nodes 6205 hashfull 8 tbhits 0 pv c1a2 h1h2 d1e2 h2g2 e2e3 g2g1
info depth 12 seldepth 13 multipv 1 score cp 49 nodes 7361 hashfull 8 tbhits 0 pv c1a2 h1h2 d1e2 h2g2 e2e3 g2h2 e3f2 h2h3
info depth 13 seldepth 17 multipv 1 score cp 61 nodes 8575 hashfull 8 tbhits 0 pv c1a2 h1h2 d1e2 h2g2 e2e3 g2h3
bestmove c1a2 ponder h1h2
info depth 1 seldepth 2 multipv 1 score cp 220 nodes 21 hashfull 0 tbhits 0 pv e2d2
info depth 2 seldepth 3 multipv 1 score cp 258 nodes 59 hashfull 0 tbhits 0 pv e2d2 d7e6
info depth 3 seldepth 3 multipv 1 score cp 258 nodes 88 hashfull 0 tbhits 0 pv e2d2 d7e6
info depth 4 seldepth 5 multipv 1 score cp 302 nodes 307 hashfull 0 tbhits 0 pv f2e1 d7e6
info depth 5 seldepth 5 multipv 1 score cp 333 nodes 477 hashfull 0 tbhits 0 pv f2e1 d7e6 c1b2 e6f5
info depth 6 seldepth 7 multipv 1 score cp 335 nodes 869 hashfull 0 tbhits 0 pv f2e1 d7e6 c1b2 e6f5
info depth 7 seldepth 12 multipv 1 score cp 257 nodes 2543 hashfull 1 tbhits 0 pv e3f4 d7e6 c1b2 e6f5
info depth 8 seldepth 9 multipv 1 score cp 258 nodes 2936 hashfull 2 tbhits 0 pv e3f4 d7e6 f4h2 e6f5 e2f1 f5e6 h2b8 e6f5
info depth 9 seldepth 10 multipv 1 score cp 290 nodes 3176 hashfull 2 tbhits 0 pv e3f4 d7e6 f4b8 e6f5 e2f1 f5e6 b8h2 e6f5
info depth 10 seldepth 11 multipv 1 score cp 307 nodes 3650 hashfull 2 tbhits 0 pv e3f4 d7e6 f4b8 e6f5 e2d3 f5e6 b8h2 e6f5
info depth 11 seldepth 20 multipv 1 score cp 307 nodes 6094 hashfull 2 tbhits 0 pv e3f4 d7e6 f4b8 e6f5 b8c7 f5e6 f2h4 e6f5 e2d3 f5e6 c7h2 e6f5 h4f2 f5e6 d3e4 e6d7
info depth 12 seldepth 16 multipv 1 score cp 307 nodes 7262 hashfull 3 tbhits 0 pv e3f4 d7e6 f4b8 e6f5 b8c7 f5e6 f2h4 e6f5 e2d3 f5e6 c7h2 e6d7
info depth 13 seldepth 21 multipv 1 score cp 336 nodes 12436 hashfull 3 tbhits 0 pv e3f4 d7c6 f4b8 c6b5 e2d3
bestmove e3f4 ponder d7c6
info depth 1 seldepth 2 multipv 1 score cp 171 nodes 22 hashfull 5 tbhits 0 pv b6b7
info depth 2 seldepth 5 multipv 1 score cp 107 nodes 169 hashfull 5 tbhits 0 pv b6b7 g5g8
info depth 3 seldepth 7 multipv 1 score cp 134 nodes 208 hashfull 5 tbhits 0 pv b6b7 g5g8 c1d2
info depth 4 seldepth 4 multipv 1 score cp 134 nodes 236 hashfull 5 tbhits 0 pv b6b7 g5g8 c1d2
info depth 5 seldepth 8 multipv 1 score cp 195 nodes 1362 hashfull 5 tbhits 0 pv e3f3 g5g6 b6b7
info depth 6 seldepth 8 multipv 1 score cp 70 nodes 1835 hashfull 5 tbhits 0 pv c1d2
info depth 7 seldepth 9 multipv 1 score cp 71 nodes 3233 hashfull 5 tbhits 0 pv e3f3 g5g1 c1b2 g1g2 b2c3
info depth 8 seldepth 10 multipv 1 score cp 97 nodes 3652 hashfull 5 tbhits 0 pv e3f3 g5g1 c1c2
info depth 9 seldepth 7 multipv 1 score cp 111 nodes 3839 hashfull 5 tbhits 0 pv e3f3 g5g1 c1c2
info depth 10 seldepth 13 multipv 1 score cp 113 nodes 6383 hashfull 6 tbhits 0 pv e3f3 g5g1 c1b2 g1g2 b2c3 g2g6 b6b7 g6b6 f3f2 h2g3
info depth 11 seldepth 13 multipv 1 score cp 113 nodes 8023 hashfull 6 tbhits 0 pv e3f3 g5g1 c1c2 g1g2 c2c3 g2g6 b6b7 g6b6 f3f2 h2g3
info depth 12 seldepth 13 multipv 1 score cp 143 nodes 9741 hashfull 6 tbhits 0 pv e3f3 g5g1 c1c2 g1g2 c2c3 g2g6 b6b7 g6b6 f3f2 h2g1
info depth 13 seldepth 29 multipv 1 score cp 46 nodes 42325 hashfull 15 tbhits 0 pv e3f3 h2g2 b6b7 g2f3 b7b8q g5g1 c1c2 g1g2 c2d3 f5f4 b8b5 f3g3 b5b7
bestmove e3f3 ponder h2g2
info depth 1 seldepth 4 multipv 1 score cp 66 nodes 8 hashfull 22 tbhits 0 pv b1a2
info depth 2 seldepth 3 multipv 1 score cp 289 nodes 22 hashfull 22 tbhits 0 pv b1a2
info depth 3 seldepth 2 multipv 1 score cp 289 nodes 27 hashfull 22 tbhits 0 pv b1a2
info depth 4 seldepth 7 multipv 1 score cp 14 nodes 193 hashfull 22 tbhits 0 pv b1a2 b5h5 h7h8q h5h8
info depth 5 seldepth 7 multipv 1 score cp 10 nodes 579 hashfull 22 tbhits 0 pv b1a1 b5h5 h7h8q h5h8
info depth 6 seldepth 7 multipv 1 score cp 58 nodes 1038 hashfull 22 tbhits 0 pv b1a1 b5h5
info depth 7 seldepth 6 multipv 1 score cp 109 nodes 1123 hashfull 22 tbhits 0 pv b1a1 b5h5
info depth 8 seldepth 7 multipv 1 score cp 167 nodes 1244 hashfull 22 tbhits 0 pv b1a1 b5h5
info depth 9 seldepth 7 multipv 1 score cp 198 nodes 1353 hashfull 22 tbhits 0 pv b1a1 b5h5 g4g5 h5g5 h7h8q
info depth 10 seldepth 9 multipv 1 score cp 220 nodes 1587 hashfull 23 tbhits 0 pv b1a1 b5h5 g4g5 h5g5 h7h8q g5c5
info depth 11 seldepth 17 multipv 1 score cp 142 nodes 4261 hashfull 23 tbhits 0 pv b1a2 b5h5 g4g5 h5g5 h7h8q g5c5 h8d4 c5c2 a2b3 c2c6 d4a7 a5b5 a7b7 b5c5
info depth 12 seldepth 19 multipv 1 score cp 124 nodes 14951 hashfull 25 tbhits 0 pv b1a2 b5h5 g4g5 h5g5 h7h8q g5c5 h8d4 a5b5 a2b3 c5c6
info depth 13 seldepth 21 multipv 1 score cp 130 nodes 17029 hashfull 25 tbhits 0 pv b1a2 b5h5 g4g5 h5g5 h7h8q g5c5 h8d4 a5b5 a2b3 b5c6
bestmove b1a2 ponder b5h5
info depth 1 seldepth 3 multipv 1 score cp 22 nodes 12 hashfull 4 tbhits 0 pv f1d2 b1a2
info depth 2 seldepth 3 multipv 1 score cp -73 nodes 91 hashfull 4 tbhits 0 pv f1d2 b1c2
info depth 3 seldepth 5 multipv 1 score cp -59 nodes 155 hashfull 4 tbhits 0 pv f1d2 b1c2
info depth 4 seldepth 3 multipv 1 score cp -86 nodes 192 hashfull 4 tbhits 0 pv f1d2 b1c2
info depth 5 seldepth 9 multipv 1 score cp -79 nodes 333 hashfull 4 tbhits 0 pv f1d2 b1c2 d2f3 d6d7 f3d4 c2d3
info depth 6 seldepth 7 multipv 1 score cp -89 nodes 475 hashfull 4 tbhits 0 pv f1d2 b1c2 d2f3 d6d7 f3d4 c2d3
info depth 7 seldepth 7 multipv 1 score cp -89 nodes 507 hashfull 4 tbhits 0 pv f1d2 b1c2 d2f3 d6d7 f3d4 c2d3
info depth 8 seldepth 15 multipv 1 score cp -279 nodes 5970 hashfull 5 tbhits 0 pv f1d2 b1a2 b4b3 a2a1 h6g5 d6d7 g5f4 d7d8q f4e3 d8e8 e3f4
info depth 9 seldepth 25 multipv 1 score cp -256 nodes 10417 hashfull 5 tbhits 0 pv f1d2 b1a2 b4b3 a2a1 h6g5 d6d7 g5f4 d7d8q f4e3 d8e7 e3d3
info depth 10 seldepth 10 multipv 1 score cp -256 nodes 10465 hashfull 5 tbhits 0 pv f1d2 b1a2 b4b3 a2a1 h6g5 d6d7 g5f4 d7d8q f4e3
info depth 11 seldepth 16 multipv 1 score cp -256 nodes 10560 hashfull 5 tbhits 0 pv f1d2 b1a2 b4b3 a2a1 h6g5 d6d7 g5f4 d7d8q f4e3 d8e8 e3d3 e8e5 d3c2 e5e7
info depth 12 seldepth 13 multipv 1 score cp -256 nodes 10811 hashfull 5 tbhits 0 pv f1d2 b1a2 b4b3 a2a1 h6g5 d6d7 g5f4 d7d8q f4e3 d8e8 e3d3 e8e5
info depth 13 seldepth 14 multipv 1 score cp -256 nodes 11090 hashfull 5 tbhits 0 pv f1d2 b1a2 b4b3 a2a1 h6g5 d6d7 g5f4 d7d8q f4e3 d8e8 e3d3 e8e5 d3c2
bestmove f1d2 ponder b1a2
info depth 1 seldepth 4 multipv 1 score cp 132 nodes 33 hashfull 6 tbhits 0 pv h1h2
info depth 2 seldepth 4 multipv 1 score cp 197 nodes 67 hashfull 6 tbhits 0 pv h1h2
info depth 3 seldepth 2 multipv 1 score cp 197 nodes 91 hashfull 6 tbhits 0 pv h1h2
info depth 4 seldepth 6 multipv 1 score cp 29 nodes 300 hashfull 6 tbhits 0 pv h1h2 c6c1 a1a2 c1c4 a2b1
info depth 5 seldepth 6 multipv 1 score cp 218 nodes 377 hashfull 6 tbhits 0 pv h1h2
info depth 6 seldepth 4 multipv 1 score cp 223 nodes 415 hashfull 6 tbhits 0 pv h1h2 c6c1 a1a2
info depth 7 seldepth 7 multipv 1 score cp 309 nodes 686 hashfull 6 tbhits 0 pv h1h2 c6c1 a1a2 c1c4 b2b3
info depth 8 seldepth 7 multipv 1 score cp 291 nodes 733 hashfull 6 tbhits 0 pv h1h2 c6c1 a1a2 c1c4 b2b3 c4b4
info depth 9 seldepth 16 multipv 1 score cp 53 nodes 4743 hashfull 7 tbhits 0 pv h1h2 c6c1 a1a2 g4g3 h2h5 c1c4 a2a3
info depth 10 seldepth 20 multipv 1 score cp 26 nodes 16074 hashfull 10 tbhits 0 pv h1h2 c6c1 a1a2 g4g3 a7h7 c1c4 b2b3 c4a6 a2b1 a6f1 b1b2
info depth 11 seldepth 17 multipv 1 score cp 0 nodes 33119 hashfull 12 tbhits 0 pv h1h2 c6c1 a1a2 g4g3 a7h7 c1c4 b2b3 c4a6 a2b1 a6f1 b1b2
info depth 12 seldepth 29 multipv 1 score cp 0 nodes 35349 hashfull 12 tbhits 0 pv h1h2 c6c1 a1a2 g4g3 a7h7 c1c4 b2b3 c4a6 a2b1 a6f1 b1b2 f1f6 b2c2 f6f1
info depth 13 seldepth 33 multipv 1 score cp 0 nodes 44211 hashfull 15 tbhits 0 pv h1h2 g4g3 h2h8 c6c1 a1a2 c1c4 a2a1
bestmove h1h2 ponder g4g3
info depth 1 seldepth 4 multipv 1 score cp -90 nodes 54 hashfull 10 tbhits 0 pv a5b4 a3b4
info depth 2 seldepth 3 multipv 1 score cp -90 nodes 102 hashfull 10 tbhits 0 pv a5b4 a3b4
info depth 3 seldepth 6 multipv 1 score cp -119 nodes 387 hashfull 10 tbhits 0 pv a5b4 a3b4 c5a4
info depth 4 seldepth 5 multipv 1 score cp 676 nodes 772 hashfull 10 tbhits 0 pv h4f4 d4f3 f4e3
info depth 5 seldepth 8 multipv 1 score cp 729 nodes 871 hashfull 10 tbhits 0 pv h4f4 e2f3 f4e3
info depth 6 seldepth 11 multipv 1 score cp 774 nodes 1035 hashfull 10 tbhits 0 pv h4f4 d4f3 h7h1 e3g1 e4f3
info depth 7 seldepth 9 multipv 1 score cp 786 nodes 1130 hashfull 10 tbhits 0 pv h4f4 d4f3 h7h1 e3g1 e4f3 g2f3 h1g1 f1g1
info depth 8 seldepth 11 multipv 1 score cp 870 nodes 1334 hashfull 10 tbhits 0 pv h4f4 d4f3 f4e3 b4c5 e4f3 e2f3
info depth 9 seldepth 14 multipv 1 score cp 1818 nodes 2661 hashfull 10 tbhits 0 pv h4f4 e2f3 f4e3 f3h5 h7h5 d4f5 h5f5 d2f2 f5f2 f1g1 f2b2 g1f1
info depth 10 seldepth 21 multipv 1 score cp 1863 nodes 5523 hashfull 11 tbhits 0 pv h4f4 e2f3 f4e3 d2d3 e3d3 f1g1 d3d4 g1f1 h7h1 f1e2 e4f3 e2f3
info depth 11 seldepth 20 multipv 1 score mate 5 nodes 6077 hashfull 11 tbhits 0 pv h4f4 e2f3 f4e3 f3h5 h7h5 d4f3 h5h1 f3g1 h1g1
info depth 12 seldepth 10 multipv 1 score mate 5 nodes 6787 hashfull 11 tbhits 0 pv h4f4 e2f3 f4e3 f3h5 h7h5 d4f3 h5h1 f3g1 h1g1
info depth 13 seldepth 10 multipv 1 score mate 5 nodes 7523 hashfull 11 tbhits 0 pv h4f4 e2f3 f4e3 f3h5 h7h5 d4f3 h5h1 f3g1 h1g1
bestmove h4f4 ponder e2f3
info depth 1 seldepth 5 multipv 1 score cp 834 nodes 51 hashfull 3 tbhits 0 pv g4f3 e7f6 f3f6 f7e8
info depth 2 seldepth 6 multipv 1 score cp 194 nodes 378 hashfull 3 tbhits 0 pv a2a3 d5f5
info depth 3 seldepth 5 multipv 1 score cp 292 nodes 631 hashfull 3 tbhits 0 pv c3c4 d5f5
info depth 4 seldepth 5 multipv 1 score cp 331 nodes 680 hashfull 3 tbhits 0 pv c3c4 d5d4
info depth 5 seldepth 7 multipv 1 score cp 448 nodes 830 hashfull 3 tbhits 0 pv c3c4 d5f5 g3f3
info depth 6 seldepth 11 multipv 1 score cp 428 nodes 1343 hashfull 3 tbhits 0 pv c3c4 d5a5 g4g8 f7e8
info depth 7 seldepth 11 multipv 1 score cp 398 nodes 1466 hashfull 3 tbhits 0 pv c3c4 d5a5 d4d5 e6d5 g3f3 f7e8
info depth 8 seldepth 11 multipv 1 score cp 397 nodes 1556 hashfull 3 tbhits 0 pv c3c4 d5a5 d4d5 e6d5 g4f5 f7e8
info depth 9 seldepth 12 multipv 1 score cp 350 nodes 1812 hashfull 3 tbhits 0 pv c3c4 d5a5 d4d5 e6d5 g3f3 f7e8 e4f6 e7f6 f3f6 d8d7
info depth 10 seldepth 12 multipv 1 score cp 350 nodes 1986 hashfull 3 tbhits 0 pv c3c4 d5a5 d4d5 e6d5 g3f3 f7e8 e4f6 e7f6 f3f6 d8d7
info depth 11 seldepth 18 multipv 1 score cp 403 nodes 2933 hashfull 3 tbhits 0 pv c3c4 d5a5 c4c5 f7e8 g4h5 e8d7 g3g7 a5b4
info depth 12 seldepth 17 multipv 1 score mate 4 nodes 4319 hashfull 4 tbhits 0 pv g4g7 f7e8 g7e7 e8e7 g3g7 e7e8 e4f6
info depth 13 seldepth 8 multipv 1 score mate 4 nodes 4555 hashfull 4 tbhits 0 pv g4g7 f7e8 g7e7 e8e7 g3g7 e7e8 e4f6
bestmove g4g7 ponder f7e8
info depth 0 score cp 0
bestmove (none)
info depth 0 score mate 0
bestmove (none)
info depth 1 seldepth 2 multipv 1 score cp -9 nodes 37 hashfull 2 tbhits 0 pv e1g2
info depth 2 seldepth 3 multipv 1 score cp 37 nodes 74 hashfull 2 tbhits 0 pv e1g2
info depth 3 seldepth 2 multipv 1 score cp 37 nodes 104 hashfull 2 tbhits 0 pv e1g2
info depth 4 seldepth 8 multipv 1 score cp -38 nodes 812 hashfull 2 tbhits 0 pv e7e3 b7b5
info depth 5 seldepth 8 multipv 1 score cp -48 nodes 1417 hashfull 2 tbhits 0 pv e7e3 b7b5 b2b4
info depth 6 seldepth 7 multipv 1 score cp -41 nodes 1571 hashfull 2 tbhits 0 pv e7e3 b7b5 b2b4
info depth 7 seldepth 7 multipv 1 score cp -36 nodes 1698 hashfull 2 tbhits 0 pv e7e3 b7b5 b2b4
info depth 8 seldepth 8 multipv 1 score cp -39 nodes 2022 hashfull 2 tbhits 0 pv e7e3 f8e8 e3d3 b7b5 e1g2 d8e6
info depth 9 seldepth 12 multipv 1 score cp -37 nodes 2310 hashfull 2 tbhits 0 pv e7e3 f8e8 e3d3 d8e6 c2c3
info depth 10 seldepth 12 multipv 1 score cp -38 nodes 2867 hashfull 2 tbhits 0 pv e7e3 b7b6 e1g2 d8e6 c2c3 f8e8 e3d3
info depth 11 seldepth 14 multipv 1 score cp -28 nodes 8144 hashfull 5 tbhits 0 pv e7e3 b7b6 e1g2 c7c5 b2b3 f8e8 e3d3
info depth 12 seldepth 12 multipv 1 score cp -21 nodes 10513 hashfull 5 tbhits 0 pv e7e3 f8e8
info depth 13 seldepth 11 multipv 1 score cp 5 nodes 11742 hashfull 5 tbhits 0 pv e7e3 b7b6 e1g2
bestmove e7e3 ponder b7b6
info depth 1 seldepth 2 multipv 1 score cp 66 nodes 20 hashfull 12 tbhits 0 pv c2c4
info depth 2 seldepth 4 multipv 1 score cp 72 nodes 48 hashfull 12 tbhits 0 pv c2c4
info depth 3 seldepth 4 multipv 1 score cp 76 nodes 80 hashfull 12 tbhits 0 pv c2c4
info depth 4 seldepth 7 multipv 1 score cp 44 nodes 562 hashfull 12 tbhits 0 pv g2g3 f8g8 c2c4 c7c5 f1g1 a8c7
info depth 5 seldepth 8 multipv 1 score cp 18 nodes 1854 hashfull 12 tbhits 0 pv c2c3
info depth 6 seldepth 8 multipv 1 score cp 14 nodes 2164 hashfull 12 tbhits 0 pv g2g3 g7g6 c2c3 f8g8 f1g1 c7c6 a1c2
info depth 7 seldepth 13 multipv 1 score cp 10 nodes 4517 hashfull 13 tbhits 0 pv g2g3 g7g6 f1g1 c7c6 e2e4 f8g8 c2c3 a8c7
info depth 8 seldepth 8 multipv 1 score cp 10 nodes 4609 hashfull 13 tbhits 0 pv g2g3 g7g6 f1g1 c7c6 e2e4 f8g8 c2c3
info depth 9 seldepth 13 multipv 1 score cp 10 nodes 4758 hashfull 13 tbhits 0 pv g2g3 g7g6 f1g1 f8g8 c2c3 c7c6 e2e4 a8c7 a1c2 d7d5 e4e5 c8h3
info depth 10 seldepth 12 multipv 1 score cp 10 nodes 4997 hashfull 13 tbhits 0 pv g2g3 g7g6 f1g1 f8g8 c2c3 c7c6 e2e4 a8c7 a1c2 d7d5
info depth 11 seldepth 18 multipv 1 score cp 10 nodes 5928 hashfull 13 tbhits 0 pv g2g3 f8g8 f1g1 c7c6 e2e4 a8c7 d2d4 g7g6
info depth 12 seldepth 16 multipv 1 score cp 17 nodes 9966 hashfull 14 tbhits 0 pv g2g3 f8g8 f1g1 g7g6 e2e4 c7c5 c2c3 d7d6 h1g2 b7b5 a1c2
info depth 13 seldepth 16 multipv 1 score cp 24 nodes 11482 hashfull 15 tbhits 0 pv g2g3 f8g8 f1g1 g7g6 c2c3 c7c6 e2e4 d7d5 d2d4 d5e4
bestmove g2g3 ponder f8g8
