info depth 1 seldepth 2 multipv 1 score cp 2 nodes 20 hashfull 0 tbhits 0 pv b1c3
info depth 2 seldepth 3 multipv 1 score cp 10 nodes 46 hashfull 0 tbhits 0 pv b1c3
info depth 3 seldepth 4 multipv 1 score cp 14 nodes 98 hashfull 0 tbhits 0 pv b1c3
info depth 4 seldepth 5 multipv 1 score cp 22 nodes 249 hashfull 0 tbhits 0 pv d2d4
info depth 5 seldepth 8 multipv 1 score cp 43 nodes 905 hashfull 0 tbhits 0 pv c2c4
info depth 6 seldepth 11 multipv 1 score cp 27 nodes 5458 hashfull 0 tbhits 0 pv e2e4 c7c5 g1f3 b8c6 d2d4 c5d4 f3d4 g8f6
info depth 7 seldepth 9 multipv 1 score cp 27 nodes 5605 hashfull 1 tbhits 0 pv e2e4 c7c5 g1f3 b8c6 d2d4 c5d4 f3d4
info depth 8 seldepth 10 multipv 1 score cp 26 nodes 5819 hashfull 1 tbhits 0 pv e2e4 c7c5 g1f3 b8c6 d2d4 c5d4 f3d4 g8f6
info depth 9 seldepth 11 multipv 1 score cp 30 nodes 6967 hashfull 1 tbhits 0 pv e2e4 c7c5 g1f3 b8c6 d2d4 c5d4 f3d4 g8f6
info depth 10 seldepth 17 multipv 1 score cp 27 nodes 14970 hashfull 3 tbhits 0 pv e2e4 c7c5 g1f3 b8c6 f1b5 g8f6 d1e2 g7g6 e4e5 f6d5 e1g1
info depth 11 seldepth 15 multipv 1 score cp 27 nodes 27330 hashfull 9 tbhits 0 pv e2e4 c7c5 g1f3 b8c6 f1b5 e7e5 e1g1 d7d6 c2c3 a7a6 b5c6 b7c6
info depth 12 seldepth 15 multipv 1 score cp 27 nodes 28177 hashfull 9 tbhits 0 pv e2e4 c7c5 g1f3 b8c6 f1b5 e7e5 e1g1 g8e7 c2c3 a7a6 b5a4 b7b5 a4b3
info depth 13 seldepth 19 multipv 1 score cp 27 nodes 29218 hashfull 9 tbhits 0 pv e2e4 c7c5 g1f3 b8c6 f1b5 e7e5 e1g1 f8d6 d2d3 g8e7 b5c4
bestmove e2e4 ponder c7c5
info depth 1 seldepth 6 multipv 1 score cp 27 nodes 62 hashfull 0 tbhits 0 pv e2a6 b4c3 d2c3
info depth 2 seldepth 4 multipv 1 score cp 27 nodes 114 hashfull 0 tbhits 0 pv e2a6 b4c3 d2c3
info depth 3 seldepth 4 multipv 1 score cp 27 nodes 176 hashfull 0 tbhits 0 pv e2a6 b4c3 d2c3
info depth 4 seldepth 7 multipv 1 score cp -99 nodes 1010 hashfull 0 tbhits 0 pv e2a6 b4c3 d2c3 e6d5
info depth 5 seldepth 7 multipv 1 score cp -238 nodes 2645 hashfull 0 tbhits 0 pv d5e6 e7e6 e2a6 e6e5
info depth 6 seldepth 8 multipv 1 score cp -230 nodes 2973 hashfull 0 tbhits 0 pv d5e6 e7e6 e2a6 e6e5 c3e2 f6e4 d2b4
info depth 7 seldepth 8 multipv 1 score cp -186 nodes 3155 hashfull 0 tbhits 0 pv d5e6 e7e6 e2a6 e6e5 d2f4 e5a5
info depth 8 seldepth 11 multipv 1 score cp -178 nodes 4019 hashfull 0 tbhits 0 pv d5e6 e7e6 e2a6 e6e5 d2f4 e5e6
info depth 9 seldepth 11 multipv 1 score cp -182 nodes 4455 hashfull 0 tbhits 0 pv d5e6 e7e6 e2a6 h3g2 f3g2 e6e5 c3e2 f6e4 d2f4 e5e6
info depth 10 seldepth 11 multipv 1 score cp -182 nodes 4591 hashfull 0 tbhits 0 pv d5e6 e7e6 e2a6 h3g2 f3g2 e6e5 c3e2 f6e4 d2f4 e5e6
info depth 11 seldepth 18 multipv 1 score cp -135 nodes 8175 hashfull 1 tbhits 0 pv e2a6 b4c3 d2c3 e6d5 e5g4 h3g2 h1g1 f6g4 c3g7 d5e4
info depth 12 seldepth 22 multipv 1 score cp -179 nodes 41278 hashfull 14 tbhits 0 pv d5e6 e7e6 e2a6 e6e5 c3b5 h3g2 f3g2 c7c6 f2f4 e5b2 b5d6 e8f8 a1d1 b2a2
info depth 13 seldepth 18 multipv 1 score cp -179 nodes 46065 hashfull 15 tbhits 0 pv d5e6 e7e6 e2a6 e6e5 c3b5 h3g2 f3g2 c7c6 f2f4 e5b2 b5d6 e8f8 a1d1
bestmove d5e6 ponder e7e6
info depth 1 seldepth 3 multipv 1 score cp 61 nodes 17 hashfull 0 tbhits 0 pv b4f4 h4g3
info depth 2 seldepth 3 multipv 1 score cp 61 nodes 39 hashfull 0 tbhits 0 pv b4f4 h4g3
info depth 3 seldepth 5 multipv 1 score cp 45 nodes 218 hashfull 0 tbhits 0 pv b4f4 h4g3 f4f3 g3g2
info depth 4 seldepth 5 multipv 1 score cp 71 nodes 278 hashfull 0 tbhits 0 pv b4f4 h4g3
info depth 5 seldepth 6 multipv 1 score cp 107 nodes 337 hashfull 0 tbhits 0 pv b4f4 h4g3
info depth 6 seldepth 7 multipv 1 score cp 109 nodes 451 hashfull 0 tbhits 0 pv b4f4 h4g3 f4c4 h5c5
info depth 7 seldepth 9 multipv 1 score cp 114 nodes 531 hashfull 0 tbhits 0 pv b4f4 h4g3 f4c4 h5c5 c4c5 d6c5 a5a4 g3g2
info depth 8 seldepth 10 multipv 1 score cp 122 nodes 710 hashfull 0 tbhits 0 pv b4f4 h4g3 f4c4 h5c5 c4c5 d6c5
info depth 9 seldepth 15 multipv 1 score cp 146 nodes 3893 hashfull 0 tbhits 0 pv b4f4 h4g3 f4c4 h5c5 c4c5 d6c5 a5a4 g3g2 e2e4 c5c4
info depth 10 seldepth 14 multipv 1 score cp 131 nodes 5058 hashfull 1 tbhits 0 pv b4f4 h4g3 f4c4 h5h7 a5a6 g3g2 a6b7 h7h5 c4g4 g2f1
info depth 11 seldepth 24 multipv 1 score cp 119 nodes 11675 hashfull 4 tbhits 0 pv b4f4 h4g3 f4c4 h5h7 c4c3 g3g2 a5a6 h7e7 e2e4 g2f2 a6b7 e7e4 b7c7 d6d5 c3d3 d5d4 c7d6
info depth 12 seldepth 36 multipv 1 score cp 23 nodes 266586 hashfull 74 tbhits 0 pv b4f4 h4g3 f4c4 h5h7 a5a6 g3g2 a6b7 h7h5 b7c6 g2f2 e2e4 f2f3
info depth 13 seldepth 31 multipv 1 score cp 1 nodes 503134 hashfull 120 tbhits 0 pv b4f4 h4g3 f4c4 h5h7 a5a6 g3g2 a6b7 h7h5 b7c6 g2f2 e2e4 f2e3 b5b6 c7b6 c6d6 e3d3 c4b4 d3c3 b4b1 b6b5 b1f1
bestmove b4f4 ponder h4g3
info depth 1 seldepth 9 multipv 1 score cp -6 nodes 77 hashfull 0 tbhits 0 pv f5d3 f1f8 d6f8
info depth 2 seldepth 7 multipv 1 score cp -6 nodes 189 hashfull 0 tbhits 0 pv f5d3 f1f8 d6f8
info depth 3 seldepth 7 multipv 1 score cp -6 nodes 239 hashfull 0 tbhits 0 pv f5d3 f1f8 d6f8
info depth 4 seldepth 7 multipv 1 score cp -3 nodes 316 hashfull 0 tbhits 0 pv f5d3 f1f8 d6f8
info depth 5 seldepth 7 multipv 1 score cp 0 nodes 441 hashfull 0 tbhits 0 pv f5d3 f1f8 d6f8
info depth 6 seldepth 8 multipv 1 score cp 5 nodes 621 hashfull 0 tbhits 0 pv f5d3 f1f8 d6f8
info depth 7 seldepth 8 multipv 1 score cp 22 nodes 1040 hashfull 0 tbhits 0 pv f5d3
info depth 8 seldepth 11 multipv 1 score cp 23 nodes 2311 hashfull 1 tbhits 0 pv f5d3 f1f8 d6f8 h6g5 d3c4
info depth 9 seldepth 11 multipv 1 score cp 22 nodes 2909 hashfull 1 tbhits 0 pv f5d3 d4e5 d7e5 f1f8 d6f8 h6g5 f8e7
info depth 10 seldepth 18 multipv 1 score cp 15 nodes 9094 hashfull 4 tbhits 0 pv f5d3 f1f8 d6f8 h6h4 e5d4 e1e8 f8e8 c3d4 d3c4 d4c5 c4a2 h4a4
info depth 11 seldepth 16 multipv 1 score cp 17 nodes 15010 hashfull 7 tbhits 0 pv f5d3 f1f8 d6f8 h6h4 e5d4 e1e8 f8e8 c3d4 d3c4 d4c5 c4a2 h4a4 a2d5 a4d4
info depth 12 seldepth 20 multipv 1 score cp 28 nodes 23066 hashfull 11 tbhits 0 pv f5d3 f1f8 e8f8 h6e3
info depth 13 seldepth 20 multipv 1 score cp 25 nodes 42844 hashfull 17 tbhits 0 pv f5d3 f1f8 e8f8 d4e5 d7e5 h6g5 e5f7 g5g4 d6d8 h2h3 b7b6 g3h5 d8d6 h5g3
bestmove f5d3 ponder f1f8
info depth 1 seldepth 8 multipv 1 score cp -68 nodes 35 hashfull 0 tbhits 0 pv f7e6
info depth 2 seldepth 4 multipv 1 score cp -58 nodes 71 hashfull 0 tbhits 0 pv f7e6
info depth 3 seldepth 4 multipv 1 score cp -52 nodes 121 hashfull 0 tbhits 0 pv f7e6
info depth 4 seldepth 5 multipv 1 score cp -34 nodes 194 hashfull 0 tbhits 0 pv f7e6
info depth 5 seldepth 6 multipv 1 score cp -19 nodes 289 hashfull 0 tbhits 0 pv f7e6
info depth 6 seldepth 8 multipv 1 score cp -2 nodes 526 hashfull 0 tbhits 0 pv f7e6
info depth 7 seldepth 7 multipv 1 score cp 19 nodes 832 hashfull 0 tbhits 0 pv f7e6
info depth 8 seldepth 8 multipv 1 score cp 39 nodes 1550 hashfull 0 tbhits 0 pv f7e6
info depth 9 seldepth 7 multipv 1 score cp 42 nodes 2338 hashfull 1 tbhits 0 pv f7e6 d5f4
info depth 10 seldepth 9 multipv 1 score cp 49 nodes 3821 hashfull 2 tbhits 0 pv f7e6 d5f4 b8e8 g5h4 e8f7 f4d3
info depth 11 seldepth 17 multipv 1 score cp 41 nodes 17325 hashfull 9 tbhits 0 pv f7e6 d5e3 a7a5 e3g4 a5a4 a2a3 b8a7 h1f1 b6c5 g5e3
info depth 12 seldepth 23 multipv 1 score cp 36 nodes 44214 hashfull 18 tbhits 0 pv f7e6 d5f4 b8e8 f4d3 e8g6 f2f3 e6e5 g5h4 c6d4
info depth 13 seldepth 26 multipv 1 score cp 36 nodes 84737 hashfull 33 tbhits 0 pv f7e6 d5f4 b8e8 f4d3 e8g6 f2f3 h7h6 g5f4 e6e5 f4h2 a7a5 c1b1
bestmove f7e6 ponder d5f4
info depth 1 seldepth 4 multipv 1 score cp 119 nodes 38 hashfull 0 tbhits 0 pv g7g6
info depth 2 seldepth 5 multipv 1 score cp 127 nodes 117 hashfull 0 tbhits 0 pv b6b5 d3d4
info depth 3 seldepth 4 multipv 1 score cp 133 nodes 235 hashfull 0 tbhits 0 pv c8d7 h5h4
info depth 4 seldepth 8 multipv 1 score cp 158 nodes 364 hashfull 0 tbhits 0 pv f4f3 h5h4
info depth 5 seldepth 12 multipv 1 score cp 143 nodes 649 hashfull 0 tbhits 0 pv b6b5 f2f3 b5b4 c3d5 e7d5 e4d5
info depth 6 seldepth 7 multipv 1 score cp 167 nodes 917 hashfull 0 tbhits 0 pv f4f3 h5h4
info depth 7 seldepth 10 multipv 1 score cp 195 nodes 2048 hashfull 0 tbhits 0 pv f4f3 h5h4 f8f4 h2h3 d8f8 c3d5 e7d5
info depth 8 seldepth 9 multipv 1 score cp 201 nodes 2203 hashfull 0 tbhits 0 pv f4f3 h5h4 f8f4 h2h3 d8f8 d3d4 e7g6
info depth 9 seldepth 10 multipv 1 score cp 200 nodes 2380 hashfull 0 tbhits 0 pv f4f3 h5h4 f8f4 h2h3 d8f8 d3d4 e7g6 h4g3 c7c6
info depth 10 seldepth 13 multipv 1 score cp 204 nodes 3268 hashfull 1 tbhits 0 pv f4f3 h5h4 d8d7 g1h1 e7g6 h4g3 d7g4
info depth 11 seldepth 15 multipv 1 score cp 214 nodes 4251 hashfull 2 tbhits 0 pv f4f3 h5h4 d8d7 g1h1 e7g6 h4g5 g6f4
info depth 12 seldepth 16 multipv 1 score cp 189 nodes 5653 hashfull 2 tbhits 0 pv f4f3 h5h4 d8d7 g1h1 e7g6 h4g3 d7d8 f1g1 c7c6
info depth 13 seldepth 15 multipv 1 score cp 189 nodes 8140 hashfull 3 tbhits 0 pv f4f3 h5h4 f8f6 d3d4 e7g6 h4g3 e5d4 d1d4 g6e5
bestmove f4f3 ponder h5h4
info depth 1 seldepth 2 multipv 1 score cp -46 nodes 49 hashfull 0 tbhits 0 pv b4b2
info depth 2 seldepth 3 multipv 1 score cp -4 nodes 105 hashfull 0 tbhits 0 pv b4b2
info depth 3 seldepth 4 multipv 1 score cp 12 nodes 173 hashfull 0 tbhits 0 pv b4b2
info depth 4 seldepth 5 multipv 1 score cp -22 nodes 778 hashfull 0 tbhits 0 pv b4b2 e3c5 b2b6
info depth 5 seldepth 9 multipv 1 score cp -29 nodes 1505 hashfull 0 tbhits 0 pv b4b2 e3d2 a8b8 h2h3 b2a3 c3d1 a3c5 g1h1
info depth 6 seldepth 10 multipv 1 score cp -40 nodes 3193 hashfull 0 tbhits 0 pv b4b2 e3d2 b2a3 c3e2
info depth 7 seldepth 10 multipv 1 score cp -35 nodes 3734 hashfull 0 tbhits 0 pv b4b2 e3d2 b2a3 c3e2 c6c5 a1e1
info depth 8 seldepth 11 multipv 1 score cp -25 nodes 5676 hashfull 2 tbhits 0 pv b4b2 e3d2 b2a3 e4e5 f6d7 c3e4
info depth 9 seldepth 13 multipv 1 score cp -38 nodes 7934 hashfull 2 tbhits 0 pv b4b2 e3c5 f6d7 c5c6 b2c2 d3d4 c2d3 d4d5 d3e3 g1h1 e6g4
info depth 10 seldepth 16 multipv 1 score cp -23 nodes 13172 hashfull 4 tbhits 0 pv b4b2 e3c5 b2b6 c5b6 c7b6
info depth 11 seldepth 20 multipv 1 score cp -27 nodes 25774 hashfull 7 tbhits 0 pv b4b2 e3c5 b2b6 c5f2 b6a5 c3d1 c6c5 f2h4 c5c4 d3d4 h7h6
info depth 12 seldepth 19 multipv 1 score cp -32 nodes 38793 hashfull 12 tbhits 0 pv b4b2 e3c5 b2b6 c5f2 f6g4 f2b6 c7b6 c3a4 a8b8 a1b1 g4e3 f1c1 e6a2 b1b2
info depth 13 seldepth 17 multipv 1 score cp -33 nodes 40175 hashfull 12 tbhits 0 pv b4b2 e3c5 b2b6 c5f2 f6g4 f2b6 c7b6 c3a4 a8b8 a1b1 g4e3 f1c1 e6a2 b1b6
bestmove b4b2 ponder e3c5
info depth 1 seldepth 5 multipv 1 score cp 332 nodes 57 hashfull 0 tbhits 0 pv f4d6
info depth 2 seldepth 3 multipv 1 score cp 455 nodes 104 hashfull 0 tbhits 0 pv f4d6
info depth 3 seldepth 6 multipv 1 score cp 314 nodes 287 hashfull 0 tbhits 0 pv f4g3 g8e7 b5d4 c6d4 d1d4
info depth 4 seldepth 8 multipv 1 score cp 391 nodes 377 hashfull 0 tbhits 0 pv f4g3 g8e7 c4d6 e8f8 b5d4 c6d4 d1d4
info depth 5 seldepth 8 multipv 1 score cp 391 nodes 436 hashfull 0 tbhits 0 pv f4g3 g8e7 c4d6 e8f8 b5d4 c6d4 d1d4
info depth 6 seldepth 8 multipv 1 score cp 391 nodes 489 hashfull 0 tbhits 0 pv f4g3 g8e7 c4d6 e8f8 b5d4 c6d4 d1d4
info depth 7 seldepth 8 multipv 1 score cp 391 nodes 552 hashfull 0 tbhits 0 pv f4g3 g8e7 c4d6 e8f8 b5d4 c6d4 d1d4
info depth 8 seldepth 11 multipv 1 score cp 381 nodes 668 hashfull 0 tbhits 0 pv f4g3 e8f8 b5d4 c6d4 g3d6 g8e7 d1d4
info depth 9 seldepth 14 multipv 1 score cp 311 nodes 1596 hashfull 1 tbhits 0 pv f4g3 g8e7 c4d6 e8f8 d6c8 a8c8 b5d4 c6d4 d1d4 e7f5 d4d7 f5g3 h2g3
info depth 10 seldepth 14 multipv 1 score cp 311 nodes 1866 hashfull 1 tbhits 0 pv f4g3 g8e7 c4d6 e8f8 d6c8 a8c8 b5d4 c6d4 d1d4 e7f5 d4d7 f5g3 h2g3
info depth 11 seldepth 20 multipv 1 score cp 321 nodes 3117 hashfull 1 tbhits 0 pv f4g3 g8e7 c4d6 e8f8 b5d4 c6d4 d6c8 a8c8 d1d4 e7f5 d4d7 f5g3 h2g3 c8b8 h1h6 d8e7 c1b1 e7b4 g3g4
info depth 12 seldepth 22 multipv 1 score cp 343 nodes 6234 hashfull 2 tbhits 0 pv f4e5 c6e5 c4e5 f7f6 e5c4 e8f8 b5d4 d8c7 d4b5 c7f4 c1b1
info depth 13 seldepth 22 multipv 1 score cp 327 nodes 14950 hashfull 7 tbhits 0 pv f4g3 h7h5 c4d6 e8f8 b5d4 h5h4 d4c6 b7c6 g3e5
bestmove f4g3 ponder h7h5
info depth 1 seldepth 2 multipv 1 score cp 14 nodes 64 hashfull 0 tbhits 0 pv a1e1
info depth 2 seldepth 3 multipv 1 score cp 28 nodes 121 hashfull 0 tbhits 0 pv a1e1
info depth 3 seldepth 5 multipv 1 score cp 33 nodes 228 hashfull 0 tbhits 0 pv a1e1
info depth 4 seldepth 5 multipv 1 score cp 41 nodes 366 hashfull 0 tbhits 0 pv f1f3
info depth 5 seldepth 7 multipv 1 score cp 58 nodes 479 hashfull 0 tbhits 0 pv f1f2 f7f6
info depth 6 seldepth 8 multipv 1 score cp 73 nodes 877 hashfull 0 tbhits 0 pv f1f3
info depth 7 seldepth 7 multipv 1 score cp 93 nodes 1144 hashfull 0 tbhits 0 pv a1e1 d8d6
info depth 8 seldepth 11 multipv 1 score cp 65 nodes 3918 hashfull 0 tbhits 0 pv f1f3 g7g6 h5e5 e7f5
info depth 9 seldepth 12 multipv 1 score cp 77 nodes 5052 hashfull 1 tbhits 0 pv f1f3 g7g6 h5e5 d8d6 e5f6 e6g7 f6d6 c7d6 e3g5 g7f5
info depth 10 seldepth 18 multipv 1 score cp 59 nodes 20871 hashfull 5 tbhits 0 pv b3c2 f7f5 a1e1 a7a5 d2f3 e7g6 f3g5 e6g5 e3g5
info depth 11 seldepth 14 multipv 1 score cp 62 nodes 31993 hashfull 9 tbhits 0 pv a1e1 c8d7 b3c2 f7f5 d2f3 c7c6
info depth 12 seldepth 20 multipv 1 score cp 61 nodes 38070 hashfull 11 tbhits 0 pv a1e1 a7a5 b3c2 g7g6 h5e5 d8d6 e5f6 e6g7 f6d6 c7d6 e3f4 e7c6 f4d6 f8e8 a2a3 e8e1 f1e1 c8f5
info depth 13 seldepth 15 multipv 1 score cp 61 nodes 42049 hashfull 12 tbhits 0 pv a1e1 a7a5 b3c2 g7g6 h5e5 d8d6 e5f6 e6g7 f6d6 c7d6 e3f4 e7c6 f4d6
bestmove a1e1 ponder a7a5
info depth 1 seldepth 5 multipv 1 score cp 121 nodes 88 hashfull 0 tbhits 0 pv a1e1
info depth 2 seldepth 5 multipv 1 score cp 68 nodes 461 hashfull 0 tbhits 0 pv f4f6 g7f6
info depth 3 seldepth 5 multipv 1 score cp 72 nodes 530 hashfull 0 tbhits 0 pv f4f6 g7f6
info depth 4 seldepth 5 multipv 1 score cp 88 nodes 606 hashfull 0 tbhits 0 pv f4f6 g7f6
info depth 5 seldepth 7 multipv 1 score cp 136 nodes 695 hashfull 0 tbhits 0 pv f4f6 g7f6
info depth 6 seldepth 7 multipv 1 score cp 228 nodes 808 hashfull 0 tbhits 0 pv f4f6 g7f6 e3g3
info depth 7 seldepth 13 multipv 1 score cp 68 nodes 1773 hashfull 0 tbhits 0 pv f4f6 g7f6 e3h6 f6f5 h2h3 e8e6 h6h4 c7e7 h4e7
info depth 8 seldepth 15 multipv 1 score cp 115 nodes 2364 hashfull 0 tbhits 0 pv f4f6 g7f6 e3h6 f6f5 h2h3 e8e6 h6h4 c7e7 h4e7
info depth 9 seldepth 13 multipv 1 score cp 107 nodes 2485 hashfull 0 tbhits 0 pv f4f6 g7f6 e3h6 f6f5 h2h3 e8e6 h6h4 c7e5 h3g4 e5e3 g1h1
info depth 10 seldepth 13 multipv 1 score cp 107 nodes 2628 hashfull 0 tbhits 0 pv f4f6 g7f6 e3h6 f6f5 h2h3 e8e6 h6h4 c7e5 h3g4 e5e3 g1h1
info depth 11 seldepth 13 multipv 1 score cp 107 nodes 2823 hashfull 0 tbhits 0 pv f4f6 g7f6 e3h6 f6f5 h2h3 e8e6 h6h4 c7e5 h3g4 e5e3 g1h1
info depth 12 seldepth 31 multipv 1 score cp 141 nodes 16600 hashfull 6 tbhits 0 pv f4f6 g7f6 e3h6 f6f5 h2h3 e8e6 h6h4 c7e5 h3g4 e5e3 h4f2 e3f2 g1f2 f5g4
info depth 13 seldepth 34 multipv 1 score cp 181 nodes 50706 hashfull 17 tbhits 0 pv f4f6 g7f6 e3h6 f6f5 h2h3 e8e6 h6g5 e6g6 g5h4 c7e5 h3g4 e5e3 h4f2 e3f2 g1f2 g6g4 b3d2 b6b5
bestmove f4f6 ponder g7f6
info depth 1 seldepth 9 multipv 1 score cp 23 nodes 73 hashfull 0 tbhits 0 pv d8h4 e1d2 e6d5 e4d5 h4f4 d2c2
info depth 2 seldepth 8 multipv 1 score cp -127 nodes 846 hashfull 0 tbhits 0 pv a7a6 b5c3
info depth 3 seldepth 6 multipv 1 score cp -125 nodes 1082 hashfull 0 tbhits 0 pv e5d7 c1e3 a7a6
info depth 4 seldepth 8 multipv 1 score cp -127 nodes 1401 hashfull 0 tbhits 0 pv e5g4 e1g1 a7a6 b5c3
info depth 5 seldepth 7 multipv 1 score cp -104 nodes 1599 hashfull 0 tbhits 0 pv e5g4 e1g1 a7a6
info depth 6 seldepth 15 multipv 1 score cp -146 nodes 2636 hashfull 0 tbhits 0 pv e5g4 e1g1 a7a6 f4f5 g6f5 e4f5 e6d5 c4d5 a6b5 d5c6
info depth 7 seldepth 9 multipv 1 score cp -139 nodes 3084 hashfull 0 tbhits 0 pv e5g4 e1g1 f8g7 f4f5 g6f5 e4f5 e6d5 c4d5
info depth 8 seldepth 9 multipv 1 score cp -139 nodes 3212 hashfull 0 tbhits 0 pv e5g4 e1g1 f8g7 f4f5 g6f5 e4f5 e6d5 c4d5
info depth 9 seldepth 12 multipv 1 score cp -135 nodes 3480 hashfull 0 tbhits 0 pv e5g4 e1g1 f8g7 f4f5 g6f5 e2g4 h5g4 e4f5 e6d5 c4d5
info depth 10 seldepth 14 multipv 1 score cp -135 nodes 6180 hashfull 0 tbhits 0 pv e5g4 e1g1 a7a6 f4f5 g6f5 e4f5 e6d5 c4d5 c6e5 b5d4
info depth 11 seldepth 17 multipv 1 score cp -136 nodes 6959 hashfull 0 tbhits 0 pv e5g4 e1g1 f8g7 f4f5 g6f5 h2h3 a7a6 e4f5 e6d5 c4d5 c6e5 b5d4
info depth 12 seldepth 17 multipv 1 score cp -136 nodes 7612 hashfull 1 tbhits 0 pv e5g4 e1g1 f8g7 f4f5 g6f5 h2h3 a7a6 e4f5 e6d5 c4d5 c6e5 h3g4 a6b5 g4h5
info depth 13 seldepth 18 multipv 1 score cp -164 nodes 22775 hashfull 5 tbhits 0 pv e5g4 c1d2 f8g7 d2c3 e8f8 d1d2 a7a6 c3g7 f8g7 b5c3 g4f6 e1g1 e6d5 c4d5
bestmove e5g4 ponder c1d2
info depth 1 seldepth 2 multipv 1 score cp 5 nodes 35 hashfull 0 tbhits 0 pv b3c2
info depth 2 seldepth 3 multipv 1 score cp 20 nodes 77 hashfull 0 tbhits 0 pv b3c2
info depth 3 seldepth 4 multipv 1 score cp 30 nodes 195 hashfull 0 tbhits 0 pv a2a4
info depth 4 seldepth 8 multipv 1 score cp 38 nodes 294 hashfull 0 tbhits 0 pv a2a4
info depth 5 seldepth 14 multipv 1 score cp 24 nodes 1970 hashfull 0 tbhits 0 pv d1d2 e7g6 a1d1
info depth 6 seldepth 12 multipv 1 score cp 25 nodes 2218 hashfull 0 tbhits 0 pv a2a4 c8b7 b3c2 a7b6 d1d2 c7c5 d4c5
info depth 7 seldepth 15 multipv 1 score cp 25 nodes 2512 hashfull 1 tbhits 0 pv a2a4 c8b7 b3c2 a7b6 d1d2 c7c5 a4b5 a6b5
info depth 8 seldepth 13 multipv 1 score cp 22 nodes 6394 hashfull 2 tbhits 0 pv d1d2 c8b7 b3c2 c7c5 d4d5 c5c4 a1d1 a7c5
info depth 9 seldepth 12 multipv 1 score cp 23 nodes 8147 hashfull 3 tbhits 0 pv a2a4 b5a4 a1a4 a8b8 a4a3 e7g6 d1c2
info depth 10 seldepth 16 multipv 1 score cp 23 nodes 8693 hashfull 3 tbhits 0 pv a2a4 b5a4 a1a4 a8b8 a4a3 f7f5 e4f5 e7f5 b3c2 b8b2 c2f5 c8f5 e3f5 f8f5
info depth 11 seldepth 16 multipv 1 score cp 23 nodes 9096 hashfull 3 tbhits 0 pv a2a4 b5a4 a1a4 a8b8 a4a3 f7f5 e4f5 e7f5 b3c2 d8f6
info depth 12 seldepth 14 multipv 1 score cp 25 nodes 11815 hashfull 4 tbhits 0 pv a2a4 b5a4 a1a4 a8b8 f1e1 f7f5 e3f5 e7f5 e4f5 c8f5 a4a6
info depth 13 seldepth 18 multipv 1 score cp 22 nodes 24319 hashfull 8 tbhits 0 pv a2a4 b5a4 a1a4 a8b8 f1e1 e7g6 g2g3 c7c5 d4d5 d8f6 e3c4 c8g4 e1e3 g6e5
bestmove a2a4 ponder b5a4
info depth 1 seldepth 7 multipv 1 score cp 106 nodes 64 hashfull 0 tbhits 0 pv c6c5
info depth 2 seldepth 4 multipv 1 score cp 145 nodes 109 hashfull 0 tbhits 0 pv c6c5
info depth 3 seldepth 5 multipv 1 score cp 153 nodes 302 hashfull 0 tbhits 0 pv a3e7
info depth 4 seldepth 5 multipv 1 score cp 159 nodes 406 hashfull 0 tbhits 0 pv a3e7 e2d1 a4d1 b1d1
info depth 5 seldepth 7 multipv 1 score cp 285 nodes 613 hashfull 0 tbhits 0 pv c6c5
info depth 6 seldepth 8 multipv 1 score cp 269 nodes 741 hashfull 0 tbhits 0 pv c6c5 d2b3 c5d4 b3d4 d8c8 d4c2
info depth 7 seldepth 10 multipv 1 score cp 194 nodes 1773 hashfull 1 tbhits 0 pv c6c5 e2d3 c5d4 e3d4 a3e7 b1c1
info depth 8 seldepth 13 multipv 1 score cp 149 nodes 3183 hashfull 1 tbhits 0 pv c6c5 e2d3 c5d4 e3d4 a3e7 d3c3 f8e8
info depth 9 seldepth 15 multipv 1 score cp 179 nodes 6214 hashfull 2 tbhits 0 pv c6c5 e2d3 f8f7 f2e2
info depth 10 seldepth 14 multipv 1 score cp 167 nodes 6817 hashfull 2 tbhits 0 pv c6c5 e2d3 c5d4 e3d4 a3c5 d3b3 a4b3 d2b3
info depth 11 seldepth 16 multipv 1 score cp 194 nodes 7603 hashfull 2 tbhits 0 pv c6c5 e2d3 c5d4 e3d4 a3c5 d3b3 a4b3 d2b3 d8d4 b3c5
info depth 12 seldepth 21 multipv 1 score cp 242 nodes 11556 hashfull 3 tbhits 0 pv c6c5 e2d3 c5d4 e3d4 a3c5 d3b3 a4b3 d2b3 d8d4 b3d4 c5d4 b1b4 f8c8 b4a4 a6c4 a4a7 c4d5 a7a4 d4f2 g1f2
info depth 13 seldepth 19 multipv 1 score cp 240 nodes 12990 hashfull 3 tbhits 0 pv c6c5 e2d3 c5d4 e3d4 a3c5 d3b3 a4b3 d2b3 d8d4 b3c5 b6c5 f2d2 d4f4
bestmove c6c5 ponder e2d3
info depth 1 seldepth 2 multipv 1 score cp 53 nodes 38 hashfull 0 tbhits 0 pv a4b5
info depth 2 seldepth 3 multipv 1 score cp 53 nodes 82 hashfull 0 tbhits 0 pv a4b5 h5g6
info depth 3 seldepth 5 multipv 1 score cp 1 nodes 585 hashfull 0 tbhits 0 pv d4e2 h5e2 d2e2
info depth 4 seldepth 6 multipv 1 score cp -17 nodes 1390 hashfull 0 tbhits 0 pv g2g3 f7f5 d4b5 h5e8 b5c3
info depth 5 seldepth 7 multipv 1 score cp -15 nodes 2211 hashfull 0 tbhits 0 pv d4b5 f7f5 g2g3 a8a6 b5c3
info depth 6 seldepth 13 multipv 1 score cp -32 nodes 4189 hashfull 0 tbhits 0 pv c1b1 f7f5 g2g3 e7f6 d4b5 f6e5 h1c1
info depth 7 seldepth 10 multipv 1 score cp -18 nodes 4997 hashfull 0 tbhits 0 pv d4b5 f7f5 g2g3 h7h6
info depth 8 seldepth 9 multipv 1 score cp -12 nodes 5421 hashfull 0 tbhits 0 pv d4b5 f7f5 g2g3 e7f6
info depth 9 seldepth 15 multipv 1 score cp -20 nodes 10762 hashfull 2 tbhits 0 pv a4b5 f7f5 b5d5 h5f7 d4f5 e7f6 d5e4 f8e8
info depth 10 seldepth 23 multipv 1 score cp -19 nodes 45630 hashfull 12 tbhits 0 pv a4b5 f7f5 g2g3 e7f6 b5f5 c8f5 d4f5 a5a4 f5d4 h5f7 d2c2 f8b8 d4b5
info depth 11 seldepth 16 multipv 1 score cp -34 nodes 61456 hashfull 18 tbhits 0 pv a2a3 f7f5 g2g3 e7f6 c4c5 d6c5 a4c4 h5f7 c4c5 c8a6
info depth 12 seldepth 22 multipv 1 score cp -34 nodes 79590 hashfull 26 tbhits 0 pv c1b1 f7f5 g2g3 e7f6 h1c1 h7h6 a4b5 a5a4 b5f5 c8f5 d4f5 a8a5
info depth 13 seldepth 28 multipv 1 score cp -40 nodes 144596 hashfull 51 tbhits 0 pv a4b5 f7f5 h2h4 a8b8 b5a5 b8a8 a5d5 h5f7 d5f5 a8a2 f5c8 f8c8 h1d1 a2a6
bestmove a4b5 ponder f7f5
info depth 1 seldepth 5 multipv 1 score cp 84 nodes 40 hashfull 0 tbhits 0 pv e8e7
info depth 2 seldepth 3 multipv 1 score cp 120 nodes 76 hashfull 0 tbhits 0 pv e8e7
info depth 3 seldepth 4 multipv 1 score cp 126 nodes 143 hashfull 0 tbhits 0 pv e8e7 g2g4
info depth 4 seldepth 5 multipv 1 score cp 141 nodes 250 hashfull 0 tbhits 0 pv e8e7 b5b2
info depth 5 seldepth 6 multipv 1 score cp 141 nodes 302 hashfull 0 tbhits 0 pv e8e7 b5b2 h8a8 g2g3 a8a4
info depth 6 seldepth 9 multipv 1 score cp 145 nodes 640 hashfull 0 tbhits 0 pv e8d7 g1f1 h8a8 b5b2
info depth 7 seldepth 11 multipv 1 score cp 103 nodes 1443 hashfull 1 tbhits 0 pv e8d7 g1f1 h8a8 b5b2 a8a7 f1e2
info depth 8 seldepth 13 multipv 1 score cp 105 nodes 3142 hashfull 1 tbhits 0 pv e8d7 g2g4 h8a8 b5b2 f7f6 g4g5 c3a3
info depth 9 seldepth 12 multipv 1 score cp 133 nodes 4633 hashfull 2 tbhits 0 pv e8d7 g2g4 h8a8 b5b2 a8a6
info depth 10 seldepth 15 multipv 1 score cp 124 nodes 5468 hashfull 2 tbhits 0 pv e8d7 f3e5 d7e7 b5b3 c3b3 b1b3 h8a8 a2a3 f7f6
info depth 11 seldepth 16 multipv 1 score cp 125 nodes 11662 hashfull 5 tbhits 0 pv e8e7 b5b3 c3b3 a2b3 h8a8 g1f1 e7d7 h2h4 a8a2 h4h5 f7f6 f3e1
info depth 12 seldepth 18 multipv 1 score cp 139 nodes 19556 hashfull 7 tbhits 0 pv e8d7 b5b3 c3b3 b1b3
info depth 13 seldepth 23 multipv 1 score cp 122 nodes 59340 hashfull 23 tbhits 0 pv e8d7 b5b2 h8a8 f3e5 d7e8
bestmove e8d7 ponder b5b2
info depth 1 seldepth 4 multipv 1 score cp 105 nodes 80 hashfull 0 tbhits 0 pv c5d5
info depth 2 seldepth 4 multipv 1 score cp 116 nodes 145 hashfull 0 tbhits 0 pv c5d5
info depth 3 seldepth 6 multipv 1 score cp 127 nodes 234 hashfull 0 tbhits 0 pv c5d5 d1d5 e6d5
info depth 4 seldepth 5 multipv 1 score cp 138 nodes 330 hashfull 0 tbhits 0 pv c5d5 d1d5 e6d5
info depth 5 seldepth 7 multipv 1 score cp 190 nodes 488 hashfull 0 tbhits 0 pv c5d5 d1d5
info depth 6 seldepth 7 multipv 1 score cp 193 nodes 904 hashfull 0 tbhits 0 pv c5d5 d1d5 e6d5 c4e5 d8e7
info depth 7 seldepth 8 multipv 1 score cp 241 nodes 1241 hashfull 0 tbhits 0 pv c5d5 d1d5 e6d5 c4e5 d8e7
info depth 8 seldepth 15 multipv 1 score cp 242 nodes 4262 hashfull 0 tbhits 0 pv c5d5 d1d5 e6d5 c4e5 d8d6 f4d3 b7a6
info depth 9 seldepth 19 multipv 1 score cp 213 nodes 5936 hashfull 1 tbhits 0 pv c5d5 d1d5 e6d5 c4b2 d8c7 a1b1 c7c3 b2d3
info depth 10 seldepth 17 multipv 1 score cp 244 nodes 7274 hashfull 1 tbhits 0 pv c5d5 d1d5 e6d5 c4b2 d8c7 a1b1 c7c3 b2d3 d5d4 b1c1
info depth 11 seldepth 21 multipv 1 score cp 219 nodes 15171 hashfull 4 tbhits 0 pv c5d5 d1d5 e6d5 c4b2 d8c7 a1b1 d5d4 b2c4 f6g5 b1d3 g5f4 e3f4 c7f4 c4d2 b7d5 d3b5 f4d2 b5e8 g8g7
info depth 12 seldepth 26 multipv 1 score cp 200 nodes 25707 hashfull 7 tbhits 0 pv c5d5 d1d5 e6d5 c4b2 d8c7 a1b1 c7c3 b2d3 d5d4 e3d4 f6d4 b1e1 c3e1 d3e1 a7a5 f4e2 d4b6 e1c2 g8g7
info depth 13 seldepth 26 multipv 1 score cp 193 nodes 37748 hashfull 11 tbhits 0 pv c5d5 d1d5 e6d5 c4b2 d8c7 a1b1 c7c3 b2d3 d5d4 e3d4 f6d4 b1e1 g8f8 f4e2 c3e1 d3e1 d4b6 e1c2
bestmove c5d5 ponder d1d5
info depth 1 seldepth 4 multipv 1 score cp 76 nodes 21 hashfull 0 tbhits 0 pv e4d2 f3g4
info depth 2 seldepth 6 multipv 1 score cp 9 nodes 233 hashfull 0 tbhits 0 pv e4f6
info depth 3 seldepth 6 multipv 1 score cp 16 nodes 313 hashfull 0 tbhits 0 pv e4d2 f3f4 a5a4 b3a4 b5a4
info depth 4 seldepth 7 multipv 1 score cp 34 nodes 385 hashfull 0 tbhits 0 pv e4d2 f3f4
info depth 5 seldepth 7 multipv 1 score cp 0 nodes 684 hashfull 0 tbhits 0 pv e4d2 f3e2 d2e4 e2f3
info depth 6 seldepth 6 multipv 1 score cp 0 nodes 974 hashfull 0 tbhits 0 pv e4d2 f3e2 d2e4 e2f3 e4d2
info depth 7 seldepth 5 multipv 1 score cp 0 nodes 1013 hashfull 0 tbhits 0 pv e4d2 f3e2 d2e4 e2f3
info depth 8 seldepth 5 multipv 1 score cp 0 nodes 1061 hashfull 0 tbhits 0 pv e4d2 f3e2 d2e4 e2f3
info depth 9 seldepth 5 multipv 1 score cp 0 nodes 1124 hashfull 0 tbhits 0 pv e4d2 f3e2 d2e4 e2f3
info depth 10 seldepth 6 multipv 1 score cp 0 nodes 1192 hashfull 0 tbhits 0 pv e4d2 f3e2 d2e4 e2f3 e4d2
info depth 11 seldepth 6 multipv 1 score cp 0 nodes 1294 hashfull 0 tbhits 0 pv e4d2 f3e2 d2e4 e2f3 e4d2
info depth 12 seldepth 5 multipv 1 score cp 0 nodes 2258 hashfull 0 tbhits 0 pv e4d2 f3e2 d2e4 e2f3
info depth 13 seldepth 5 multipv 1 score cp 0 nodes 3306 hashfull 0 tbhits 0 pv e4d2 f3e2 d2e4 e2f3
bestmove e4d2 ponder f3e2
info depth 1 seldepth 3 multipv 1 score cp 17 nodes 12 hashfull 0 tbhits 0 pv e3c2
info depth 2 seldepth 3 multipv 1 score cp 20 nodes 31 hashfull 0 tbhits 0 pv e3c2
info depth 3 seldepth 5 multipv 1 score cp 24 nodes 105 hashfull 0 tbhits 0 pv e3f1
info depth 4 seldepth 5 multipv 1 score cp 32 nodes 199 hashfull 0 tbhits 0 pv e3c2
info depth 5 seldepth 7 multipv 1 score cp 35 nodes 423 hashfull 0 tbhits 0 pv d3e2
info depth 6 seldepth 7 multipv 1 score cp 38 nodes 573 hashfull 0 tbhits 0 pv e3c2 d8c7
info depth 7 seldepth 8 multipv 1 score cp 85 nodes 966 hashfull 0 tbhits 0 pv c4c5 d6c5
info depth 8 seldepth 10 multipv 1 score cp 129 nodes 1146 hashfull 0 tbhits 0 pv c4c5 d6c5 d5d6
info depth 9 seldepth 12 multipv 1 score cp 141 nodes 1619 hashfull 0 tbhits 0 pv c4c5 f7e8 c5b6 d8b6 e3c4
info depth 10 seldepth 11 multipv 1 score cp 235 nodes 3038 hashfull 0 tbhits 0 pv c4c5 d6c5 d5d6 f7f8 d3c4 f8f7
info depth 11 seldepth 13 multipv 1 score cp 297 nodes 6558 hashfull 1 tbhits 0 pv c4c5 b6c5 e3c4 d8c7
info depth 12 seldepth 18 multipv 1 score cp 381 nodes 20088 hashfull 5 tbhits 0 pv c4c5 b6c5 e3c4 f7e7 b5b6 e7d7 b6b7 d8c7 c4a5 c7b8 d3c4 d7c7 c4b5 c5c4 a5c4 c7b7
info depth 13 seldepth 26 multipv 1 score cp 435 nodes 42733 hashfull 13 tbhits 0 pv c4c5 f7e8 c5b6 d8b6 e3c4 b6c5 c4a5 e8d7 a5c6 d7c7 d3c4 c5f2 a4a5
bestmove c4c5 ponder f7e8
info depth 1 seldepth 2 multipv 1 score cp 129 nodes 17 hashfull 0 tbhits 0 pv g5h5
info depth 2 seldepth 4 multipv 1 score cp 100 nodes 76 hashfull 0 tbhits 0 pv g5h5 a2c2 c8b8
info depth 3 seldepth 4 multipv 1 score cp 100 nodes 119 hashfull 0 tbhits 0 pv g5h5 a2c2 c8b8
info depth 4 seldepth 6 multipv 1 score cp 103 nodes 251 hashfull 0 tbhits 0 pv g5h5 a2c2 c8b7 f5f4
info depth 5 seldepth 8 multipv 1 score cp 74 nodes 1132 hashfull 1 tbhits 0 pv g5h5 a2e2 h6h7 e2e8 c8d7
info depth 6 seldepth 7 multipv 1 score cp 88 nodes 1297 hashfull 1 tbhits 0 pv g5h5 a2e2
info depth 7 seldepth 8 multipv 1 score cp 116 nodes 1663 hashfull 1 tbhits 0 pv g5h5 a2c2 c8d7
info depth 8 seldepth 10 multipv 1 score cp 152 nodes 2517 hashfull 1 tbhits 0 pv g5h5 a2e2 c8d7 e2d2 d7e7 d2b2 h6h7
info depth 9 seldepth 18 multipv 1 score cp 43 nodes 12697 hashfull 4 tbhits 0 pv g5f5 f3g4 f5h5 a2f2 h5h1 f2f8 c8d7 f8h8 d7e6 g4g5
info depth 10 seldepth 25 multipv 1 score cp 3 nodes 68932 hashfull 13 tbhits 0 pv g5f5 f3g4 f5h5 a2f2 h5h1 f2f8 c8d7 f8h8 h1g1 g4f4
info depth 11 seldepth 19 multipv 1 score cp 45 nodes 89635 hashfull 20 tbhits 0 pv g5f5 f3g4 f5h5 a2e2 h5h1 e2e8 c8d7 e8h8 d7e6
info depth 12 seldepth 19 multipv 1 score cp 54 nodes 91739 hashfull 20 tbhits 0 pv g5f5 f3g4 f5h5 a2e2 h5h1 e2e8 c8d7 e8h8 d7e6 h8h7
info depth 13 seldepth 17 multipv 1 score cp 64 nodes 96305 hashfull 22 tbhits 0 pv g5f5 f3g4 f5h5 a2e2 h5h1 e2e8 c8d7 e8h8 d7e6 g4g5
bestmove g5f5 ponder f3g4
info depth 1 seldepth 4 multipv 1 score cp 134 nodes 28 hashfull 0 tbhits 0 pv d1b1 h7h6
info depth 2 seldepth 5 multipv 1 score cp 149 nodes 83 hashfull 0 tbhits 0 pv d1c2 g7g6
info depth 3 seldepth 6 multipv 1 score cp 145 nodes 195 hashfull 0 tbhits 0 pv d1d3 g7g6
info depth 4 seldepth 6 multipv 1 score cp 152 nodes 314 hashfull 0 tbhits 0 pv d1c2 h7h6 c2c6 h6h7
info depth 5 seldepth 9 multipv 1 score cp 155 nodes 397 hashfull 0 tbhits 0 pv d1c2 h7h6 c2c6 g7g6
info depth 6 seldepth 7 multipv 1 score cp 143 nodes 466 hashfull 0 tbhits 0 pv d1c2 h7h6 c2c6 g7g6 c6f6 h4h3
info depth 7 seldepth 8 multipv 1 score cp 152 nodes 713 hashfull 0 tbhits 0 pv a4a5 b6a5 b4a5 h2g2 d1d3 h7h6
info depth 8 seldepth 10 multipv 1 score cp 143 nodes 2003 hashfull 0 tbhits 0 pv a4a5 b6a5 b4a5 h2h3 d1b1 h7h8 b1b8 h8h7 b8f4
info depth 9 seldepth 14 multipv 1 score cp 140 nodes 4587 hashfull 0 tbhits 0 pv a4a5 b6a5 b4a5 h2h3 d1d3 g7g6 d3d5 h3c8
info depth 10 seldepth 14 multipv 1 score cp 140 nodes 5996 hashfull 1 tbhits 0 pv a4a5 b6a5 b4a5 h2g2 d1b1 h7h6 a5a6
info depth 11 seldepth 18 multipv 1 score cp 139 nodes 7427 hashfull 1 tbhits 0 pv a4a5 b6a5 b4a5 h2h3 d1d3 g7g6 d3d5 h3c8 d5f7 h7h8 f7f6 h8h7 f6h4 h7g7 h4e7 g7h6
info depth 12 seldepth 16 multipv 1 score cp 139 nodes 9712 hashfull 2 tbhits 0 pv a4a5 b6a5 b4a5 h2h3 d1d3 g7g6 d3d5 h3c8 d5f7 h7h8 f7f6 h8h7
info depth 13 seldepth 16 multipv 1 score cp 139 nodes 10409 hashfull 2 tbhits 0 pv a4a5 b6a5 b4a5 h2h3 d1d3 g7g6 d3d5 h3c8 d5f7 h7h8 f7f6 h8h7 f6h4 h7g7
bestmove a4a5 ponder b6a5
info depth 1 seldepth 5 multipv 1 score cp -371 nodes 39 hashfull 0 tbhits 0 pv e4a8 e6g8 a8g8 h8g8
info depth 2 seldepth 5 multipv 1 score cp -307 nodes 89 hashfull 0 tbhits 0 pv e4e6 d7e6
info depth 3 seldepth 4 multipv 1 score cp -259 nodes 132 hashfull 0 tbhits 0 pv e4e6 d7e6 f3g2
info depth 4 seldepth 5 multipv 1 score cp -275 nodes 179 hashfull 0 tbhits 0 pv e4e6 d7e6 f3g2 h7h5
info depth 5 seldepth 6 multipv 1 score cp -247 nodes 258 hashfull 0 tbhits 0 pv e4e6 d7e6 f3g2 h7h6
info depth 6 seldepth 7 multipv 1 score cp -200 nodes 406 hashfull 0 tbhits 0 pv e4e6 d7e6 f3g2 h8g8
info depth 7 seldepth 8 multipv 1 score cp -127 nodes 806 hashfull 0 tbhits 0 pv e4e6 d7e6 f3g2 h7h6 a2a4 h8h7
info depth 8 seldepth 11 multipv 1 score cp -124 nodes 1524 hashfull 0 tbhits 0 pv e4e6 d7e6 f3g2 h7h5
info depth 9 seldepth 10 multipv 1 score cp -85 nodes 3292 hashfull 0 tbhits 0 pv e4e6 d7e6 f3g2 h7h5 a2a4 h8h7
info depth 10 seldepth 15 multipv 1 score cp -81 nodes 8519 hashfull 1 tbhits 0 pv e4e6 d7e6 f3g2 h7h5 a2a4 e6e5
info depth 11 seldepth 13 multipv 1 score cp -69 nodes 14690 hashfull 2 tbhits 0 pv e4e6 d7e6 f3g2 e6e5
info depth 12 seldepth 16 multipv 1 score cp -39 nodes 24694 hashfull 4 tbhits 0 pv e4e6 d7e6 f3g2 e6e5 a2a4 h7h6
info depth 13 seldepth 15 multipv 1 score cp -30 nodes 39003 hashfull 6 tbhits 0 pv e4e6 d7e6 f3g2 e6e5 a2a4 h7h6 a4a5 e5e4
bestmove e4e6 ponder d7e6
info depth 1 seldepth 4 multipv 1 score cp 140 nodes 13 hashfull 0 tbhits 0 pv e5f5 c5d5
info depth 2 seldepth 3 multipv 1 score cp 140 nodes 31 hashfull 0 tbhits 0 pv e5f5 c5d5
info depth 3 seldepth 4 multipv 1 score cp 179 nodes 60 hashfull 0 tbhits 0 pv e5f5 c5d5
info depth 4 seldepth 6 multipv 1 score cp 120 nodes 179 hashfull 0 tbhits 0 pv e5f5 c5d5 f5f4 c7c5
info depth 5 seldepth 6 multipv 1 score cp 142 nodes 228 hashfull 0 tbhits 0 pv e5f5 c5d5 f5f4 c7c5 f4g5
info depth 6 seldepth 8 multipv 1 score cp 166 nodes 318 hashfull 0 tbhits 0 pv e5f5 c5d5 f5f4 d5e6
info depth 7 seldepth 13 multipv 1 score cp 141 nodes 710 hashfull 0 tbhits 0 pv d5d6 c7d6 e5f5 c5d5 f5g5 d5e4 g5h5 e4f5
info depth 8 seldepth 9 multipv 1 score cp 141 nodes 758 hashfull 0 tbhits 0 pv d5d6 c7d6 e5f5 c5d5 f5g5 d5e4 g5h5 e4f5
info depth 9 seldepth 11 multipv 1 score cp 145 nodes 818 hashfull 0 tbhits 0 pv d5d6 c7d6 e5f5 c5d5 f5g5 d5e4 g5h5 e4f5 h5h6 f5f6
info depth 10 seldepth 17 multipv 1 score cp 180 nodes 2328 hashfull 0 tbhits 0 pv d5d6 c7d6 e5f5 c5d5 f5g5 d5e4 g5h5 e4f5 h5h6 f5f6 h4h5 d6d5
info depth 11 seldepth 12 multipv 1 score cp 180 nodes 2437 hashfull 0 tbhits 0 pv d5d6 c7d6 e5f5 c5d5 f5g5 d5e4 g5h5 e4f5 h5h6 f5f6 h4h5
info depth 12 seldepth 13 multipv 1 score cp 180 nodes 3350 hashfull 0 tbhits 0 pv d5d6 c7d6 e5f5 c5d5 f5g5 d5e4 g5h5 e4f5 h5h6 f5f6 h4h5 d6d5
info depth 13 seldepth 21 multipv 1 score cp 281 nodes 12039 hashfull 2 tbhits 0 pv d5d6 c7d6 e5f5 c5d5 f5g5 d5e4 g5h5 e4d3
bestmove d5d6 ponder c7d6
info depth 1 seldepth 3 multipv 1 score cp -206 nodes 11 hashfull 0 tbhits 0 pv f5f6 g7f6
info depth 2 seldepth 4 multipv 1 score cp -182 nodes 101 hashfull 0 tbhits 0 pv g4g5 f7f6
info depth 3 seldepth 6 multipv 1 score cp -183 nodes 194 hashfull 0 tbhits 0 pv f5f6 g7f6 f2f4 f6f5
info depth 4 seldepth 6 multipv 1 score cp -183 nodes 249 hashfull 0 tbhits 0 pv f5f6 g7f6 f2f4 f6f5
info depth 5 seldepth 7 multipv 1 score cp -147 nodes 370 hashfull 0 tbhits 0 pv f5f6 g7f6 f2f4 c4d4
info depth 6 seldepth 9 multipv 1 score cp -163 nodes 446 hashfull 0 tbhits 0 pv f5f6 g7f6 f2f4 c4d4 g4g5 f6g5 f4g5
info depth 7 seldepth 9 multipv 1 score cp -163 nodes 510 hashfull 0 tbhits 0 pv f5f6 g7f6 f2f4 c4d4 g4g5 f6g5 f4g5
info depth 8 seldepth 9 multipv 1 score cp -137 nodes 707 hashfull 0 tbhits 0 pv f5f6 g7f6 f2f4 c4d4 g4g5 f6g5 f4g5
info depth 9 seldepth 10 multipv 1 score cp 59 nodes 1772 hashfull 0 tbhits 0 pv f5f6 g7f6 f2f4 c4d5 g4g5 f6g5 f4g5 d5e6
info depth 10 seldepth 15 multipv 1 score cp 58 nodes 4283 hashfull 0 tbhits 0 pv f5f6 g7f6 f2f4 c4d5 g4g5 f6g5 f4g5 d5e5
info depth 11 seldepth 13 multipv 1 score cp 61 nodes 5883 hashfull 0 tbhits 0 pv f5f6 g7f6 f2f4 c4d5 g4g5 f6g5 f4g5 d5e6
info depth 12 seldepth 15 multipv 1 score cp 75 nodes 8450 hashfull 0 tbhits 0 pv f5f6 g7f6 f2f4 c4d5 g4g5 f6g5 f4g5 d5e5
info depth 13 seldepth 15 multipv 1 score cp 101 nodes 12072 hashfull 0 tbhits 0 pv f5f6 g7f6 f2f4 c4d5 g4g5 f6g5 f4g5 d5e6
bestmove f5f6 ponder g7f6
info depth 1 seldepth 2 multipv 1 score cp 60 nodes 10 hashfull 0 tbhits 0 pv g3g2
info depth 2 seldepth 3 multipv 1 score cp 62 nodes 110 hashfull 0 tbhits 0 pv g3f3 g7g6
info depth 3 seldepth 5 multipv 1 score cp 65 nodes 164 hashfull 0 tbhits 0 pv g3f3 e7f7
info depth 4 seldepth 5 multipv 1 score cp 85 nodes 313 hashfull 0 tbhits 0 pv f4f5 e6f5
info depth 5 seldepth 7 multipv 1 score cp 121 nodes 358 hashfull 0 tbhits 0 pv f4f5 e6f5
info depth 6 seldepth 7 multipv 1 score cp 169 nodes 483 hashfull 0 tbhits 0 pv f4f5 e6f5
info depth 7 seldepth 8 multipv 1 score cp 206 nodes 947 hashfull 0 tbhits 0 pv f4f5 g7h6
info depth 8 seldepth 13 multipv 1 score cp 234 nodes 2383 hashfull 0 tbhits 0 pv f4f5 e6f5 g3f4 e7e6 f4f5 e6g6 e5e6 g6f6 f5e5
info depth 9 seldepth 10 multipv 1 score cp 234 nodes 2601 hashfull 0 tbhits 0 pv f4f5 e6f5 g3f4 e7e6 f4f5 e6g6 e5e6 g6f6 f5e5
info depth 10 seldepth 18 multipv 1 score cp 232 nodes 7575 hashfull 2 tbhits 0 pv f4f5 g7g8
info depth 11 seldepth 20 multipv 1 score cp 231 nodes 18048 hashfull 3 tbhits 0 pv f4f5 g7h7 g3f4 e7g7 f5e6 g7g4 f4f5 h7g7 h3f3 g4g1 a3a4 g1g4 a4a5 g4g1 a5a6 b7a6 e6e7
info depth 12 seldepth 32 multipv 1 score cp 298 nodes 71055 hashfull 17 tbhits 0 pv f4f5 g7h6 g3f4 e7g7 f5e6 g7g4 f4f5 h6g7 h3f3 a7a6 a3a4 g4g1 e6e7 g7f7 e7e8q f7e8 f5e6 g1g7
info depth 13 seldepth 32 multipv 1 score cp 244 nodes 88057 hashfull 23 tbhits 0 pv f4f5 e6f5 g3f4 g7f8 h3g3 a7a5 b4a5 c6c5 d4c5 e7c7 f4f5 c7c5 f5f6 c5a5 e5e6 a5a6 g3f3 a6c6 a3a4
bestmove f4f5 ponder e6f5
info depth 1 seldepth 3 multipv 1 score cp 98 nodes 11 hashfull 0 tbhits 0 pv c6b7
info depth 2 seldepth 4 multipv 1 score cp 118 nodes 28 hashfull 0 tbhits 0 pv c6b7
info depth 3 seldepth 5 multipv 1 score cp 90 nodes 179 hashfull 0 tbhits 0 pv c6a8 f1g2 a8b7
info depth 4 seldepth 5 multipv 1 score cp 78 nodes 285 hashfull 0 tbhits 0 pv c6a8 f1g2 a8b7 g2h1
info depth 5 seldepth 6 multipv 1 score cp 94 nodes 367 hashfull 0 tbhits 0 pv c6a8 f1g2 a8b7 g2h1
info depth 6 seldepth 7 multipv 1 score cp 110 nodes 497 hashfull 0 tbhits 0 pv c6a8 f1g2 a8b7 g2h1
info depth 7 seldepth 14 multipv 1 score cp 83 nodes 1670 hashfull 0 tbhits 0 pv c6a8 f1g2 a8b7 g2f1 d6c6 f1g2 d7d5 g2h1 c6d6 e4d5 b7d5 h1g2 d6c6
info depth 8 seldepth 12 multipv 1 score cp 83 nodes 1894 hashfull 0 tbhits 0 pv c6a8 f1g2 a8b7 g2f1 d6c6 f1g2 d7d5 g2h1 c6d6 e4d5
info depth 9 seldepth 18 multipv 1 score cp 79 nodes 2808 hashfull 0 tbhits 0 pv c6a8 f1g2 d6c6 g2h1 a8b7 h1g2 d7d5 g2h1 c6d6 e4d5 b7d5 h1g2 d5f7 g2h1
info depth 10 seldepth 13 multipv 1 score cp 79 nodes 2964 hashfull 0 tbhits 0 pv c6a8 f1g2 d6c6 g2h1 a8b7 h1g2 d7d5 g2h1 c6d6 e4d5 b7d5 h1g2
info depth 11 seldepth 20 multipv 1 score cp 101 nodes 3670 hashfull 0 tbhits 0 pv c6a8 f1g2 d6c6 g2f1
info depth 12 seldepth 19 multipv 1 score cp 130 nodes 5883 hashfull 0 tbhits 0 pv c6a8 f1g2 a8b7
info depth 13 seldepth 21 multipv 1 score cp 157 nodes 9542 hashfull 0 tbhits 0 pv c6a8 f1g2 a8b7 g2h1 d6c6 h1g2 d7d5 e4d5 c6d6
bestmove c6a8 ponder f1g2
info depth 1 seldepth 3 multipv 1 score cp -58 nodes 21 hashfull 0 tbhits 0 pv h4h3
info depth 2 seldepth 4 multipv 1 score cp -176 nodes 315 hashfull 0 tbhits 0 pv f8g8
info depth 3 seldepth 6 multipv 1 score cp -163 nodes 350 hashfull 0 tbhits 0 pv f8g8 h7d7 h4h3 d7d8 g8h7
info depth 4 seldepth 6 multipv 1 score cp -162 nodes 407 hashfull 0 tbhits 0 pv f8g8 h7d7 g8f8
info depth 5 seldepth 7 multipv 1 score cp -143 nodes 495 hashfull 0 tbhits 0 pv f8g8 h7d7 g8f8 d7f7 f8g8
info depth 6 seldepth 7 multipv 1 score cp -94 nodes 604 hashfull 0 tbhits 0 pv f8g8 h7d7 g8f8 d7d8 f8e7
info depth 7 seldepth 8 multipv 1 score cp -45 nodes 1142 hashfull 0 tbhits 0 pv a4a3 h7f7 f8g8
info depth 8 seldepth 15 multipv 1 score cp -19 nodes 3255 hashfull 0 tbhits 0 pv h4h3 h7h6 a4a3 h6h8 f8e7 h8h7 e7f8 e6e7 f8e8
info depth 9 seldepth 11 multipv 1 score cp -43 nodes 3939 hashfull 0 tbhits 0 pv h4h3 h7h6 a4a3 h6h8 f8e7 h8h7 e7f8 h7h3
info depth 10 seldepth 16 multipv 1 score cp 0 nodes 6126 hashfull 0 tbhits 0 pv h4h3 h7h6 a4a3 h6h8 f8e7 h8h7 e7f8 h7h3 c4a4 h3h8 f8e7 h8h7 e7e8 h7h8 e8e7
info depth 11 seldepth 14 multipv 1 score cp -10 nodes 8036 hashfull 0 tbhits 0 pv h4h3 h7h6 a4a3 h6h8 f8e7 h8h7 e7f8 h7h3 c4a4 h3h8 f8e7 h8h7 e7e8
info depth 12 seldepth 14 multipv 1 score cp 0 nodes 13132 hashfull 1 tbhits 0 pv h4h3 f5e5 a4a3 h7h8 f8e7 h8h7 e7f8
info depth 13 seldepth 9 multipv 1 score cp 0 nodes 18018 hashfull 2 tbhits 0 pv h4h3 h7h8 f8e7 h8h7
bestmove h4h3 ponder h7h8
info depth 1 seldepth 3 multipv 1 score cp 20 nodes 43 hashfull 0 tbhits 0 pv c5d3
info depth 2 seldepth 3 multipv 1 score cp 74 nodes 82 hashfull 0 tbhits 0 pv c5d3
info depth 3 seldepth 3 multipv 1 score cp 104 nodes 131 hashfull 0 tbhits 0 pv c5d3
info depth 4 seldepth 8 multipv 1 score cp 52 nodes 1451 hashfull 0 tbhits 0 pv e1e7 b2a3 a6a7 a3c5
info depth 5 seldepth 9 multipv 1 score cp 35 nodes 3112 hashfull 1 tbhits 0 pv c5d3 b2d4
info depth 6 seldepth 10 multipv 1 score cp 46 nodes 3298 hashfull 1 tbhits 0 pv c5d3 b2d4 e1e6
info depth 7 seldepth 10 multipv 1 score cp 83 nodes 5716 hashfull 1 tbhits 0 pv e1e4 a5c5 e4e8 g8f7 a6a7 f7e8 a7a8q e8f7
info depth 8 seldepth 12 multipv 1 score cp 104 nodes 7294 hashfull 2 tbhits 0 pv e1e4 a5c5 e4e8 g8f7 a6a7 f7e8 a7a8q e8f7
info depth 9 seldepth 11 multipv 1 score cp 113 nodes 8227 hashfull 2 tbhits 0 pv e1e4 a5c5 e4e8 g8f7 a6a7 f7e8 a7a8q e8f7
info depth 10 seldepth 11 multipv 1 score cp 139 nodes 11552 hashfull 2 tbhits 0 pv e1e4 a5c5 e4e8 g8f7 a6a7 f7e8 a7a8q e8d7
info depth 11 seldepth 11 multipv 1 score cp 168 nodes 15888 hashfull 4 tbhits 0 pv e1e4 a5c5 e4e8 g8f7 a6a7 f7e8 a7a8q e8e7
info depth 12 seldepth 13 multipv 1 score cp 223 nodes 24452 hashfull 5 tbhits 0 pv e1e4 a5c5 e4e8 g8f7 a6a7 f7e8 a7a8q e8d7
info depth 13 seldepth 13 multipv 1 score cp 317 nodes 49996 hashfull 12 tbhits 0 pv e1e4 a5a1 g1h2 g7g5 c5a4
bestmove e1e4 ponder a5a1
info depth 1 seldepth 4 multipv 1 score cp 192 nodes 46 hashfull 0 tbhits 0 pv c6c7
info depth 2 seldepth 3 multipv 1 score cp 274 nodes 83 hashfull 0 tbhits 0 pv c6c7
info depth 3 seldepth 5 multipv 1 score cp 251 nodes 266 hashfull 0 tbhits 0 pv g3g4 e7g5
info depth 4 seldepth 6 multipv 1 score cp 225 nodes 420 hashfull 0 tbhits 0 pv g3g4 e5e4 d3e4 e7g7
info depth 5 seldepth 8 multipv 1 score cp 217 nodes 517 hashfull 0 tbhits 0 pv d1c3 f4g3 c4g4 g3f2
info depth 6 seldepth 8 multipv 1 score cp 218 nodes 618 hashfull 0 tbhits 0 pv d1c3 e5e4 g3f4 h6f4 d3e4 f4e5
info depth 7 seldepth 12 multipv 1 score cp 283 nodes 1438 hashfull 0 tbhits 0 pv g3g4 f4f3 e2f3 e5e4 d5e4
info depth 8 seldepth 10 multipv 1 score cp 267 nodes 1630 hashfull 0 tbhits 0 pv g3g4 f4f3 e2f3 e7f6 f3g2
info depth 9 seldepth 10 multipv 1 score cp 288 nodes 2467 hashfull 0 tbhits 0 pv c4e4 e7f6 e4h7 f4g3 h7g8 f8e7 g8b8
info depth 10 seldepth 14 multipv 1 score cp 253 nodes 6935 hashfull 3 tbhits 0 pv g3g4 f4f3 e2f3 e7f6 f3g2 f6f4 d5e6 f4c4 d3c4
info depth 11 seldepth 17 multipv 1 score cp 266 nodes 10874 hashfull 4 tbhits 0 pv d5e6 e7c7 d1c3 f4g3 c4h4 f8g7 h4g3 g7h7 e6f5 h7h8
info depth 12 seldepth 26 multipv 1 score cp 259 nodes 16454 hashfull 5 tbhits 0 pv g3g4 f4f3 e2f3 f8g7 f3e2 h6f4 c4e4 e7f6 c6c7
info depth 13 seldepth 18 multipv 1 score cp 309 nodes 41747 hashfull 15 tbhits 0 pv d5e6 d6d5 c4d5 b8d8 d5e5 h6g7 e5f4 f8e8 f4e4 d8d4 e4g6 e8d8
bestmove d5e6 ponder d6d5
info depth 1 seldepth 3 multipv 1 score cp 181 nodes 25 hashfull 0 tbhits 0 pv a5a6
info depth 2 seldepth 5 multipv 1 score cp 184 nodes 78 hashfull 0 tbhits 0 pv f2f4 e5f6
info depth 3 seldepth 5 multipv 1 score cp 202 nodes 145 hashfull 0 tbhits 0 pv a5a6
info depth 4 seldepth 5 multipv 1 score cp 269 nodes 224 hashfull 0 tbhits 0 pv a5a6
info depth 5 seldepth 6 multipv 1 score cp 241 nodes 343 hashfull 0 tbhits 0 pv f2f4
info depth 6 seldepth 8 multipv 1 score cp 199 nodes 712 hashfull 0 tbhits 0 pv f2f4 e5f6 a5a6 b3b8 g1f2 b8a8
info depth 7 seldepth 12 multipv 1 score cp 229 nodes 974 hashfull 0 tbhits 0 pv a5a6 b3b1 g1g2 b1b8 f2f4 e5f6
info depth 8 seldepth 9 multipv 1 score cp 255 nodes 1215 hashfull 0 tbhits 0 pv a5a6 b3b1 g1g2 b1b8 a6a7 b8a8 f2f4 e5f6
info depth 9 seldepth 14 multipv 1 score cp 226 nodes 2370 hashfull 0 tbhits 0 pv a5a6 b3b8 a6a7 b8a8 f2f4 e5f6 g3g4 g6g5 g1f2 g5f4 e3f4 f6d4 f2e2
info depth 10 seldepth 13 multipv 1 score cp 219 nodes 2576 hashfull 0 tbhits 0 pv a5a6 b3b8 a6a7 b8a8 f2f4 e5f6 g3g4 g6g5 g1f2 g8f8
info depth 11 seldepth 13 multipv 1 score cp 212 nodes 3329 hashfull 0 tbhits 0 pv a5a6 b3b8 a6a7 b8a8 f2f4 e5f6 g3g4 g6g5 g1f2 g8f8 f4g5 f6g5
info depth 12 seldepth 22 multipv 1 score cp 154 nodes 24825 hashfull 6 tbhits 0 pv f2f4 e5f6 a5a6 b3b8 d2a5 b8a8 a5c7 g8f8 a6a7 f8e8 c7b8 e8d7 a4a6 d7c8
info depth 13 seldepth 26 multipv 1 score cp 201 nodes 38710 hashfull 8 tbhits 0 pv a5a6 b3b8 d2a5 b8a8 a5c7 g8f8 a6a7 f8e8 f2f4 e5b2 c7b8 e8d8 a4a2 b2c3 a2a6 c5c4
bestmove a5a6 ponder b3b8
info depth 1 seldepth 3 multipv 1 score cp -7 nodes 9 hashfull 0 tbhits 0 pv b3a4 a2a3
info depth 2 seldepth 3 multipv 1 score cp -7 nodes 18 hashfull 0 tbhits 0 pv b3a4 a2a3
info depth 3 seldepth 5 multipv 1 score cp -4 nodes 51 hashfull 0 tbhits 0 pv b3a4 a2a3
info depth 4 seldepth 6 multipv 1 score cp -4 nodes 367 hashfull 0 tbhits 0 pv b3a4 a2a3
info depth 5 seldepth 6 multipv 1 score cp 10 nodes 420 hashfull 0 tbhits 0 pv b3a4 a2b3
info depth 6 seldepth 7 multipv 1 score cp 13 nodes 590 hashfull 0 tbhits 0 pv b3a4 h3g4
info depth 7 seldepth 8 multipv 1 score cp 46 nodes 1275 hashfull 0 tbhits 0 pv b3a4 a2a3
info depth 8 seldepth 9 multipv 1 score cp 52 nodes 1801 hashfull 0 tbhits 0 pv b3a4 a2a3 a4a5 a3b4 a5a6 b4c5
info depth 9 seldepth 9 multipv 1 score cp 74 nodes 2923 hashfull 0 tbhits 0 pv b3a4 a2a3 a4a5 a3b4
info depth 10 seldepth 10 multipv 1 score cp 111 nodes 5901 hashfull 0 tbhits 0 pv b3a4 a2a3 a4a5 a3b4
info depth 11 seldepth 10 multipv 1 score cp 112 nodes 9210 hashfull 1 tbhits 0 pv b3a4 h3g4 g1f2 g4d1 a4a5 d1a4 a5a6 a4c6
info depth 12 seldepth 22 multipv 1 score cp 148 nodes 30612 hashfull 5 tbhits 0 pv b3a4 h3g4 g1f2 g4d1 a4a5 d1a4 h7g8 a2a3 g8d5 a4b5 d5b7 a3b4
info depth 13 seldepth 27 multipv 1 score cp 24 nodes 94061 hashfull 26 tbhits 0 pv b3a4 d7d5 h7g6 d5d4 g1f2 d4d3 f2e3 a2a3 e3d3 h3g2
bestmove b3a4 ponder d7d5
info depth 1 seldepth 3 multipv 1 score cp 27 nodes 45 hashfull 0 tbhits 0 pv g3d6
info depth 2 seldepth 3 multipv 1 score cp 39 nodes 91 hashfull 0 tbhits 0 pv g3d6
info depth 3 seldepth 5 multipv 1 score cp 50 nodes 154 hashfull 0 tbhits 0 pv g3d6 a7a8
info depth 4 seldepth 11 multipv 1 score cp 51 nodes 1264 hashfull 0 tbhits 0 pv g3d6 a7a4
info depth 5 seldepth 10 multipv 1 score cp 38 nodes 2259 hashfull 0 tbhits 0 pv g3h2 f8f7 h2g3 a7a8
info depth 6 seldepth 10 multipv 1 score cp 38 nodes 2547 hashfull 0 tbhits 0 pv g3h2 f5f7
info depth 7 seldepth 10 multipv 1 score cp 37 nodes 4646 hashfull 1 tbhits 0 pv g3h2 f8f7
info depth 8 seldepth 13 multipv 1 score cp 42 nodes 8089 hashfull 4 tbhits 0 pv g3h2 f8a8 h2d6 a7f7 d6c6 f5f2 b2b3
info depth 9 seldepth 12 multipv 1 score cp 47 nodes 10454 hashfull 4 tbhits 0 pv g3h2 a7f7 a3a4 b5a4 a1a4
info depth 10 seldepth 15 multipv 1 score cp 48 nodes 16585 hashfull 5 tbhits 0 pv g3h2 a7f7 a3a4 b5a4 b2a3 f7a7
info depth 11 seldepth 24 multipv 1 score cp 51 nodes 29282 hashfull 8 tbhits 0 pv g3h2 a7f7 a3a4 b5a4 a1h1 a4a3 b2a1 f5f3 h2d6 f8c8 h1c1
info depth 12 seldepth 22 multipv 1 score cp 55 nodes 38673 hashfull 11 tbhits 0 pv g3h2 f8a8 h6g6 h7g6 a3a4 a7h7 h2d6 h7f7 a1h1 f5f2 e3f2 f7f2 b2b1
info depth 13 seldepth 26 multipv 1 score cp 21 nodes 112503 hashfull 33 tbhits 0 pv g3h2 f8d8 a1h1 a7g7 a3a4 b5a4 b2b1 a4a3 b1a2 d8f8 h1b1 g7a7
bestmove g3h2 ponder f8d8
info depth 1 seldepth 6 multipv 1 score cp 9 nodes 90 hashfull 0 tbhits 0 pv f3d5 g4e6
info depth 2 seldepth 6 multipv 1 score cp -16 nodes 455 hashfull 0 tbhits 0 pv h1h2 c5d4
info depth 3 seldepth 5 multipv 1 score cp -100 nodes 1580 hashfull 0 tbhits 0 pv f3g4 h5g4 d3c4
info depth 4 seldepth 9 multipv 1 score cp -44 nodes 1709 hashfull 0 tbhits 0 pv h1h2
info depth 5 seldepth 9 multipv 1 score cp -29 nodes 1868 hashfull 0 tbhits 0 pv h1h2
info depth 6 seldepth 10 multipv 1 score cp -108 nodes 4807 hashfull 0 tbhits 0 pv f3d5 g8g7 g1f3 g4f3 d5f3 c5d4
info depth 7 seldepth 13 multipv 1 score cp -106 nodes 9601 hashfull 2 tbhits 0 pv h1h2 c5d4 f3d5 g8g7 e5e6 d7c5 d3d4 g7g6 g1h3 f8f1
info depth 8 seldepth 14 multipv 1 score cp -65 nodes 15024 hashfull 3 tbhits 0 pv h1h2 c5d4 d2b4 e7h7 d3b3 g8h8 b4f8 d7f8 f3d5
info depth 9 seldepth 14 multipv 1 score cp -77 nodes 19653 hashfull 4 tbhits 0 pv h1h2 c5d4 d2b4 e7h7 d3b3 g4e6 f3d5 h7f7 d5e6 f7e6 b4f8
info depth 10 seldepth 20 multipv 1 score cp -86 nodes 27485 hashfull 7 tbhits 0 pv h1h2 c5d4 d2b4 e7h7 f3d5 g8h8 b4f8 h7d3 c2d3 d7f8 d5b7 a6a5 g1f3 g4f3 b7f3 f8g6
info depth 11 seldepth 17 multipv 1 score cp -80 nodes 28157 hashfull 7 tbhits 0 pv h1h2 c5d4 d2b4 e7h7 d3b3 g4e6 f3d5 h7f7 d5e6 f7e6 b3e6 e8e6 b4f8 g8f8
info depth 12 seldepth 27 multipv 1 score cp -64 nodes 37092 hashfull 10 tbhits 0 pv h1h2 c5d4 d2b4 e7h7 d3b3 h7f7 f3d5 g4e6 d5e6 f7e6 b3e6 e8e6 b4f8 d7f8 g1f3 e6g6 f3d4
info depth 13 seldepth 40 multipv 1 score cp -80 nodes 91848 hashfull 27 tbhits 0 pv h1h2 c5d4 d2b4 e7h7 d3b3 h7f7 f3d5 g4e6 d5e6 f7e6 b3e6 e8e6 b4f8 d7f8 b2b4
bestmove h1h2 ponder c5d4
info depth 1 seldepth 5 multipv 1 score cp 68 nodes 49 hashfull 7 tbhits 0 pv f4f5 e6f5 g4f5
info depth 2 seldepth 5 multipv 1 score cp 68 nodes 151 hashfull 7 tbhits 0 pv f4f5 e6f5 g4f5
info depth 3 seldepth 5 multipv 1 score cp 68 nodes 223 hashfull 7 tbhits 0 pv f4f5 e6f5 g4f5
info depth 4 seldepth 9 multipv 1 score cp 38 nodes 1449 hashfull 7 tbhits 0 pv a1c1
info depth 5 seldepth 9 multipv 1 score cp 57 nodes 1982 hashfull 7 tbhits 0 pv f4f5 e6f5 g4f5
info depth 6 seldepth 11 multipv 1 score cp 43 nodes 4738 hashfull 9 tbhits 0 pv a1c1 a6b7 e4e5
info depth 7 seldepth 13 multipv 1 score cp 58 nodes 5344 hashfull 9 tbhits 0 pv f4f5 e8g8 d1d2
info depth 8 seldepth 11 multipv 1 score cp 72 nodes 5829 hashfull 9 tbhits 0 pv f4f5 e8g8 d1d2 a8c8
info depth 9 seldepth 7 multipv 1 score cp 88 nodes 7029 hashfull 10 tbhits 0 pv f4f5 e8g8 d1d2 a8e8
info depth 10 seldepth 15 multipv 1 score cp 86 nodes 10861 hashfull 12 tbhits 0 pv f4f5 e6f5 g4f5 e8g8 d1d2 a8c8 e3h6 f7f6 g1h1 f8f7 h6g7 f7g7
info depth 11 seldepth 19 multipv 1 score cp 100 nodes 12611 hashfull 12 tbhits 0 pv f4f5 e6f5 g4f5 e8g8 d1d2 a8c8 e3h6 f7f6 h6g7 g8g7 g1h1
info depth 12 seldepth 21 multipv 1 score cp 107 nodes 22931 hashfull 14 tbhits 0 pv f4f5 e6f5 g4f5 a8c8 e3g5 f7f6 g5f4 e8g8 d1b3 d6d5 e4d5 a6c4 b3c4 c8c4 d5d6
info depth 13 seldepth 23 multipv 1 score cp 104 nodes 60044 hashfull 28 tbhits 0 pv f4f5 e8g8 d1d2 e6f5 g4f5 f7f6 d4d5 g6f5 e4f5 g8h8 g1h1 f8g8 f1g1
bestmove f4f5 ponder e8g8
info depth 1 seldepth 2 multipv 1 score cp -162 nodes 35 hashfull 10 tbhits 0 pv h4h3
info depth 2 seldepth 3 multipv 1 score cp -171 nodes 97 hashfull 10 tbhits 0 pv f7f5
info depth 3 seldepth 4 multipv 1 score cp -157 nodes 175 hashfull 10 tbhits 0 pv f7f5 b6c8
info depth 4 seldepth 7 multipv 1 score cp -139 nodes 318 hashfull 10 tbhits 0 pv h4h3
info depth 5 seldepth 7 multipv 1 score cp -128 nodes 556 hashfull 10 tbhits 0 pv f7f5
info depth 6 seldepth 13 multipv 1 score cp -210 nodes 1489 hashfull 10 tbhits 0 pv g8h7 d8a8
info depth 7 seldepth 10 multipv 1 score cp -198 nodes 1633 hashfull 10 tbhits 0 pv g8h7 d8a8 h4h3 g2g4 h3h2 b1c1 f7f5 g5f6 g6f6
info depth 8 seldepth 10 multipv 1 score cp -198 nodes 1750 hashfull 10 tbhits 0 pv g8h7 d8a8 h4h3 g2g4 h3h2 b1c1 f7f5 g5f6 g6f6
info depth 9 seldepth 10 multipv 1 score cp -198 nodes 1892 hashfull 11 tbhits 0 pv g8h7 d8a8 h4h3 g2g4 h3h2 b1c1 f7f5 g5f6 g6f6
info depth 10 seldepth 17 multipv 1 score cp -202 nodes 8782 hashfull 16 tbhits 0 pv h4h3 g2g4 h3h2 g4g2 f7f5 g5f6 g6f6 d8a8
info depth 11 seldepth 16 multipv 1 score cp -211 nodes 10080 hashfull 16 tbhits 0 pv h4h3 g2g4 h3h2 b1f1 f7f5 g5f6 g6f6 d8a8 b7c7
info depth 12 seldepth 24 multipv 1 score cp -251 nodes 21297 hashfull 21 tbhits 0 pv h4h3 g2g4 g8h8 b1g1 h3h2 g1g2 h8h7
info depth 13 seldepth 26 multipv 1 score cp -242 nodes 37703 hashfull 27 tbhits 0 pv h4h3 g2g4 g8h7 b1g1 h3h2 g1g2 b5b4 e2a6 b7a7 b6c8 a7a8 d8c7 d6c8 a6c8 g6d6 c8f5 h7h8 c7c1 a8a5 g2h2 h5h2 h1h2
bestmove h4h3 ponder g2g4
info depth 1 seldepth 15 multipv 1 score cp 275 nodes 131 hashfull 87 tbhits 0 pv d3g3
info depth 2 seldepth 6 multipv 1 score cp 192 nodes 294 hashfull 87 tbhits 0 pv d3g3 c4b6
info depth 3 seldepth 10 multipv 1 score cp 157 nodes 803 hashfull 87 tbhits 0 pv e2h2 c4b6 d3g3
info depth 4 seldepth 7 multipv 1 score cp 163 nodes 946 hashfull 87 tbhits 0 pv e2h2 c4b6 d3g3
info depth 5 seldepth 12 multipv 1 score cp 145 nodes 2010 hashfull 87 tbhits 0 pv b6d7 g3e2 d7e5 g6f5 e5f7 f5e4 c2e2 e8f7
info depth 6 seldepth 7 multipv 1 score cp 143 nodes 2141 hashfull 87 tbhits 0 pv b6d7 g3e2 d7e5 g6f5 e5f7
info depth 7 seldepth 13 multipv 1 score cp 140 nodes 2387 hashfull 87 tbhits 0 pv b6d7 g3e2 d7e5 e2f4 b3c4 d5c4 d3g3 g6f5
info depth 8 seldepth 10 multipv 1 score cp 140 nodes 2483 hashfull 87 tbhits 0 pv b6d7 g3e2 d7e5 e2f4 b3c4 d5c4 d3g3 g6f5
info depth 9 seldepth 15 multipv 1 score cp 91 nodes 11284 hashfull 94 tbhits 0 pv b6d7 g3e2 e4d5 f7f5 c2c4 e6a6 d7e5
info depth 10 seldepth 19 multipv 1 score cp 63 nodes 48739 hashfull 107 tbhits 0 pv b6d7 g3e2 d7e5 c4e5 d4e5 g6f5 e4f5 e6e5 c2e2
info depth 11 seldepth 17 multipv 1 score cp 71 nodes 60602 hashfull 110 tbhits 0 pv b6d7 g3e2 d7c5 e2f4 b3a4 e8f8 c5e6 f4e6 e4d5 g6f5 c2c4 e6f4
info depth 12 seldepth 24 multipv 1 score cp 61 nodes 90380 hashfull 118 tbhits 0 pv b6d7 g3e2 d7c5 e2f4 b3c4 d5c4 d3a3 g6f5 e4f5
info depth 13 seldepth 22 multipv 1 score cp 39 nodes 311715 hashfull 199 tbhits 0 pv b6d7 g3e2 d7e5 c4e5 d4e5 g6f5 b3d5 f5e4 d5e6 e4d3 c2c8 e8e7
bestmove b6d7 ponder g3e2
info depth 1 seldepth 4 multipv 1 score cp -67 nodes 49 hashfull 10 tbhits 0 pv a5c4
info depth 2 seldepth 3 multipv 1 score cp -70 nodes 170 hashfull 10 tbhits 0 pv a5c4 d6d7
info depth 3 seldepth 5 multipv 1 score cp -66 nodes 302 hashfull 10 tbhits 0 pv g3b3 g7h6
info depth 4 seldepth 7 multipv 1 score cp -206 nodes 1549 hashfull 10 tbhits 0 pv d2a2
info depth 5 seldepth 9 multipv 1 score cp -124 nodes 2266 hashfull 10 tbhits 0 pv d2b4 d6c7 b4b3
info depth 6 seldepth 9 multipv 1 score cp -168 nodes 2770 hashfull 10 tbhits 0 pv g3b3 d6c7 d2b4
info depth 7 seldepth 11 multipv 1 score cp -140 nodes 3079 hashfull 10 tbhits 0 pv g3b3 d6c7 b1c1 e4e3 f2e3 d4e3 b3e3
info depth 8 seldepth 9 multipv 1 score cp -153 nodes 3175 hashfull 10 tbhits 0 pv g3b3 d6c7 b1c1 e4e3 f2e3 d4e3 b3e3 c7b6
info depth 9 seldepth 18 multipv 1 score cp -49 nodes 5585 hashfull 11 tbhits 0 pv g3b3 d6c7 b1c1 e4e3 f2e3 d4e3 d2e3 c7d7
info depth 10 seldepth 23 multipv 1 score cp -68 nodes 8249 hashfull 12 tbhits 0 pv g3b3 g7h6 d2b4 d6b4 b3b4 h6d2 b4b5 e4e3 f2e3 d4e3 a5c4 e3e2 c4d2 e2e1q b1e1 e6e1 g1f2
info depth 11 seldepth 24 multipv 1 score cp -62 nodes 20309 hashfull 16 tbhits 0 pv g3b3 g7h6 d2b4 d6b4 b3b4 h6d2 b4b5 e4e3 f2e3 d4e3 b5d5 e6e7 a5c4 e3e2 d5d2 e2e1q b1e1 e7e1 g1f2
info depth 12 seldepth 27 multipv 1 score cp -49 nodes 40128 hashfull 22 tbhits 0 pv g3b3 g7h6 d2b4 d6b4 b3b4 h6d2 b4a4 e4e3 a5c4 e3e2 c4d2 e2e1q b1e1 e6e1 g1h2 d4d3
info depth 13 seldepth 28 multipv 1 score cp -46 nodes 70924 hashfull 34 tbhits 0 pv g3b3 g7h6 d2b4 d6b4 b3b4 h6d2 b4a4 e4e3 a5c4 e6e7 a4a8 b8b7 b1b7 e7b7 f2e3 d4e3
bestmove g3b3 ponder g7h6
info depth 1 seldepth 4 multipv 1 score cp 3116 nodes 112 hashfull 20 tbhits 0 pv d6c4
info depth 2 seldepth 6 multipv 1 score cp 3488 nodes 225 hashfull 20 tbhits 0 pv d6c4 f6e4 c4b6 a8b8
info depth 3 seldepth 6 multipv 1 score cp 3488 nodes 303 hashfull 20 tbhits 0 pv d6c4 f6e4 c4b6 a8b8
info depth 4 seldepth 6 multipv 1 score cp 3247 nodes 385 hashfull 20 tbhits 0 pv d6c4 f6e4 c4b6 a8a7
info depth 5 seldepth 11 multipv 1 score cp 3398 nodes 791 hashfull 20 tbhits 0 pv d2c4 f6e4 c4b6 a8a7
info depth 6 seldepth 11 multipv 1 score cp 3455 nodes 1268 hashfull 20 tbhits 0 pv c3d5 f6e4 d5c7 a8a7
info depth 7 seldepth 16 multipv 1 score cp 3283 nodes 1788 hashfull 20 tbhits 0 pv c3d5 f6e4 d5c7 a8a7 d3e4 e7f5 e4f5
info depth 8 seldepth 10 multipv 1 score cp 2943 nodes 2264 hashfull 20 tbhits 0 pv f5e6 g5e4 d3e4
info depth 9 seldepth 14 multipv 1 score cp 3055 nodes 2683 hashfull 21 tbhits 0 pv d2c4 g5e4 c4b6 a8a7 f5e4
info depth 10 seldepth 15 multipv 1 score cp 3372 nodes 3019 hashfull 21 tbhits 0 pv d2c4 f6e4 c4b6 a8a7 d3e4 d5e4 f5e4
info depth 11 seldepth 20 multipv 1 score cp 3450 nodes 4023 hashfull 21 tbhits 0 pv d2c4 d5e4 c4b6 a8a7 d3e4 g5f3 e4f3
info depth 12 seldepth 18 multipv 1 score cp 3425 nodes 4637 hashfull 21 tbhits 0 pv d2c4 d5e4 c4b6 a8a7 d3e4 g5f3 b6c8 e7c8 d6c8 e6c8
info depth 13 seldepth 20 multipv 1 score cp 3341 nodes 5804 hashfull 22 tbhits 0 pv d2c4 d5e4 c4b6 a8b8 d3e4 e7f5 e4c6 f5e3 d4b4
bestmove d2c4 ponder d5e4
info depth 1 seldepth 13 multipv 1 score cp 1034 nodes 240 hashfull 2 tbhits 0 pv c3e1
info depth 2 seldepth 7 multipv 1 score cp 1217 nodes 363 hashfull 2 tbhits 0 pv c3e1 c1c5
info depth 3 seldepth 6 multipv 1 score cp 1036 nodes 637 hashfull 2 tbhits 0 pv c3e1 c1c5 a4c5 a1e5
info depth 4 seldepth 6 multipv 1 score cp 1036 nodes 758 hashfull 2 tbhits 0 pv c3e1 c1c5 a4c5 a1e5
info depth 5 seldepth 9 multipv 1 score cp 601 nodes 1305 hashfull 2 tbhits 0 pv c3e1 c1c5 a4c5 a1e5 e1d1
info depth 6 seldepth 9 multipv 1 score cp 657 nodes 1430 hashfull 2 tbhits 0 pv c3e1 c1c5 a4c5 a1e5 e1d1 b1a3
info depth 7 seldepth 13 multipv 1 score cp 509 nodes 2777 hashfull 3 tbhits 0 pv c3c1 a2c1 a5e1 a1e5
info depth 8 seldepth 10 multipv 1 score cp 606 nodes 3021 hashfull 3 tbhits 0 pv c3c1 a2c1 a5e1 a1e5 a3e3 h3h8 a8a7 g2e3
info depth 9 seldepth 12 multipv 1 score cp 514 nodes 3572 hashfull 3 tbhits 0 pv c3c1 a2c1 a5e1 a1e5 a3e3 h3h8 a8b7 g1e3 d5e3
info depth 10 seldepth 12 multipv 1 score cp 551 nodes 3931 hashfull 3 tbhits 0 pv c3c1 a2c1 a5e1 a1e5 a3e3 h3h8 a8b7 g1e3 d5e3 f1e3
info depth 11 seldepth 13 multipv 1 score cp 458 nodes 5736 hashfull 4 tbhits 0 pv c3c1 a2c1 a5e1 a1e5 a3e3 h3h8 a8b7 g1e3 d5e3 f1e3 c5e5
info depth 12 seldepth 15 multipv 1 score cp 467 nodes 7745 hashfull 5 tbhits 0 pv c3c1 a2c1 a5e1 a1e5 a3e3 g2e3 d5e3 g1e3 c5e5
info depth 13 seldepth 22 multipv 1 score cp 453 nodes 13075 hashfull 7 tbhits 0 pv c3e1 c1c5 a4c5 a1e5 a3e3 h3h8 a8b7 h8b8 b7c6 g2e1 e3e5 b8b5 c6b5 a2c3 d5c3 b1c3 a5c3 d1c3 b5c4 g1c5 e5e1
bestmove c3e1 ponder c1c5
info depth 1 seldepth 2 multipv 1 score cp 54 nodes 11 hashfull 6 tbhits 0 pv b1c2
info depth 2 seldepth 5 multipv 1 score cp 50 nodes 110 hashfull 6 tbhits 0 pv d1c3 g4g3 c3e2 f4f3
info depth 3 seldepth 6 multipv 1 score cp 52 nodes 325 hashfull 6 tbhits 0 pv d1c3
info depth 4 seldepth 8 multipv 1 score cp 17 nodes 705 hashfull 6 tbhits 0 pv d1f2 g4g3 f2h3 f4e4 h3g1 g3g2
info depth 5 seldepth 6 multipv 1 score cp 17 nodes 840 hashfull 6 tbhits 0 pv d1f2 g4g3 f2h3 f4e4 h3g1
info depth 6 seldepth 7 multipv 1 score cp 21 nodes 1336 hashfull 6 tbhits 0 pv d1f2 g4g3 f2h3 f4e4
info depth 7 seldepth 9 multipv 1 score cp 27 nodes 1505 hashfull 6 tbhits 0 pv d1f2 g4g3 f2h3 f4g4
info depth 8 seldepth 13 multipv 1 score cp 26 nodes 2664 hashfull 6 tbhits 0 pv d1f2 g4g3 f2h3 f4e4
info depth 9 seldepth 10 multipv 1 score cp 37 nodes 3036 hashfull 6 tbhits 0 pv d1f2 g4g3 f2h3 f4e4 b1c2
info depth 10 seldepth 16 multipv 1 score cp 64 nodes 5288 hashfull 6 tbhits 0 pv d1f2 g4g3 f2h3 f4e5
info depth 11 seldepth 23 multipv 1 score cp 68 nodes 10401 hashfull 7 tbhits 0 pv d1f2 g4g3 f2h3 f4e4
info depth 12 seldepth 21 multipv 1 score cp 119 nodes 17275 hashfull 9 tbhits 0 pv b1c2 g4g3 c2d3 g3g2 d1c3 f4e5
info depth 13 seldepth 27 multipv 1 score cp 124 nodes 32963 hashfull 12 tbhits 0 pv b1c2 g4g3 c2d3 g3g2 d1c3 g2g1n d3d4 f4f5 d4d5 f5f6 a3a4 f6e7 d5c6 e7d8 a4a5 d8c8 a5a6 g1f3
bestmove b1c2 ponder g4g3
info depth 1 seldepth 2 multipv 1 score cp 26 nodes 17 hashfull 3 tbhits 0 pv c1e2
info depth 2 seldepth 4 multipv 1 score cp 26 nodes 92 hashfull 3 tbhits 0 pv c1a2 h1g2
info depth 3 seldepth 5 multipv 1 score cp 22 nodes 145 hashfull 3 tbhits 0 pv d1c2
info depth 4 seldepth 6 multipv 1 score cp 27 nodes 481 hashfull 3 tbhits 0 pv c1a2 h1g1
info depth 5 seldepth 6 multipv 1 score cp 37 nodes 587 hashfull 3 tbhits 0 pv c1a2 h1g1
info depth 6 seldepth 8 multipv 1 score cp 42 nodes 1213 hashfull 3 tbhits 0 pv c1a2 h1h2 d1d2 h2h3 a2c3
info depth 7 seldepth 9 multipv 1 score cp 55 nodes 2380 hashfull 5 tbhits 0 pv c1a2 h1h2 d1e2 h2h3
info depth 8 seldepth 18 multipv 1 score cp 30 nodes 5377 hashfull 6 tbhits 0 pv c1a2 h1h2 d1e2 h2g1 f5h4 g1h2 e2f2 h2h3 h4g2
info depth 9 seldepth 13 multipv 1 score cp 45 nodes 6520 hashfull 7 tbhits 0 pv c1a2 h1g2
info depth 10 seldepth 13 multipv 1 score cp 61 nodes 7362 hashfull 7 tbhits 0 pv c1a2 h1g2 d1e2 g2h3
info depth 11 seldepth 21 multipv 1 score cp 62 nodes 9768 hashfull 8 tbhits 0 pv c1a2 h1h2 d1e2 h2g2 e2e3 g2h3 e3f3 h3h2 f5e3 h2h3
info depth 12 seldepth 24 multipv 1 score cp 57 nodes 16102 hashfull 10 tbhits 0 pv c1a2 h1h2 d1e2 h2g2 e2e3 g2g1 e3f3 g1f1 f5e3 f1e1 e3d5 e1d2 d5b4 d2e1 b4d3 e1f1 d3c1
info depth 13 seldepth 17 multipv 1 score cp 57 nodes 16409 hashfull 10 tbhits 0 pv c1a2 h1h2 d1e2 h2g2 e2e3 g2g1 e3f3 g1f1 f5e3 f1e1 e3d5 e1d2 d5b4 d2e1 b4d3 e1f1
bestmove c1a2 ponder h1h2
info depth 1 seldepth 2 multipv 1 score cp 245 nodes 21 hashfull 5 tbhits 0 pv e2d3
info depth 2 seldepth 3 multipv 1 score cp 222 nodes 147 hashfull 5 tbhits 0 pv e3h6
info depth 3 seldepth 6 multipv 1 score cp 254 nodes 325 hashfull 5 tbhits 0 pv e2d3
info depth 4 seldepth 7 multipv 1 score cp 285 nodes 944 hashfull 5 tbhits 0 pv c1b2 d7d6
info depth 5 seldepth 7 multipv 1 score cp 330 nodes 1678 hashfull 5 tbhits 0 pv c1b2 d7d6 f2g3 d6e6
info depth 6 seldepth 7 multipv 1 score cp 351 nodes 2223 hashfull 5 tbhits 0 pv e2d3
info depth 7 seldepth 9 multipv 1 score cp 323 nodes 2736 hashfull 6 tbhits 0 pv e2d3 d7d6
info depth 8 seldepth 10 multipv 1 score cp 365 nodes 3174 hashfull 6 tbhits 0 pv c1b2 d7d6 e2d3 d6e6 e3h6 e6f5
info depth 9 seldepth 10 multipv 1 score cp 367 nodes 3655 hashfull 6 tbhits 0 pv e2d3 d7d6 c1b2
info depth 10 seldepth 12 multipv 1 score cp 328 nodes 5139 hashfull 7 tbhits 0 pv e2f3 d7c8 c1b2 c8d7
info depth 11 seldepth 15 multipv 1 score cp 333 nodes 7662 hashfull 7 tbhits 0 pv e2d3 d7d6 c1b2 d6e6 d3e4
info depth 12 seldepth 16 multipv 1 score cp 327 nodes 13546 hashfull 8 tbhits 0 pv c1b2 d7e6 e2d3 e6f5 f2h4 f5g4 h4e7 g4f3 e7d8 f3g4 e3a7
info depth 13 seldepth 22 multipv 1 score cp 318 nodes 20041 hashfull 10 tbhits 0 pv e2d3 d7c6 e3g5 c6d5 g5d2 d5e6
bestmove e2d3 ponder d7c6
info depth 1 seldepth 2 multipv 1 score cp 63 nodes 22 hashfull 12 tbhits 0 pv b6b7
info depth 2 seldepth 4 multipv 1 score cp 124 nodes 52 hashfull 12 tbhits 0 pv b6b7
info depth 3 seldepth 7 multipv 1 score cp 57 nodes 495 hashfull 12 tbhits 0 pv e3f3 g5g1 c1c2
info depth 4 seldepth 8 multipv 1 score cp 17 nodes 1588 hashfull 12 tbhits 0 pv e3e2 h2g3 e2e3 g3f4
info depth 5 seldepth 6 multipv 1 score cp 32 nodes 1734 hashfull 12 tbhits 0 pv c1d2 g5g8
info depth 6 seldepth 8 multipv 1 score cp 36 nodes 1960 hashfull 12 tbhits 0 pv b6b7
info depth 7 seldepth 8 multipv 1 score cp 61 nodes 2269 hashfull 12 tbhits 0 pv b6b7
info depth 8 seldepth 9 multipv 1 score cp 107 nodes 2469 hashfull 12 tbhits 0 pv c1d2 g5g8
info depth 9 seldepth 12 multipv 1 score cp 47 nodes 14446 hashfull 16 tbhits 0 pv e3e5 g5g1 c1c2 g1g6 b6b7
info depth 10 seldepth 12 multipv 1 score cp 64 nodes 15469 hashfull 16 tbhits 0 pv e3e5 g5g1 c1c2 g1g6
info depth 11 seldepth 15 multipv 1 score cp 80 nodes 20188 hashfull 17 tbhits 0 pv e3e5 g5g1 c1c2 g1g6
info depth 12 seldepth 17 multipv 1 score cp 118 nodes 43822 hashfull 20 tbhits 0 pv e3f3 h2g2 b6b7 g2f3 b7b8q g5g1 c1c2 g1g2 c2d3 f5f4 b8a8 f3g3
info depth 13 seldepth 32 multipv 1 score cp 110 nodes 61774 hashfull 24 tbhits 0 pv e3f3 h2g2 b6b7 g2f3 b7b8q g5g1 c1c2 g1g2 c2d3 f5f4 b8b3 f3g4 b3g8 g4h3 g8h7 h3g3 h7g6 g3h2 g6h6 h2g3 h6g5 g3h3 g5f4 g2g3 d3d2 g3g2 d2e3 g2g3 e3e4
bestmove e3f3 ponder h2g2
info depth 1 seldepth 4 multipv 1 score cp 155 nodes 8 hashfull 3 tbhits 0 pv b1c2
info depth 2 seldepth 4 multipv 1 score cp 200 nodes 21 hashfull 3 tbhits 0 pv b1c2
info depth 3 seldepth 4 multipv 1 score cp 218 nodes 52 hashfull 3 tbhits 0 pv b1c2 b5c5 c2d2
info depth 4 seldepth 8 multipv 1 score cp 47 nodes 254 hashfull 3 tbhits 0 pv b1c1
info depth 5 seldepth 8 multipv 1 score cp 165 nodes 684 hashfull 3 tbhits 0 pv b1a2 b5h5 g4g5 h5g5 h7h8q
info depth 6 seldepth 7 multipv 1 score cp 180 nodes 808 hashfull 3 tbhits 0 pv b1a2 b5h5 g4g5 h5g5
info depth 7 seldepth 12 multipv 1 score cp 72 nodes 1956 hashfull 4 tbhits 0 pv b1a2 b5h5 g4g5 h5g5 h7h8q g5c5 h8a8 a5b5
info depth 8 seldepth 17 multipv 1 score cp 53 nodes 10092 hashfull 7 tbhits 0 pv b1a2 b5h5 g4g5 h5g5 h7h8q g5b5 h8h6 b5c5 h6e6 a5b5 a2b3 c5c6 e6e7
info depth 9 seldepth 24 multipv 1 score cp 75 nodes 15577 hashfull 8 tbhits 0 pv b1a2 b5h5 g4g5 h5g5 h7h8q g5b5 h8h6 b5b6
info depth 10 seldepth 17 multipv 1 score cp 66 nodes 15712 hashfull 8 tbhits 0 pv b1a2 b5h5 g4g5 h5g5 h7h8q g5b5 h8h6 b5c5 h6e3 a5b6 a2b3 b6c6 e3f3 c6b6 f3f2 b6c6
info depth 11 seldepth 12 multipv 1 score cp 66 nodes 15804 hashfull 8 tbhits 0 pv b1a2 b5h5 g4g5 h5g5 h7h8q g5b5 h8h6 b5c5 h6e3 a5b6 a2b3
info depth 12 seldepth 13 multipv 1 score cp 66 nodes 17150 hashfull 8 tbhits 0 pv b1a2 b5h5 g4g5 h5g5 h7h8q g5b5 h8h6 b5c5 h6e3 a5b6 a2b3 b6c6
info depth 13 seldepth 15 multipv 1 score cp 66 nodes 17368 hashfull 8 tbhits 0 pv b1a2 b5h5 g4g5 h5g5 h7h8q g5b5 h8h6 b5c5 h6e3 a5b6 a2b3 b6c6 e3f3 c6b6
bestmove b1a2 ponder b5h5
info depth 1 seldepth 3 multipv 1 score cp -12 nodes 12 hashfull 5 tbhits 0 pv f1d2 b1a2
info depth 2 seldepth 3 multipv 1 score cp -62 nodes 127 hashfull 5 tbhits 0 pv f1d2 b1c2
info depth 3 seldepth 5 multipv 1 score cp -271 nodes 584 hashfull 5 tbhits 0 pv f1d2 b1c2 d2f1
info depth 4 seldepth 5 multipv 1 score cp -124 nodes 639 hashfull 5 tbhits 0 pv f1d2 b1c2
info depth 5 seldepth 7 multipv 1 score cp -109 nodes 726 hashfull 5 tbhits 0 pv f1d2 b1c2 d2f3 d6d7
info depth 6 seldepth 7 multipv 1 score cp -114 nodes 806 hashfull 5 tbhits 0 pv f1d2 b1c2 d2f3 d6d7 f3d4 c2d3
info depth 7 seldepth 9 multipv 1 score cp -107 nodes 933 hashfull 5 tbhits 0 pv f1d2 b1c2 d2e4 d6d7 b4b3 c2c1
info depth 8 seldepth 9 multipv 1 score cp -83 nodes 1305 hashfull 5 tbhits 0 pv f1d2 b1c1
info depth 9 seldepth 20 multipv 1 score cp -281 nodes 13361 hashfull 7 tbhits 0 pv f1d2 b1a2 b4b3 a2a1 h6g5 d6d7 g5f4 d7d8q f4e3 d8b6 e3d3
info depth 10 seldepth 12 multipv 1 score cp -289 nodes 13422 hashfull 7 tbhits 0 pv f1d2 b1a2 b4b3 a2a1 h6g5 d6d7 g5f4 d7d8q f4e3 d8f6
info depth 11 seldepth 16 multipv 1 score cp -307 nodes 13587 hashfull 7 tbhits 0 pv f1d2 b1a2 b4b3 a2a1 h6g5 d6d7 g5f4 d7d8q f4e3 d8g5 e3e2
info depth 12 seldepth 18 multipv 1 score cp -298 nodes 14460 hashfull 8 tbhits 0 pv f1d2 b1a2 b4b3 a2a1 h6g5 d6d7 g5f4 d7d8q f4e3 d8a5 e3e2 a5d5
info depth 13 seldepth 18 multipv 1 score cp -299 nodes 15258 hashfull 8 tbhits 0 pv f1d2 b1a2 b4b3 a2a1 h6g5 d6d7 g5f4 d7d8q f4e3 d8e8 e3f3 e8b5
bestmove f1d2 ponder b1a2
info depth 1 seldepth 4 multipv 1 score cp 104 nodes 33 hashfull 2 tbhits 0 pv h1h2
info depth 2 seldepth 4 multipv 1 score cp 144 nodes 67 hashfull 2 tbhits 0 pv h1h2
info depth 3 seldepth 4 multipv 1 score cp 167 nodes 111 hashfull 2 tbhits 0 pv h1h2 c6c1 a1a2
info depth 4 seldepth 6 multipv 1 score cp 16 nodes 331 hashfull 2 tbhits 0 pv h1h2 c6c1 a1a2 c1c4 a2b1
info depth 5 seldepth 6 multipv 1 score cp 161 nodes 418 hashfull 2 tbhits 0 pv h1h2
info depth 6 seldepth 7 multipv 1 score cp 163 nodes 523 hashfull 2 tbhits 0 pv h1h2 c6c1 a1a2 c1c4 b2b3 c4d4
info depth 7 seldepth 9 multipv 1 score cp -14 nodes 1717 hashfull 2 tbhits 0 pv h1h2 g4g3 h2e2 c6c1 a1a2 c1c4 a2a1 c4e2
info depth 8 seldepth 16 multipv 1 score cp 0 nodes 6673 hashfull 3 tbhits 0 pv h1h2 g4g3 h2h5 c6c1 a1a2 c1c4 a2a3 c4d3 a3a2
info depth 9 seldepth 10 multipv 1 score cp 0 nodes 10687 hashfull 3 tbhits 0 pv h1h2 g4g3 h2h5 c6c1 a1a2 c1c4 a2a3 c4f4
info depth 10 seldepth 16 multipv 1 score cp 0 nodes 13693 hashfull 4 tbhits 0 pv h1h2 g4g3 h2h5 c6c1 a1a2 c1c4 a2a3 c4d3 a3a2
info depth 11 seldepth 12 multipv 1 score cp 0 nodes 13870 hashfull 4 tbhits 0 pv h1h2 g4g3 h2h5 c6c1 a1a2 c1c4 a2a3 c4d3 a3a2
info depth 12 seldepth 14 multipv 1 score cp 0 nodes 14061 hashfull 4 tbhits 0 pv h1h2 g4g3 h2h5 c6c1 a1a2 c1c4 a2a3 c4d3 a3a2
info depth 13 seldepth 16 multipv 1 score cp 0 nodes 14332 hashfull 4 tbhits 0 pv h1h2 g4g3 h2h5 c6c1 a1a2 c1c4 a2a3 c4d3 a3a2
bestmove h1h2 ponder g4g3
info depth 1 seldepth 5 multipv 1 score cp -99 nodes 66 hashfull 28 tbhits 0 pv h4h1 e3g1
info depth 2 seldepth 5 multipv 1 score cp -99 nodes 133 hashfull 28 tbhits 0 pv h4h1 e3g1
info depth 3 seldepth 7 multipv 1 score cp -119 nodes 514 hashfull 28 tbhits 0 pv h4h1 e3g1 a5b4 b2b4
info depth 4 seldepth 7 multipv 1 score cp -63 nodes 596 hashfull 28 tbhits 0 pv h4h1 e3g1
info depth 5 seldepth 13 multipv 1 score cp -161 nodes 2363 hashfull 28 tbhits 0 pv h4h1 e3g1 a5b4 a3b4 e4e3 b4c5 e3d2 c5b6
info depth 6 seldepth 10 multipv 1 score cp -156 nodes 2596 hashfull 28 tbhits 0 pv h4h1 e3g1 a5b4 a3b4 e4e3 b4c5
info depth 7 seldepth 13 multipv 1 score cp -118 nodes 2783 hashfull 28 tbhits 0 pv h4h1 e3g1 a5b4 a3b4 h7h4 b4c5
info depth 8 seldepth 13 multipv 1 score cp 643 nodes 3204 hashfull 28 tbhits 0 pv h4f4 d4f3 h7h1 e3g1 h1g1 f1g1
info depth 9 seldepth 11 multipv 1 score cp 791 nodes 3462 hashfull 28 tbhits 0 pv h4f4 d4f3 h7h1 e3g1 h1g1 f1g1 c5e6 f3g5
info depth 10 seldepth 14 multipv 1 score mate 5 nodes 5412 hashfull 28 tbhits 0 pv h4f4 e2f3 f4e3 f3h5 h7h5 d4f3 h5h1 f3g1 h1g1
info depth 11 seldepth 10 multipv 1 score mate 5 nodes 5866 hashfull 28 tbhits 0 pv h4f4 e2f3 f4e3 f3h5 h7h5 d4f3 h5h1 f3g1 h1g1
info depth 12 seldepth 10 multipv 1 score mate 5 nodes 6424 hashfull 28 tbhits 0 pv h4f4 e2f3 f4e3 f3h5 h7h5 d4f3 h5h1 f3g1 h1g1
info depth 13 seldepth 10 multipv 1 score mate 5 nodes 7190 hashfull 28 tbhits 0 pv h4f4 e2f3 f4e3 f3h5 h7h5 d4f3 h5h1 f3g1 h1g1
bestmove h4f4 ponder e2f3
info depth 1 seldepth 6 multipv 1 score cp 759 nodes 54 hashfull 14 tbhits 0 pv g4f3 e7f6 f3f6 f7e8
info depth 2 seldepth 5 multipv 1 score cp 263 nodes 280 hashfull 14 tbhits 0 pv f1b1
info depth 3 seldepth 6 multipv 1 score cp 277 nodes 400 hashfull 14 tbhits 0 pv g3f3 f7e8 f1e1 e8d7
info depth 4 seldepth 7 multipv 1 score cp 338 nodes 560 hashfull 14 tbhits 0 pv c3c4 d5f5 g3f3
info depth 5 seldepth 9 multipv 1 score cp 397 nodes 712 hashfull 14 tbhits 0 pv c3c4 d5a5 g3f3 f7e8
info depth 6 seldepth 9 multipv 1 score cp 511 nodes 1095 hashfull 14 tbhits 0 pv c3c4 d5a5 d4d5 e6d5
info depth 7 seldepth 9 multipv 1 score cp 444 nodes 1246 hashfull 14 tbhits 0 pv c3c4 d5a5 d4d5 e6d5 g4h5 f7e6 h5h6 e6e5
info depth 8 seldepth 13 multipv 1 score cp 319 nodes 2339 hashfull 15 tbhits 0 pv c3c4 d5a5 d4d5 e6d5 g3f3 f7e8 e4f6 e7f6 f3f6 d5c4 f6f5 a5b4
info depth 9 seldepth 14 multipv 1 score cp 346 nodes 2918 hashfull 15 tbhits 0 pv c3c4 d5a5 d4d5 e6d5 g4h5 f7e6 g3g7 a5b4 h5g4 e6e5 g4g3 e5e4
info depth 10 seldepth 20 multipv 1 score cp 372 nodes 4021 hashfull 15 tbhits 0 pv c3c4 d5a5 d4d5 e6d5 g4h5 f7e6 f1b1 a5a2 h5h6 e6e5
info depth 11 seldepth 21 multipv 1 score cp 362 nodes 5821 hashfull 15 tbhits 0 pv c3c4 d5a5 d4d5 e6d5 g3f3 f7e8 e4f6 e7f6 f3f6 d5c4 g4g7 a5b4
info depth 12 seldepth 25 multipv 1 score cp 638 nodes 19444 hashfull 20 tbhits 0 pv c3c4 d5f5 g3f3 d8d4 f3f5 e6f5 g4f5 f7e8 c4c5
info depth 13 seldepth 16 multipv 1 score cp 640 nodes 20639 hashfull 21 tbhits 0 pv c3c4 d5f5 g3f3 d8d4 f3f5 e6f5 g4f5 f7e8 f5h5 e8d7 h5g4 d7c7
bestmove c3c4 ponder d5f5
info depth 0 score cp 0
bestmove (none)
info depth 0 score mate 0
bestmove (none)
info depth 1 seldepth 2 multipv 1 score cp 39 nodes 36 hashfull 7 tbhits 0 pv e1g2
info depth 2 seldepth 3 multipv 1 score cp 64 nodes 72 hashfull 7 tbhits 0 pv e1g2
info depth 3 seldepth 4 multipv 1 score cp 83 nodes 128 hashfull 7 tbhits 0 pv e1g2
info depth 4 seldepth 7 multipv 1 score cp 53 nodes 556 hashfull 7 tbhits 0 pv e7e3 f8e8 e3d3
info depth 5 seldepth 8 multipv 1 score cp 22 nodes 1247 hashfull 7 tbhits 0 pv e1g2
info depth 6 seldepth 10 multipv 1 score cp 14 nodes 2645 hashfull 7 tbhits 0 pv e7e3 f8e8 e3d3 g8h8
info depth 7 seldepth 9 multipv 1 score cp 20 nodes 2973 hashfull 7 tbhits 0 pv e7e3 f8e8 e3d3 g8h8
info depth 8 seldepth 9 multipv 1 score cp 27 nodes 3343 hashfull 7 tbhits 0 pv e7e3 f8e8 e3d3 g8h8
info depth 9 seldepth 10 multipv 1 score cp 37 nodes 4171 hashfull 7 tbhits 0 pv e7e3 f8e8 e3d3 g8h8
info depth 10 seldepth 11 multipv 1 score cp 55 nodes 5131 hashfull 8 tbhits 0 pv e7e3 f8e8 e3d3 g8h8
info depth 11 seldepth 12 multipv 1 score cp 83 nodes 7406 hashfull 8 tbhits 0 pv e7e3 b7b6 e1g2 f8e8 e3d3 g8h8
info depth 12 seldepth 18 multipv 1 score cp 2 nodes 24894 hashfull 14 tbhits 0 pv e7e3 b7b6 e1g2 c7c5 b2b3 f8e8 e3d3 g8h8 f2f3 d8e6 c2c3 h3h5 a1b2 a8b7 b1c2
info depth 13 seldepth 19 multipv 1 score cp 14 nodes 40020 hashfull 17 tbhits 0 pv e7e3 b7b6 e1g2 c7c5 f2f3 h3d7 d4c5 b6c5 e3c5 d6c4 b2b3
bestmove e7e3 ponder b7b6
info depth 1 seldepth 2 multipv 1 score cp 71 nodes 20 hashfull 14 tbhits 0 pv c2c4
info depth 2 seldepth 4 multipv 1 score cp 77 nodes 48 hashfull 14 tbhits 0 pv c2c4
info depth 3 seldepth 6 multipv 1 score cp 31 nodes 564 hashfull 14 tbhits 0 pv c2c4 c7c5
info depth 4 seldepth 6 multipv 1 score cp 1 nodes 1277 hashfull 14 tbhits 0 pv c2c4 g7g6 f1g1 c7c5 a1c2
info depth 5 seldepth 8 multipv 1 score cp 1 nodes 1912 hashfull 14 tbhits 0 pv c2c4 g7g6 g2g3 c7c5 a1c2 f8g8
info depth 6 seldepth 11 multipv 1 score cp -1 nodes 3700 hashfull 14 tbhits 0 pv c2c4 g7g6 g2g3 f8g8 a1c2 c7c6 f1g1 a8c7
info depth 7 seldepth 10 multipv 1 score cp -3 nodes 4126 hashfull 15 tbhits 0 pv g2g3 g7g6 f1g1 f8g8 c2c3 c7c6
info depth 8 seldepth 10 multipv 1 score cp 2 nodes 5016 hashfull 15 tbhits 0 pv g2g3 g7g6 f1g1 f8g8 c2c3
info depth 9 seldepth 13 multipv 1 score cp 11 nodes 7163 hashfull 16 tbhits 0 pv g2g3 g7g6 f1g1 f8g8 c2c3 e7e5 f2f4 e5f4 g3f4
info depth 10 seldepth 13 multipv 1 score cp 12 nodes 9504 hashfull 16 tbhits 0 pv g2g3 g7g6 f1g1 f8g8 d2d3
info depth 11 seldepth 13 multipv 1 score cp 34 nodes 12616 hashfull 17 tbhits 0 pv g2g3 g7g6 f1g1 f8g8
info depth 12 seldepth 18 multipv 1 score cp 32 nodes 39207 hashfull 29 tbhits 0 pv d2d4 g7g6 c2c3 c7c6 f1g1 a8b6 e2e4 d7d5 g2g3 d5e4 a1b3 f7f5 f2f3
info depth 13 seldepth 16 multipv 1 score cp 28 nodes 49002 hashfull 31 tbhits 0 pv d2d4 g7g6 c2c3 c7c6 f1g1 a8b6 e2e4 d7d5 f2f4 f8g8 d1f2 d5e4 b1e4 c8f5
bestmove d2d4 ponder g7g6
