1/51   depth=13  score=cp 27     nodes=8920      bestmove=e2e4
2/51   depth=13  score=cp -198   nodes=33937     bestmove=e2a6
3/51   depth=13  score=cp 5      nodes=352259    bestmove=b4f4
4/51   depth=13  score=cp 34     nodes=20459     bestmove=f5d3
5/51   depth=13  score=cp 55     nodes=4104      bestmove=f7e6
6/51   depth=13  score=cp 183    nodes=11153     bestmove=f4f3
7/51   depth=13  score=cp -25    nodes=13302     bestmove=b4b2
8/51   depth=13  score=cp 400    nodes=22391     bestmove=f4d6
9/51   depth=13  score=cp 60     nodes=34864     bestmove=f1f3
10/51  depth=13  score=cp 103    nodes=10190     bestmove=f4f6
11/51  depth=13  score=cp -154   nodes=28926     bestmove=e5g4
12/51  depth=13  score=cp 25     nodes=14568     bestmove=a2a4
13/51  depth=13  score=cp 334    nodes=14025     bestmove=c6c5
14/51  depth=13  score=cp -48    nodes=69504     bestmove=a4b5
15/51  depth=13  score=cp 153    nodes=16366     bestmove=e8d7
16/51  depth=13  score=cp 177    nodes=8491      bestmove=c5d5
17/51  depth=13  score=cp 9      nodes=35698     bestmove=e4f6
18/51  depth=13  score=cp 248    nodes=5885      bestmove=c4c5
19/51  depth=13  score=cp 105    nodes=29300     bestmove=g5f5
20/51  depth=13  score=cp 118    nodes=29631     bestmove=a4a5
21/51  depth=13  score=cp 48     nodes=25290     bestmove=e4e6
22/51  depth=13  score=cp 380    nodes=16483     bestmove=d5d6
23/51  depth=13  score=cp 212    nodes=8960      bestmove=f5f6
24/51  depth=13  score=cp 306    nodes=19242     bestmove=f4f5
25/51  depth=13  score=cp 91     nodes=4379      bestmove=c6a8
26/51  depth=13  score=cp -6     nodes=8177      bestmove=h4h3
27/51  depth=13  score=cp 251    nodes=16423     bestmove=e1e4
28/51  depth=13  score=cp 312    nodes=28979     bestmove=d5e6
29/51  depth=13  score=cp 245    nodes=14562     bestmove=f2f4
30/51  depth=13  score=cp 136    nodes=3931      bestmove=b3a4
31/51  depth=13  score=cp 0      nodes=62801     bestmove=g3d6
32/51  depth=13  score=cp -94    nodes=34182     bestmove=h1h2
33/51  depth=13  score=cp 112    nodes=42410     bestmove=f4f5
34/51  depth=13  score=cp -217   nodes=20306     bestmove=h4h3
35/51  depth=13  score=cp 49     nodes=128472    bestmove=b6d7
36/51  depth=13  score=cp -69    nodes=32759     bestmove=g3b3
37/51  depth=13  score=cp 1771   nodes=26282     bestmove=c5e6
38/51  depth=13  score=cp 807    nodes=9567      bestmove=c3e1
39/51  depth=13  score=cp 22     nodes=47249     bestmove=b1c1
40/51  depth=13  score=cp 76     nodes=12329     bestmove=c1a2
41/51  depth=13  score=cp 379    nodes=13975     bestmove=e2f3
42/51  depth=13  score=cp 126    nodes=8657      bestmove=e3f3
43/51  depth=13  score=cp 175    nodes=51389     bestmove=b1a2
44/51  depth=13  score=cp -299   nodes=9870      bestmove=f1d2
45/51  depth=13  score=cp 2      nodes=19735     bestmove=h1h2
46/51  depth=13  score=cp 1440   nodes=4105      bestmove=h4f4
47/51  depth=13  score=cp 403    nodes=10188     bestmove=c3c4
48/51  depth=0   score=cp 0      nodes=          bestmove=(none)
49/51  depth=0   score=mate 0    nodes=          bestmove=(none)
50/51  depth=13  score=cp -19    nodes=14849     bestmove=e7e3
51/51  depth=13  score=cp 17     nodes=36038     bestmove=f1g1
TOTAL nodes=1495562
