KQvK-wtm (win)   | Tablebases DTZ:    7 (1)
KQvK-btm (loss)  | Tablebases DTZ:  -10 (1)
KPvK-wtm (win)   | Tablebases DTZ:    3 (1)
KPvK-btm (draw)  | Tablebases DTZ:    0 (1)
KRvK-wtm (win)   | Tablebases DTZ:   19 (1)
KNvK-wtm (draw)  | Tablebases DTZ:    0 (1)
KBvK-wtm (draw)  | Tablebases DTZ:    0 (1)
KQvK cap->draw   | Tablebases DTZ:    0 (1)
KRvK cap->draw   | Tablebases DTZ:    0 (1)
