KQvK-wtm (win)   | Tablebases WDL:    2 (1)
KQvK-btm (loss)  | Tablebases WDL:   -2 (1)
KPvK-wtm (win)   | Tablebases WDL:    2 (1)
KPvK-btm (draw)  | Tablebases WDL:    0 (1)
KRvK-wtm (win)   | Tablebases WDL:    2 (1)
KNvK-wtm (draw)  | Tablebases WDL:    0 (1)
KBvK-wtm (draw)  | Tablebases WDL:    0 (1)
